ASxxxx Linker V03.00 + NoICE + sdld,  page 1.
Hexadecimal  [32-Bits]

Area                                    Addr        Size        Decimal Bytes (Attributes)
--------------------------------        ----        ----        ------- ----- ------------
.  .ABS.                            00000000    00000000 =           0. bytes (ABS,CON)

      Value  Global                              Global Defined In Module
      -----  --------------------------------   ------------------------
     00000000  .__.ABS.                           
     00000000  l__BSEG                         
     00000000  l__BSS                          
     00000000  l__CABS                         
     00000000  l__DABS                         
     00000000  l__HEADER                       
     00000000  l__HEAP                         
     00000000  s__CABS                         
     00000000  s__CABS0                        
     00000000  s__CABS1                        
     00000000  s__CABS2                        
     00000000  s__CABS3                        
     00000000  s__CABS4                        
     00000000  s__DABS                         
     00000000  s__HEADER                       
     00000000  s__HEADER0                      
     00000000  s__HEADER1                      
     00000000  s__HEADER2                      
     00000000  s__HEADER3                      
     00000000  s__HEADER4                      
     00000000  s__HEADER5                      
     00000001  l__GSFINAL                      
     00000003  l__HEADER3                      
     00000003  l__HEADER4                      
     00000006  l__HEADER0                      
     00000009  l__HEADER1                      
     0000000A  l__HEADER2                      
     0000000B  l__CABS2                        
     0000000E  l__CABS1                        
     0000000F  l__GSINIT                       
     00000010  l__CABS0                        
     00000010  l__CABS4                        
     00000028  l__CABS3                        
     0000012A  l__HEADER5                      
     0000017C  l__HOME                         
     00000200  s__CODE                         
     00000266  l__INITIALIZED                  
     00000266  l__INITIALIZER                  
     00000267  l__DATA                         
     00003783  l__BANK15                       
     00003C2B  l__BANK11                       
     00003EC1  l__CODE                         
     00003F51  l__BANK12                       
     00003F7E  l__BANK9                        
     00003FA9  l__BANK8                        
     00003FB1  l__BANK6                        
     00003FB3  l__BANK14                       
     00003FB5  l__BANK2                        
     00003FBD  l__BANK4                        
     00003FD0  l__BANK7                        
ASxxxx Linker V03.00 + NoICE + sdld,  page 2.
Hexadecimal  [32-Bits]

Area                                    Addr        Size        Decimal Bytes (Attributes)
--------------------------------        ----        ----        ------- ----- ------------
.  .ABS.                            00000000    00000000 =           0. bytes (ABS,CON)

      Value  Global                              Global Defined In Module
      -----  --------------------------------   ------------------------
     00003FDB  l__BANK5                        
     00003FE2  l__BANK10                       
     00003FEA  l__BANK13                       
     00003FED  l__BANK3                        
     000040C1  s__HOME                         
     0000423D  s__INITIALIZER                  
     000044A3  s__GSINIT                       
     000044B2  s__GSFINAL                      
     00008000  _SMS_SRAM                          SMSlib_PSGaiden
     00008000  s__BANK10                       
     00008000  s__BANK11                       
     00008000  s__BANK12                       
     00008000  s__BANK13                       
     00008000  s__BANK14                       
     00008000  s__BANK15                       
     00008000  s__BANK2                        
     00008000  s__BANK3                        
     00008000  s__BANK4                        
     00008000  s__BANK5                        
     00008000  s__BANK6                        
     00008000  s__BANK7                        
     00008000  s__BANK8                        
     00008000  s__BANK9                        
     0000C000  s__DATA                         
     0000C267  s__INITIALIZED                  
     0000C4CD  s__BSEG                         
     0000C4CD  s__BSS                          
     0000C4CD  s__HEAP                         
     0000FFFC  _SRAM_bank_to_be_mapped_on_slot2   SMSlib_PSGaiden
     0000FFFF  _ROM_bank_to_be_mapped_on_slot2    SMSlib_PSGaiden

ASxxxx Linker V03.00 + NoICE + sdld,  page 3.
Hexadecimal  [32-Bits]

Area                                    Addr        Size        Decimal Bytes (Attributes)
--------------------------------        ----        ----        ------- ----- ------------
_CODE                               00000200    00003EC1 =       16065. bytes (REL,CON)

      Value  Global                              Global Defined In Module
      -----  --------------------------------   ------------------------
     00000200  __clock                            crt0
     00000204  _exit                              crt0
     0000020A  _myRand                            main
     00000240  _changeBank                        main
     00000261  _DrawSpriteArray                   main
     000002B3  _DrawQuadSprite                    main
     00000318  _LoadSprite                        main
     0000033E  _LoadTiles                         main
     00000358  _LoadGraphics                      main
     00000387  _LoadBGPalette                     main
     0000039C  _LoadSpritePalette                 main
     000003AD  _InterruptHandler                  main
     000003B2  _InitConsole                       main
     000003D3  _fillBackground                    main
     000003F1  _ClearScreen                       main
     00000405  _UpdateScroll                      main
     0000041C  _WriteText                         main
     0000045D  _WriteNumber                       main
     000004C3  _ClearTiles                        main
     000004D4  _LoadFont                          main
     000004EA  _InitStage                         main
     0000051F  _checkgamepause                    main
     00000557  _UpdateStage                       main
     000005DA  _PlaySound                         main
     00000609  _PlayMusic                         main
     00000668  _UpdatePSG                         main
     0000068B  _ClearTimeredLabelLine             main
     000006AB  _RemoveTimeredLabel                main
     000006FE  _UpdateTimeredLabel                main
     00000723  _UpdateTimeredLabels               main
     0000073E  _InitTimeredLabel                  main
     00000792  _InitTimeredLabels                 main
     00000798  _getTileAt                         main
     000007EE  _SetMapLines                       main
     00000813  _SetStaticEnemies                  main
     0000082E  _DrawMap                           main
     000008BB  _InitMap                           main
     000008F6  _MoveMap                           main
     00000A5A  _InitScroller                      main
     00000A7A  _AddScrollers                      main
     00000A8F  _UpdateScroller                    main
     00000BE6  _updatescrollact                   main
     00000BF1  _UpdateBarrom                      main
     00000C4B  _DoBarrom                          main
     00000C51  _InitBarrom                        main
     00000C57  _RemoveExplosion                   main
     00000CB4  _UpdateExplosion                   main
     00000DB5  _InitExplosion                     main
     00000E03  _UpdateExplosions                  main
     00000E71  _InitExplosionSprite               main
ASxxxx Linker V03.00 + NoICE + sdld,  page 4.
Hexadecimal  [32-Bits]

Area                                    Addr        Size        Decimal Bytes (Attributes)
--------------------------------        ----        ----        ------- ----- ------------
_CODE                               00000200    00003EC1 =       16065. bytes (REL,CON)

      Value  Global                              Global Defined In Module
      -----  --------------------------------   ------------------------
     00000E96  _InitExplosions                    main
     00000EA4  _InitSpawnedExplosion              main
     00000EDE  _InitWarning                       main
     00000F09  _UpdateWarning                     main
     00000FA1  _UpdateIntroOvni                   main
     00000FF5  _InitIntroSidePlayer               main
     00001002  _UpdateIntroSidePlayer             main
     000010CF  _InitIntro3Object                  main
     000010DD  _DrawIntro3Object                  main
     0000114B  _UpdateIntro3Object1               main
     0000117B  _UpdateIntro3Object2               main
     000011AB  _UpdateIntro3Object3               main
     000011DB  _UpdateIntro3Object                main
     00001204  _InitStage3Star                    main
     0000123C  _checkEnemyPlayerShoot             main
     000012D8  _GetEnemyDirection                 main
     0000136B  _RemoveEnemy                       main
     0000142E  _KillEnemy                         main
     000014BB  _KillEnemies                       main
     00001508  _UpdateEnemy                       main
     00001563  _UpdateEnemies                     main
     00001586  _InitEnemy                         main
     0000163F  _InitEnemies                       main
     00001645  _InitScripts                       main
     0000164B  _InitScript                        main
     00001698  _RemoveScript                      main
     00001735  _UpdateScript                      main
     00001947  _UpdateScripts                     main
     0000196A  _InitMikGamesStage                 main
     000019E7  _InitLogoStage                     main
     00001AFE  _UpdateJukeboxInfo                 main
     00001CAA  _InitJukeboxStage                  main
     00001D50  _InitIntro1Stage                   main
     00001D92  _DoIntro2Scroll                    main
     00001DFD  _InitIntro2Stage                   main
     00001E3F  _InitIntro3Stage                   main
     00001E84  _InitIntro4Stage                   main
     00001E85  _InitFinishStage                   main
     00001E86  _InitIntroScroll                   main
     00001E92  _setIntroStageGraphics             main
     00001EB4  _InitIntroStage                    main
     00001F62  _UpdateSelectorMarks               main
     0000204A  _InitSelectorStage                 main
     0000213F  _InitGameoverStage                 main
     00002140  _InitStage5                        main
     000021B3  _InitEnemyshootSprites             main
     000021C6  _InitEnemyshootDirection           main
     00002211  _SpreadEnemyshootDirection         main
     00002253  _InitEnemyshootLaser               main
     000022A9  _InitEnemyshoot                    main
     000023A6  _CheckMapCollision                 main
ASxxxx Linker V03.00 + NoICE + sdld,  page 5.
Hexadecimal  [32-Bits]

Area                                    Addr        Size        Decimal Bytes (Attributes)
--------------------------------        ----        ----        ------- ----- ------------
_CODE                               00000200    00003EC1 =       16065. bytes (REL,CON)

      Value  Global                              Global Defined In Module
      -----  --------------------------------   ------------------------
     000023E0  _RemoveEnemyshoot                  main
     00002459  _UpdateEnemyshoot                  main
     00002525  _UpdateEnemyshoots                 main
     00002544  _InitEnemyshoots                   main
     0000254D  _KillEnemyshoots                   main
     00002553  _TestEnemyShoot                    main
     00002589  _TestEnemyShootOne                 main
     000025B3  _TestEnemyShootComplex             main
     000025ED  _DrawPlayerShoot                   main
     00002715  _InitPlayershootSprites            main
     00002728  _RemovePlayershoot                 main
     000027A1  _UpdatePlayershoot                 main
     00002904  _UpdatePlayershoots                main
     00002923  _InitPlayershoot                   main
     0000297E  _InitPlayershoots                  main
     00002987  _InitPowerupSprites                main
     0000299A  _InitPowerups                      main
     0000299D  _UpdatePowerup                     main
     00002A88  _InitPowerup                       main
     00002AD7  _RemovePlayer                      main
     00002B00  _CheckPlayerEnemyCollision         main
     00002B03  _CheckPlayerEnemyshootCollision    main
     00002B06  _UpdatePlayerIndicators            main
     00002B2C  _InitPlayer                        main
     00002B41  _InitPlayerSprite                  main
     00002B54  _DrawPlayer                        main
     00002B94  _MovePlayer                        main
     00002C75  _CheckShootPlayer                  main
     00002D1B  _UpdatePlayerState6                main
     00002D47  _UpdatePlayerState5                main
     00002D6B  _UpdatePlayerState4                main
     00002D8D  _UpdatePlayerState3                main
     00002DBD  _UpdatePlayerState2                main
     00002DD7  _UpdatePlayerState1                main
     00002DF3  _UpdatePlayer                      main
     00002E1C  _InitPlayerConstants               main
     00002E36  _InitStageSprite                   main
     00002E67  _InitStageSprites                  main
     00002E91  _UpdatePlayStage                   main
     00002EAE  _InitCustomStageData               main
     00002ED4  _InitStageData                     main
     00002FFE  _UpdateStagePassA                  main
     00003010  _UpdateStagePassB                  main
     00003013  _InitPlayStage                     main
     000030CD  _main                              main
     00003117  _PSGStop                           PSGlib
     0000313E  _PSGResume                         PSGlib
     0000318A  _PSGPlay                           PSGlib
     000031B7  _PSGCancelLoop                     PSGlib
     000031BD  _PSGPlayNoRepeat                   PSGlib
     000031CC  _PSGGetStatus                      PSGlib
ASxxxx Linker V03.00 + NoICE + sdld,  page 6.
Hexadecimal  [32-Bits]

Area                                    Addr        Size        Decimal Bytes (Attributes)
--------------------------------        ----        ----        ------- ----- ------------
_CODE                               00000200    00003EC1 =       16065. bytes (REL,CON)

      Value  Global                              Global Defined In Module
      -----  --------------------------------   ------------------------
     000031D4  _PSGSilenceChannels                PSGlib
     000031E5  _PSGRestoreVolumes                 PSGlib
     000032B6  _PSGSetMusicVolumeAttenuation      PSGlib
     0000337B  _PSGSFXStop                        PSGlib
     00003434  _PSGSFXPlay                        PSGlib
     00003481  _PSGSFXCancelLoop                  PSGlib
     00003487  _PSGSFXGetStatus                   PSGlib
     0000348F  _PSGSFXPlayLoop                    PSGlib
     000034A9  _PSGFrame                          PSGlib
     000035C2  _PSGSFXFrame                       PSGlib
     00003648  _devkit_SMS_init                   _sms_manager
     0000364B  _devkit_SMS_displayOn              _sms_manager
     00003651  _devkit_SMS_displayOff             _sms_manager
     00003657  _devkit_SMS_setBGScrollX           _sms_manager
     00003663  _devkit_SMS_setBGScrollY           _sms_manager
     0000366F  _devkit_SMS_setBackdropColor       _sms_manager
     0000367B  _devkit_SMS_useFirstHalfTilesfor   _sms_manager
     00003680  _devkit_SMS_useFirstHalfTilesfor   _sms_manager
     00003685  _devkit_SMS_setSpriteMode          _sms_manager
     00003691  _devkit_SMS_mapROMBank             _sms_manager
     0000369A  _devkit_SMS_VDPturnOnFeature       _sms_manager
     000036A1  _devkit_SMS_loadTileMap            _sms_manager
     000036D8  _devkit_SMS_loadPSGaidencompress   _sms_manager
     000036EE  _devkit_SMS_loadSTMcompressedTil   _sms_manager
     0000370F  _devkit_SMS_setBGPaletteColor      _sms_manager
     00003722  _devkit_SMS_setSpritePaletteColo   _sms_manager
     0000374A  _devkit_SMS_loadBGPalette          _sms_manager
     00003751  _devkit_SMS_loadSpritePalette      _sms_manager
     00003758  _devkit_SMS_setNextTileatXY        _sms_manager
     0000377C  _devkit_SMS_setTile                _sms_manager
     0000378A  _devkit_SMS_addSprite              _sms_manager
     000037A5  _devkit_SMS_initSprites            _sms_manager
     000037A8  _devkit_SMS_finalizeSprites        _sms_manager
     000037AB  _devkit_SMS_waitForVBlank          _sms_manager
     000037AE  _devkit_SMS_copySpritestoSAT       _sms_manager
     000037B1  _devkit_UNSAFE_SMS_copySpritesto   _sms_manager
     000037B4  _devkit_SMS_queryPauseRequested    _sms_manager
     000037B7  _devkit_SMS_resetPauseRequest      _sms_manager
     000037BA  _devkit_SMS_getKeysStatus          _sms_manager
     000037BD  _devkit_SMS_getKeysPressed         _sms_manager
     000037C0  _devkit_SMS_getKeysHeld            _sms_manager
     000037C3  _devkit_SMS_getKeysReleased        _sms_manager
     000037C6  _devkit_PORT_A_KEY_UP              _sms_manager
     000037CA  _devkit_PORT_A_KEY_DOWN            _sms_manager
     000037CE  _devkit_PORT_A_KEY_LEFT            _sms_manager
     000037D2  _devkit_PORT_A_KEY_RIGHT           _sms_manager
     000037D6  _devkit_PORT_A_KEY_1               _sms_manager
     000037DA  _devkit_PORT_A_KEY_2               _sms_manager
     000037DE  _devkit_SMS_VRAMmemcpy             _sms_manager
     000037FD  _devkit_SMS_VRAMmemcpy_brief       _sms_manager
     0000381B  _devkit_SMS_VRAMmemset             _sms_manager
ASxxxx Linker V03.00 + NoICE + sdld,  page 7.
Hexadecimal  [32-Bits]

Area                                    Addr        Size        Decimal Bytes (Attributes)
--------------------------------        ----        ----        ------- ----- ------------
_CODE                               00000200    00003EC1 =       16065. bytes (REL,CON)

      Value  Global                              Global Defined In Module
      -----  --------------------------------   ------------------------
     00003839  _devkit_SMS_VRAMmemsetW            _sms_manager
     00003858  _devkit_SMS_setLineInterruptHand   _sms_manager
     00003862  _devkit_SMS_setLineCounter         _sms_manager
     0000386E  _devkit_SMS_enableLineInterrupt    _sms_manager
     00003874  _devkit_SMS_disableLineInterrupt   _sms_manager
     0000387A  _devkit_VDPFEATURE_HIDEFIRSTCOL    _sms_manager
     0000387E  _devkit_VDPFEATURE_LEFTCOLBLANK    _sms_manager
     00003882  _devkit_SPRITEMODE_NORMAL          _sms_manager
     000038C6  _devkit_PSGPlay                    _snd_manager
     000038D0  _devkit_PSGCancelLoop              _snd_manager
     000038D3  _devkit_PSGPlayNoRepeat            _snd_manager
     000038DD  _devkit_PSGStop                    _snd_manager
     000038E0  _devkit_PSGResume                  _snd_manager
     000038E3  _devkit_PSGGetStatus               _snd_manager
     000038E6  _devkit_PSGSetMusicVolumeAttenua   _snd_manager
     000038F2  _devkit_PSGSFXPlay                 _snd_manager
     00003907  _devkit_PSGSFXPlayLoop             _snd_manager
     0000391C  _devkit_PSGSFXCancelLoop           _snd_manager
     0000391F  _devkit_PSGSFXStop                 _snd_manager
     00003922  _devkit_PSGSFXGetStatus            _snd_manager
     00003925  _devkit_PSGSilenceChannels         _snd_manager
     00003928  _devkit_PSGRestoreVolumes          _snd_manager
     0000392B  _devkit_PSGFrame                   _snd_manager
     0000392E  _devkit_PSGSFXFrame                _snd_manager
     00003931  _devkit_SFX_CHANNEL2               _snd_manager
     00003934  _devkit_SFX_CHANNEL3               _snd_manager
     00003937  _devkit_SFX_CHANNELS2AND3          _snd_manager
     0000393A  __divuint                          
     00003942  __divuchar                         
     00003949  __divu8                            
     0000394C  __divu16                           
     0000397B  _UNSAFE_SMS_copySpritestoSAT       SMSlib_UNSAFE
     00003993  _UNSAFE_SMS_VRAMmemcpy32           SMSlib_UNSAFE
     000039B0  _UNSAFE_SMS_VRAMmemcpy64           SMSlib_UNSAFE
     000039CD  _UNSAFE_SMS_VRAMmemcpy128          SMSlib_UNSAFE
     000039EA  _SMS_init                          SMSlib
     00003A3E  _VDPReg_init                       SMSlib
     00003A49  _SMS_VDPType                       SMSlib
     00003A51  _SMS_VDPturnOnFeature              SMSlib
     00003A68  _SMS_VDPturnOffFeature             SMSlib
     00003A81  _SMS_setBGScrollX                  SMSlib
     00003A8B  _SMS_setBGScrollY                  SMSlib
     00003A95  _SMS_setBackdropColor              SMSlib
     00003A9F  _SMS_useFirstHalfTilesforSprites   SMSlib
     00003AB3  _SMS_setSpriteMode                 SMSlib
     00003AF8  _SMS_setBGPaletteColor             SMSlib
     00003B0C  _SMS_setSpritePaletteColor         SMSlib
     00003B20  _SMS_loadBGPalette                 SMSlib
     00003B34  _SMS_loadSpritePalette             SMSlib
     00003B48  _SMS_setColor                      SMSlib
     00003B4C  _SMS_waitForVBlank                 SMSlib
ASxxxx Linker V03.00 + NoICE + sdld,  page 8.
Hexadecimal  [32-Bits]

Area                                    Addr        Size        Decimal Bytes (Attributes)
--------------------------------        ----        ----        ------- ----- ------------
_CODE                               00000200    00003EC1 =       16065. bytes (REL,CON)

      Value  Global                              Global Defined In Module
      -----  --------------------------------   ------------------------
     00003B59  _SMS_getKeysStatus                 SMSlib
     00003B5D  _SMS_getKeysPressed                SMSlib
     00003B7A  _SMS_getKeysHeld                   SMSlib
     00003B91  _SMS_getKeysReleased               SMSlib
     00003BAE  _SMS_queryPauseRequested           SMSlib
     00003BB6  _SMS_resetPauseRequest             SMSlib
     00003BBC  _SMS_setLineInterruptHandler       SMSlib
     00003BCD  _SMS_setLineCounter                SMSlib
     00003BDC  _SMS_getVCount                     SMSlib
     00003BE0  _SMS_getHCount                     SMSlib
     00003BE4  _SMS_isr                           SMSlib
     00003C1A  _SMS_nmi_isr                       SMSlib
     00003C2D  _SMS_VRAMmemset                    SMSlib_VRAMmemset
     00003C52  _SMS_VRAMmemsetW                   SMSlib_VRAMmemset
     00003C82  _SMS_initSprites                   SMSlib_sprite
     00003C88  _SMS_addSprite                     SMSlib_sprite
     00003CBB  _SMS_finalizeSprites               SMSlib_sprite
     00003CCD  _SMS_copySpritestoSAT              SMSlib_sprite
     00003CF6  __moduchar                         
     00003D02  __moduint                          
     00003D0D  _abs                               
     00003D19  __mulint                           
     00003D1F  __mul16                            
     00003D33  _SMS_VRAMmemcpy                    SMSlib_VRAMmemcpy
     00003D62  _SMS_VRAMmemcpy_brief              SMSlib_VRAMmemcpy
     00003D84  _SMS_loadSTMcompressedTileMapAre   SMSlib_STMcomp
     00003F65  ___sdcc_call_hl                    
     00003F66  _SMS_loadPSGaidencompressedTiles   SMSlib_PSGaiden
     00004047  _strlen                            
     00004056  ___sdcc_enter_ix                   
     00004060  __modschar                         
     0000406D  __modsint                          
     00004079  __divsint                          
     00004082  __divschar                         
     00004089  __div8                             
     0000408D  __div_signexte                     
     00004091  __div16                            
     000040B7  __get_remainder                    

ASxxxx Linker V03.00 + NoICE + sdld,  page 9.
Hexadecimal  [32-Bits]

Area                                    Addr        Size        Decimal Bytes (Attributes)
--------------------------------        ----        ----        ------- ----- ------------
_HEADER0                            00000000    00000006 =           6. bytes (ABS,CON)

      Value  Global                              Global Defined In Module
      -----  --------------------------------   ------------------------
     00000006  _SMS_crt0_RST08                    crt0

ASxxxx Linker V03.00 + NoICE + sdld,  page 10.
Hexadecimal  [32-Bits]

Area                                    Addr        Size        Decimal Bytes (Attributes)
--------------------------------        ----        ----        ------- ----- ------------
_HEADER1                            00000000    00000009 =           9. bytes (ABS,CON)

      Value  Global                              Global Defined In Module
      -----  --------------------------------   ------------------------
     00000011  _SMS_crt0_RST18                    crt0

ASxxxx Linker V03.00 + NoICE + sdld,  page 11.
Hexadecimal  [32-Bits]

Area                                    Addr        Size        Decimal Bytes (Attributes)
--------------------------------        ----        ----        ------- ----- ------------
_HEADER2                            00000000    0000000A =          10. bytes (ABS,CON)

      Value  Global                              Global Defined In Module
      -----  --------------------------------   ------------------------
ASxxxx Linker V03.00 + NoICE + sdld,  page 12.
Hexadecimal  [32-Bits]

Area                                    Addr        Size        Decimal Bytes (Attributes)
--------------------------------        ----        ----        ------- ----- ------------
_HEADER3                            00000000    00000003 =           3. bytes (ABS,CON)

      Value  Global                              Global Defined In Module
      -----  --------------------------------   ------------------------
ASxxxx Linker V03.00 + NoICE + sdld,  page 13.
Hexadecimal  [32-Bits]

Area                                    Addr        Size        Decimal Bytes (Attributes)
--------------------------------        ----        ----        ------- ----- ------------
_HEADER4                            00000000    00000003 =           3. bytes (ABS,CON)

      Value  Global                              Global Defined In Module
      -----  --------------------------------   ------------------------
ASxxxx Linker V03.00 + NoICE + sdld,  page 14.
Hexadecimal  [32-Bits]

Area                                    Addr        Size        Decimal Bytes (Attributes)
--------------------------------        ----        ----        ------- ----- ------------
_HEADER5                            00000000    0000012A =         298. bytes (ABS,CON)

      Value  Global                              Global Defined In Module
      -----  --------------------------------   ------------------------
     00000099  _OUTI128                           crt0
     00000119  _OUTI64                            crt0
     00000159  _OUTI32                            crt0
     00000199  _outi_block                        crt0

ASxxxx Linker V03.00 + NoICE + sdld,  page 15.
Hexadecimal  [32-Bits]

Area                                    Addr        Size        Decimal Bytes (Attributes)
--------------------------------        ----        ----        ------- ----- ------------
_HOME                               000040C1    0000017C =         380. bytes (REL,CON)

      Value  Global                              Global Defined In Module
      -----  --------------------------------   ------------------------
     000040C1  __mullong                          _mullong

ASxxxx Linker V03.00 + NoICE + sdld,  page 16.
Hexadecimal  [32-Bits]

Area                                    Addr        Size        Decimal Bytes (Attributes)
--------------------------------        ----        ----        ------- ----- ------------
_INITIALIZER                        0000423D    00000266 =         614. bytes (REL,CON)

      Value  Global                              Global Defined In Module
      -----  --------------------------------   ------------------------
ASxxxx Linker V03.00 + NoICE + sdld,  page 17.
Hexadecimal  [32-Bits]

Area                                    Addr        Size        Decimal Bytes (Attributes)
--------------------------------        ----        ----        ------- ----- ------------
_GSINIT                             000044A3    0000000F =          15. bytes (REL,CON)

      Value  Global                              Global Defined In Module
      -----  --------------------------------   ------------------------
     000044A3  gsinit                             crt0

ASxxxx Linker V03.00 + NoICE + sdld,  page 18.
Hexadecimal  [32-Bits]

Area                                    Addr        Size        Decimal Bytes (Attributes)
--------------------------------        ----        ----        ------- ----- ------------
_GSFINAL                            000044B2    00000001 =           1. bytes (REL,CON)

      Value  Global                              Global Defined In Module
      -----  --------------------------------   ------------------------
ASxxxx Linker V03.00 + NoICE + sdld,  page 19.
Hexadecimal  [32-Bits]

Area                                    Addr        Size        Decimal Bytes (Attributes)
--------------------------------        ----        ----        ------- ----- ------------
_DATA                               0000C000    00000267 =         615. bytes (REL,CON)

      Value  Global                              Global Defined In Module
      -----  --------------------------------   ------------------------
     0000C000  _keystatus                         main
     0000C002  _stageframe                        main
     0000C004  _stageframe2mod                    main
     0000C005  _stageframe4mod                    main
     0000C006  _sprite82anim                      main
     0000C007  _sprite164anim                     main
     0000C008  _basestage                         main
     0000C009  _playstage                         main
     0000C00A  _updateplaystage                   main
     0000C00B  _stagenum                          main
     0000C00C  _laststagenum                      main
     0000C00D  _numplayers                        main
     0000C00E  _exitplaystage                     main
     0000C00F  _gamelevel                         main
     0000C010  _gamestock                         main
     0000C011  _gamepause                         main
     0000C012  _playerx                           main
     0000C013  _playery                           main
     0000C014  _playertype                        main
     0000C015  _playercounter                     main
     0000C016  _playershootcounter                main
     0000C017  _playerside                        main
     0000C018  _playerspeed                       main
     0000C019  _playershootlevel                  main
     0000C01A  _playershootmax                    main
     0000C01B  _numplayershoots                   main
     0000C01C  _playershoots                      main
     0000C02B  _shootcount                        main
     0000C02C  _numenemyshoots                    main
     0000C02D  _enemyshoots                       main
     0000C05F  _playstageshootspeed               main
     0000C060  _numexplosions                     main
     0000C061  _explosions                        main
     0000C089  _numenemies                        main
     0000C08A  _enemies                           main
     0000C0E4  _maplines                          main
     0000C0E6  _maplineslength                    main
     0000C0E8  _maptiles                          main
     0000C0EA  _mappositionx                      main
     0000C0EC  _mappositiony                      main
     0000C0EE  _oldmappositiony                   main
     0000C0F0  _lastbank                          main
     0000C0F1  _mapstatics                        main
     0000C0F3  _mapstaticscount                   main
     0000C0F5  _mapstaticsbank                    main
     0000C0F6  _musicbank                         main
     0000C0F7  _mapbank                           main
     0000C0F8  _playstagebank                     main
     0000C0F9  _numscrolls                        main
     0000C0FA  _scrollactspeedy                   main
ASxxxx Linker V03.00 + NoICE + sdld,  page 20.
Hexadecimal  [32-Bits]

Area                                    Addr        Size        Decimal Bytes (Attributes)
--------------------------------        ----        ----        ------- ----- ------------
_DATA                               0000C000    00000267 =         615. bytes (REL,CON)

      Value  Global                              Global Defined In Module
      -----  --------------------------------   ------------------------
     0000C0FB  _scrollactspeedx                   main
     0000C0FC  _scrollact                         main
     0000C0FD  _scrolltimes                       main
     0000C0FF  _disablescroll                     main
     0000C100  _scrolls                           main
     0000C102  _numscripts                        main
     0000C103  _scripts                           main
     0000C123  _numtimeredlabels                  main
     0000C124  _timeredlabels                     main
     0000C12A  _introstageposx                    main
     0000C12C  _introstagevelx                    main
     0000C12E  _dojukebox                         main
     0000C12F  _spawnedexplosionposx              main
     0000C130  _spawnedexplosionposy              main
     0000C131  _spawnedexplosionwidth             main
     0000C132  _spawnedexplosionheight            main
     0000C133  _spawnedexplosiontime              main
     0000C134  _stage4playrays                    main
     0000C135  _numinterrupts                     main
     0000C136  _powerupx                          main
     0000C137  _powerupy                          main
     0000C138  _powerupt                          main
     0000C139  _powerupv                          main
     0000C13A  _powerupcounter                    main
     0000C13C  _lastplayedmusic                   main
     0000C13E  _lastplayedmusicbank               main
     0000C13F  _lastplayedmusiclooped             main
     0000C140  _stage8phase                       main
     0000C141  _barromtime                        main
     0000C142  _stage3stars                       main
     0000C154  _jukeboxselectedline               main
     0000C155  _jukeboxselectedsong               main
     0000C156  _jukeboxcheckkey                   main
     0000C157  _PSGMusicStatus                    PSGlib
     0000C158  _PSGMusicStart                     PSGlib
     0000C15A  _PSGMusicPointer                   PSGlib
     0000C15C  _PSGMusicLoopPoint                 PSGlib
     0000C15E  _PSGMusicSkipFrames                PSGlib
     0000C15F  _PSGLoopFlag                       PSGlib
     0000C160  _PSGMusicLastLatch                 PSGlib
     0000C161  _PSGMusicVolumeAttenuation         PSGlib
     0000C162  _PSGMusicSubstringLen              PSGlib
     0000C163  _PSGMusicSubstringRetAddr          PSGlib
     0000C165  _PSGChan0Volume                    PSGlib
     0000C166  _PSGChan1Volume                    PSGlib
     0000C167  _PSGChan2Volume                    PSGlib
     0000C168  _PSGChan3Volume                    PSGlib
     0000C169  _PSGChan2LowTone                   PSGlib
     0000C16A  _PSGChan2HighTone                  PSGlib
     0000C16B  _PSGChan3LowTone                   PSGlib
     0000C16C  _PSGChannel2SFX                    PSGlib
ASxxxx Linker V03.00 + NoICE + sdld,  page 21.
Hexadecimal  [32-Bits]

Area                                    Addr        Size        Decimal Bytes (Attributes)
--------------------------------        ----        ----        ------- ----- ------------
_DATA                               0000C000    00000267 =         615. bytes (REL,CON)

      Value  Global                              Global Defined In Module
      -----  --------------------------------   ------------------------
     0000C16D  _PSGChannel3SFX                    PSGlib
     0000C16E  _PSGSFXChan2Volume                 PSGlib
     0000C16F  _PSGSFXChan3Volume                 PSGlib
     0000C170  _PSGSFXStatus                      PSGlib
     0000C171  _PSGSFXStart                       PSGlib
     0000C173  _PSGSFXPointer                     PSGlib
     0000C175  _PSGSFXLoopPoint                   PSGlib
     0000C177  _PSGSFXSkipFrames                  PSGlib
     0000C178  _PSGSFXLoopFlag                    PSGlib
     0000C179  _PSGSFXSubstringLen                PSGlib
     0000C17A  _PSGSFXSubstringRetAddr            PSGlib
     0000C17C  _VDPBlank                          SMSlib
     0000C17D  _SMS_VDPFlags                      SMSlib
     0000C17E  _PauseRequested                    SMSlib
     0000C17F  _VDPType                           SMSlib
     0000C180  _KeysStatus                        SMSlib
     0000C182  _PreviousKeysStatus                SMSlib
     0000C184  _SMS_theLineInterruptHandler       SMSlib
     0000C186  _SpriteTableY                      SMSlib_sprite
     0000C1C6  _SpriteTableXN                     SMSlib_sprite
     0000C246  _SpriteNextFree                    SMSlib_sprite
     0000C247  _decompBuffer                      SMSlib_PSGaiden
ASxxxx Linker V03.00 + NoICE + sdld,  page 22.
Hexadecimal  [32-Bits]

Area                                    Addr        Size        Decimal Bytes (Attributes)
--------------------------------        ----        ----        ------- ----- ------------
_INITIALIZED                        0000C267    00000266 =         614. bytes (REL,CON)

      Value  Global                              Global Defined In Module
      -----  --------------------------------   ------------------------
     0000C267  _state                             main
     0000C26B  _barromx                           main
     0000C277  _barromy                           main
     0000C283  _jukebox_songs                     fixedbank
     0000C2AD  _jukebox_names                     fixedbank
     0000C2D7  _selectornamestage                 fixedbank
     0000C2E1  _intro1labels                      fixedbank
     0000C2ED  _intro3labels                      fixedbank
     0000C303  _finishlabels                      fixedbank
     0000C32B  _stagedatamarks                    fixedbank
     0000C333  _stageinitdata                     fixedbank
     0000C3B3  _ww2plane_patterns                 fixedbank
     0000C3BF  _spawners                          fixedbank
     0000C3EB  _imagepointers                     fixedbank
     0000C497  _monsterheadshootdirecionsx        fixedbank
     0000C4A7  _monsterheadshootdirecionsy        fixedbank
     0000C4B7  _difficultlabels                   fixedbank
     0000C4BB  _playerupdatefunctions             fixedbank
     0000C4C9  _VDPReg                            SMSlib
     0000C4CB  _spritesHeight                     SMSlib
     0000C4CC  _spritesWidth                      SMSlib
ASxxxx Linker V03.00 + NoICE + sdld,  page 23.
Hexadecimal  [32-Bits]

Area                                    Addr        Size        Decimal Bytes (Attributes)
--------------------------------        ----        ----        ------- ----- ------------
_BANK2                              00008000    00003FB5 =       16309. bytes (REL,CON)

      Value  Global                              Global Defined In Module
      -----  --------------------------------   ------------------------
     00008000  _bigexplosion_psgcompr             bank2
     000080A7  _ending_psg                        bank2
     0000A7F1  _enemybomb_psg                     bank2
     0000A809  _enemylaser_psg                    bank2
     0000A821  _explosion_psg                     bank2
     0000A83A  _font_psgcompr                     bank2
     0000AA09  _fortressdoor_psgcompr             bank2
     0000AA45  _mikgamestilemap_bin               bank2
     0000AAC5  _mikgamestiles_psgcompr            bank2
     0000ABC3  _pause_psg                         bank2
     0000ABE6  _persons_bin                       bank2
     0000ADDE  _persons_psgcompr                  bank2
     0000B849  _personspalette_bin                bank2
     0000B859  _playershoot_psg                   bank2
     0000B861  _powerup_psg                       bank2
     0000B88F  _ray_psg                           bank2
     0000B8B2  _selectorpalette_bin               bank2
     0000B8C2  _selectortiles_psgcompr            bank2
     0000BF84  _silence_psg                       bank2

ASxxxx Linker V03.00 + NoICE + sdld,  page 24.
Hexadecimal  [32-Bits]

Area                                    Addr        Size        Decimal Bytes (Attributes)
--------------------------------        ----        ----        ------- ----- ------------
_BANK3                              00008000    00003FED =       16365. bytes (REL,CON)

      Value  Global                              Global Defined In Module
      -----  --------------------------------   ------------------------
     00008000  _fortresssearch_psgcompr           bank3
     000082CF  _logopalette_bin                   bank3
     000082DF  _logotilemap_l                     bank3
     000082FB  _logotilemap_m                     bank3
     0000867B  _logotiles_psgcompr                bank3
     000090ED  _spacestation_psgcompr             bank3
     000091A8  _stage2palette_bin                 bank3
     000091B8  _stage2tilemap_l                   bank3
     000093B8  _stage2tilemap_m                   bank3
     0000B538  _stage2tiles_psgcompr              bank3
     0000BF8D  _ww2ship_psgcompr                  bank3

ASxxxx Linker V03.00 + NoICE + sdld,  page 25.
Hexadecimal  [32-Bits]

Area                                    Addr        Size        Decimal Bytes (Attributes)
--------------------------------        ----        ----        ------- ----- ------------
_BANK4                              00008000    00003FBD =       16317. bytes (REL,CON)

      Value  Global                              Global Defined In Module
      -----  --------------------------------   ------------------------
     00008000  _endingstagetilemap_bin            bank4
     000082C0  _endingstagetiles_psgcompr         bank4
     000082DC  _intro2_psg                        bank4
     00008B69  _introovni_psgcompr                bank4
     00008CA2  _introsideplayer_psgcompr          bank4
     00008D1A  _rectship_psgcompr                 bank4
     00008DBF  _select_psg                        bank4
     00008F67  _stage3_psg                        bank4
     0000A683  _stage4endboss_psgcompr            bank4
     0000A7F4  _stage4endbossb_psgcompr           bank4
     0000A824  _stage4endbossc_psgcompr           bank4
     0000A995  _stage4middleboss_psgcompr         bank4
     0000ABF0  _stage4palette_bin                 bank4
     0000AC00  _stage4tilemap_l                   bank4
     0000ACBD  _stage4tilemap_m                   bank4
     0000B4FD  _stage4tiles_psgcompr              bank4
     0000BC63  _vulcantank_psgcompr               bank4
     0000BE1B  _warning_psgcompr                  bank4
     0000BE9C  _waveship_psgcompr                 bank4

ASxxxx Linker V03.00 + NoICE + sdld,  page 26.
Hexadecimal  [32-Bits]

Area                                    Addr        Size        Decimal Bytes (Attributes)
--------------------------------        ----        ----        ------- ----- ------------
_BANK5                              00008000    00003FDB =       16347. bytes (REL,CON)

      Value  Global                              Global Defined In Module
      -----  --------------------------------   ------------------------
     00008000  _intro3_psg                        bank5
     00009310  _littleexplosion_psgcompr          bank5
     00009327  _monsterhead_psgcompr              bank5
     000095AA  _monstermissil_psgcompr            bank5
     00009734  _stage1_psg                        bank5
     0000BAAD  _stage7endboss_psgcompr            bank5
     0000BC36  _vulcanbird_psgcompr               bank5
     0000BE16  _vulcanlaser_psgcompr              bank5
     0000BE5C  _vulcanlava_psgcompr               bank5
     0000BED7  _vulcanvulcan_psgcompr             bank5
     0000BEFC  _ww2zeppelin_psgcompr              bank5

ASxxxx Linker V03.00 + NoICE + sdld,  page 27.
Hexadecimal  [32-Bits]

Area                                    Addr        Size        Decimal Bytes (Attributes)
--------------------------------        ----        ----        ------- ----- ------------
_BANK6                              00008000    00003FB1 =       16305. bytes (REL,CON)

      Value  Global                              Global Defined In Module
      -----  --------------------------------   ------------------------
     00008000  _bombship_psgcompr                 bank6
     00008118  _fortresscannon_psgcompr           bank6
     00008286  _logo_psg                          bank6
     00009B52  _spreadship_psgcompr               bank6
     00009BE5  _stage5palette_bin                 bank6
     00009BF5  _stage5tilemap_l                   bank6
     00009DAD  _stage5tilemap_m                   bank6
     0000AF6D  _stage5tiles_psgcompr              bank6
     0000B20C  _stage6palette_bin                 bank6
     0000B21C  _stage6tilemap_l                   bank6
     0000B24C  _stage6tilemap_m                   bank6
     0000B54C  _stage6tiles_psgcompr              bank6
     0000BD16  _turnship_psgcompr                 bank6
     0000BE74  _watertiles_bin                    bank6
     0000BF74  _ww2cloud_psgcompr                 bank6
ASxxxx Linker V03.00 + NoICE + sdld,  page 28.
Hexadecimal  [32-Bits]

Area                                    Addr        Size        Decimal Bytes (Attributes)
--------------------------------        ----        ----        ------- ----- ------------
_BANK7                              00008000    00003FD0 =       16336. bytes (REL,CON)

      Value  Global                              Global Defined In Module
      -----  --------------------------------   ------------------------
     00008000  _bone_psgcompr                     bank7
     0000811A  _cursors_psgcompr                  bank7
     00008125  _enemyshoot_psgcompr               bank7
     0000817E  _fortresswave_psgcompr             bank7
     000081EA  _stage3palette_bin                 bank7
     000081FA  _stage3tilemap_l                   bank7
     0000834E  _stage3tilemap_m                   bank7
     0000A9CE  _stage3tiles_psgcompr              bank7
     0000AC3D  _stage5endboss_psgcompr            bank7
     0000AF24  _stage6_psg                        bank7
     0000B760  _stage7animtiles_bin               bank7
     0000B860  _stage7animtilesc_bin              bank7
     0000B960  _stage7animtilesd_bin              bank7
     0000BA60  _stage7animtilese_bin              bank7
     0000BB60  _ww2plane_psgcompr                 bank7
     0000BE7E  _ww2tank_psgcompr                  bank7

ASxxxx Linker V03.00 + NoICE + sdld,  page 29.
Hexadecimal  [32-Bits]

Area                                    Addr        Size        Decimal Bytes (Attributes)
--------------------------------        ----        ----        ------- ----- ------------
_BANK8                              00008000    00003FA9 =       16297. bytes (REL,CON)

      Value  Global                              Global Defined In Module
      -----  --------------------------------   ------------------------
     00008000  _gameover_psg                      bank8
     00008240  _introstage1tilemap_bin            bank8
     000084C0  _introstage1tiles_psgcompr         bank8
     00008E29  _introstage2tilemap_bin            bank8
     000090E9  _introstage2tiles_psgcompr         bank8
     0000921B  _playershoot_psgcompr              bank8
     00009271  _stage4_psg                        bank8
     0000B9D0  _stage7a_psg                       bank8

ASxxxx Linker V03.00 + NoICE + sdld,  page 30.
Hexadecimal  [32-Bits]

Area                                    Addr        Size        Decimal Bytes (Attributes)
--------------------------------        ----        ----        ------- ----- ------------
_BANK9                              00008000    00003F7E =       16254. bytes (REL,CON)

      Value  Global                              Global Defined In Module
      -----  --------------------------------   ------------------------
     00008000  _afterboss_psg                     bank9
     0000823B  _firetiles_bin                     bank9
     0000863B  _fortressphantom_psgcompr          bank9
     000087BC  _norefuge_psg                      bank9
     00008921  _stage1endboss_psgcompr            bank9
     00008C09  _stage1middleboss_psgcompr         bank9
     00008E6B  _stage2endboss_psgcompr            bank9
     00009191  _stage7middleboss_psgcompr         bank9
     00009645  _stage7palette_bin                 bank9
     00009655  _stage7tilemap_l                   bank9
     00009835  _stage7tilemap_m                   bank9
     0000BAF5  _stage7tiles_psgcompr              bank9
ASxxxx Linker V03.00 + NoICE + sdld,  page 31.
Hexadecimal  [32-Bits]

Area                                    Addr        Size        Decimal Bytes (Attributes)
--------------------------------        ----        ----        ------- ----- ------------
_BANK10                             00008000    00003FE2 =       16354. bytes (REL,CON)

      Value  Global                              Global Defined In Module
      -----  --------------------------------   ------------------------
     00008000  _animtilestage1_bin                bank10
     00008080  _introstar_psgcompr                bank10
     0000808E  _powerup_psgcompr                  bank10
     00008133  _scrolltilestage1_bin              bank10
     000081F3  _skull_psgcompr                    bank10
     000084DB  _spaceanimtiles_bin                bank10
     0000869B  _spaceasteroidbig_psgcompr         bank10
     0000876D  _spaceasteroidlittle_psgcompr      bank10
     00008789  _spaceasteroidmedium_psgcompr      bank10
     000087F1  _stage1palette_bin                 bank10
     000087FA  _stage1tilemap_l                   bank10
     000089FA  _stage1tilemap_m                   bank10
     00009BFA  _stage1tiles_psgcompr              bank10
     00009C7C  _stage2_psg                        bank10
     0000BD04  _stage3endboss_psgcompr            bank10
     0000BEE0  _stage8lateral_psgcompr            bank10

ASxxxx Linker V03.00 + NoICE + sdld,  page 32.
Hexadecimal  [32-Bits]

Area                                    Addr        Size        Decimal Bytes (Attributes)
--------------------------------        ----        ----        ------- ----- ------------
_BANK11                             00008000    00003C2B =       15403. bytes (REL,CON)

      Value  Global                              Global Defined In Module
      -----  --------------------------------   ------------------------
     00008000  _spaceshooter_psgcompr             bank11
     00008144  _stage5_psg                        bank11
     00009E0B  _stage7_psg                        bank11
ASxxxx Linker V03.00 + NoICE + sdld,  page 33.
Hexadecimal  [32-Bits]

Area                                    Addr        Size        Decimal Bytes (Attributes)
--------------------------------        ----        ----        ------- ----- ------------
_BANK12                             00008000    00003F51 =       16209. bytes (REL,CON)

      Value  Global                              Global Defined In Module
      -----  --------------------------------   ------------------------
     00008000  _boss_psg                          bank12
     00009ABC  _escape_psg                        bank12
     0000A616  _flight_psg                        bank12
     0000B99E  _introstage3tilemap_bin            bank12
     0000BC9E  _introstage3tiles_psgcompr         bank12

ASxxxx Linker V03.00 + NoICE + sdld,  page 34.
Hexadecimal  [32-Bits]

Area                                    Addr        Size        Decimal Bytes (Attributes)
--------------------------------        ----        ----        ------- ----- ------------
_BANK13                             00008000    00003FEA =       16362. bytes (REL,CON)

      Value  Global                              Global Defined In Module
      -----  --------------------------------   ------------------------
     00008000  _monsterblob_psgcompr              bank13
     00008120  _skullb_psgcompr                   bank13
     00008428  _stage8_psg                        bank13
     0000A98C  _stage8animtilesamov_bin           bank13
     0000B08C  _stage8animtilesbmov_bin           bank13
     0000B78C  _stage8animtilescloudsmov_bin      bank13
     0000B88C  _stage8bossb_psgcompr              bank13
     0000BECA  _stage8bossc_psgcompr              bank13

ASxxxx Linker V03.00 + NoICE + sdld,  page 35.
Hexadecimal  [32-Bits]

Area                                    Addr        Size        Decimal Bytes (Attributes)
--------------------------------        ----        ----        ------- ----- ------------
_BANK14                             00008000    00003FB3 =       16307. bytes (REL,CON)

      Value  Global                              Global Defined In Module
      -----  --------------------------------   ------------------------
     00008000  _boss2_psg                         bank14
     00009930  _player_psgcompr                   bank14
     00009AA2  _stage8palette_bin                 bank14
     00009AB2  _stage8tilemap_l                   bank14
     00009CA6  _stage8tilemap_m                   bank14
     0000B766  _stage8tiles_psgcompr              bank14
     0000BD91  _vulcanstation_psgcompr            bank14

ASxxxx Linker V03.00 + NoICE + sdld,  page 36.
Hexadecimal  [32-Bits]

Area                                    Addr        Size        Decimal Bytes (Attributes)
--------------------------------        ----        ----        ------- ----- ------------
_BANK15                             00008000    00003783 =       14211. bytes (REL,CON)

      Value  Global                              Global Defined In Module
      -----  --------------------------------   ------------------------
     00008000  _playershootspeedsx                fixedbank
     00008004  _playershootspeedsy                fixedbank
     00008008  _stage6_fade_pink                  fixedbank
     00008010  _stage6_fade_blue                  fixedbank
     00008018  _skullshootvelx                    fixedbank
     0000801F  _skullshootvely                    fixedbank
     00008026  _skullbshootvelx                   fixedbank
     00008036  _skullbshootvely                   fixedbank
     00008046  _palette_bin                       fixedbank
     00008056  _stage4_stormpalette               fixedbank
     00008066  _stage4_seapalette                 fixedbank
     0000806A  _stage1_flashpalette               fixedbank
     00008072  _aracmovingx                       fixedbank
     0000807A  _aracmovingy                       fixedbank
     00008082  _aracmovingt                       fixedbank
     00008092  _crossamovingx                     fixedbank
     0000809A  _crossamovingy                     fixedbank
     000080A2  _crossamovingt                     fixedbank
     000080B2  _crossbmovingx                     fixedbank
     000080BA  _crossbmovingy                     fixedbank
     000080C2  _crossbmovingt                     fixedbank
     000080D2  _stage2endbossshootpatternx        fixedbank
     000080D8  _stage2endbossshootpatterny        fixedbank
     000080DE  _stage3enemylaserposx              fixedbank
     000080E6  _stage3enemylaserposy              fixedbank
     000080EE  _stage3laservelx                   fixedbank
     000080F6  _stage3laservely                   fixedbank
     000080FE  _Stage1MiddleBossBPatternX         fixedbank
     00008106  _Stage1MiddleBossBPatternY         fixedbank
     0000810E  _sinustable                        fixedbank
     0000820E  _jukebox_repeat                    fixedbank
     00008223  _jukebox_banks                     fixedbank
     00008238  _selectorstatebasetiles            fixedbank
     0000823D  _selectormarkx                     fixedbank
     00008241  _selectormarky                     fixedbank
     00008245  _selectormarkt                     fixedbank
     00008249  _intro4script                      fixedbank
     00008375  _intro1script                      fixedbank
     0000846F  _intro2script                      fixedbank
     0000850A  _intro3script                      fixedbank
     00008550  _finishscript                      fixedbank
     00008654  _ww2planemovementy                 fixedbank
     0000865C  _ww2planemovementx                 fixedbank
     00008664  _ww2plane_pattern_a                fixedbank
     00008672  _ww2plane_pattern_b                fixedbank
     00008680  _ww2plane_pattern_c                fixedbank
     00008692  _ww2plane_pattern_d                fixedbank
     000086A4  _ww2plane_pattern_e                fixedbank
     000086C2  _ww2plane_pattern_f                fixedbank
     000086E0  _span_waveship80_script            fixedbank
ASxxxx Linker V03.00 + NoICE + sdld,  page 37.
Hexadecimal  [32-Bits]

Area                                    Addr        Size        Decimal Bytes (Attributes)
--------------------------------        ----        ----        ------- ----- ------------
_BANK15                             00008000    00003783 =       14211. bytes (REL,CON)

      Value  Global                              Global Defined In Module
      -----  --------------------------------   ------------------------
     000086EF  _span_waveship160_script           fixedbank
     000086FE  _span_randomrectship_script        fixedbank
     00008720  _span_rectshiplateral_script       fixedbank
     00008742  _span_bombships_script             fixedbank
     00008755  _span_randomwaveship_script        fixedbank
     0000876D  _span_turnships_script             fixedbank
     0000879E  _span_spreadships_script           fixedbank
     000087AC  _stage4scriptc                     fixedbank
     000087C0  _stage4scriptb                     fixedbank
     0000880B  _stage4script                      fixedbank
     00008842  _span_ww2planea_script             fixedbank
     00008864  _span_ww2planeb_script             fixedbank
     00008886  _span_ww2planec_script             fixedbank
     000088A8  _span_ww2zeppelina_script          fixedbank
     000088BB  _stage5scriptc                     fixedbank
     000088CA  _stage5scriptb                     fixedbank
     000089B0  _stage5script                      fixedbank
     00008AB3  _stage5_statics                    fixedbank
     00008BED  _stage1_statics                    fixedbank
     0000921F  _stage2_statics                    fixedbank
     0000981F  _span_asteroids_full_script        fixedbank
     00009850  _span_asteroids_little_script      fixedbank
     00009872  _stage3scriptb                     fixedbank
     0000988B  _stage3script                      fixedbank
     000098B8  _stage3_statics                    fixedbank
     00009B30  _stage7_statics                    fixedbank
     00009EF0  _initenemyfunctions                fixedbank
     00009F5A  _updateenemyfunctions              fixedbank
     00009F8E  _updatestagefunctions              fixedbank
     00009F90  _initstagefunctions                fixedbank
     00009F96  _killenemyfunctions                fixedbank
     00009F98  _stage4_scrollers                  fixedbank
     0000A038  _stage1_scrollers                  fixedbank
     0000A060  _stage2_scrollers                  fixedbank
     0000A07E  _stage5_scrollers                  fixedbank
     0000A0A6  _stage3_scrollers                  fixedbank
     0000A0BA  _stage7_scrollers                  fixedbank
     0000A0CE  _stage6_scrollers                  fixedbank
     0000A0E2  _imagebases                        fixedbank
     0000A18E  _imagebanks                        fixedbank
     0000A1E4  _stage3spriteslist                 fixedbank
     0000A1F0  _stage1spriteslist                 fixedbank
     0000A1F8  _stage2spriteslist                 fixedbank
     0000A200  _stage7spriteslist                 fixedbank
     0000A206  _stage5spriteslist                 fixedbank
     0000A20C  _stage4spriteslist                 fixedbank
     0000A216  _stage6spriteslist                 fixedbank
     0000A219  _stage6script                      fixedbank
     0000A223  _stage6scriptb                     fixedbank
     0000A22D  _vulcantankshootspeedx             fixedbank
     0000A230  _vulcantankshootspeedy             fixedbank
ASxxxx Linker V03.00 + NoICE + sdld,  page 38.
Hexadecimal  [32-Bits]

Area                                    Addr        Size        Decimal Bytes (Attributes)
--------------------------------        ----        ----        ------- ----- ------------
_BANK15                             00008000    00003783 =       14211. bytes (REL,CON)

      Value  Global                              Global Defined In Module
      -----  --------------------------------   ------------------------
     0000A233  _vulcanstationshootspeedx          fixedbank
     0000A236  _vulcanstationshootspeedy          fixedbank
     0000A239  _stage8bosscshootspeedx            fixedbank
     0000A249  _stage8bosscshootspeedy            fixedbank
     0000A258  _stage8bossbshootspeedx            fixedbank
     0000A268  _stage8bossbshootspeedy            fixedbank
     0000A278  _checkcollisionfunctions           fixedbank
     0000A27A  _updateintro3objectfunctions       fixedbank
     0000A280  _stage8spriteslist                 fixedbank
     0000A287  _stage8_statics                    fixedbank
     0000A8C1  _stage8_scrollers                  fixedbank
     0000A8CB  _stage8animpalette                 fixedbank
     0000A8D9  _enemieswidth                      fixedbank
     0000A92F  _enemiesheight                     fixedbank
     0000A985  _enemiesenergy                     fixedbank
     0000A9DB  _intro1_psg                        fixedbank
ASxxxx Linker V03.00 + NoICE + sdld,  page 39.
Hexadecimal  [32-Bits]

Area                                    Addr        Size        Decimal Bytes (Attributes)
--------------------------------        ----        ----        ------- ----- ------------
_CABS0                              00000000    00000010 =          16. bytes (ABS,CON)

      Value  Global                              Global Defined In Module
      -----  --------------------------------   ------------------------
     00007FF0  ___SMS__SEGA_signature             _sms_manager

ASxxxx Linker V03.00 + NoICE + sdld,  page 40.
Hexadecimal  [32-Bits]

Area                                    Addr        Size        Decimal Bytes (Attributes)
--------------------------------        ----        ----        ------- ----- ------------
_CABS1                              00000000    0000000E =          14. bytes (ABS,CON)

      Value  Global                              Global Defined In Module
      -----  --------------------------------   ------------------------
     00007FD2  ___SMS__SDSC_author                _sms_manager

ASxxxx Linker V03.00 + NoICE + sdld,  page 41.
Hexadecimal  [32-Bits]

Area                                    Addr        Size        Decimal Bytes (Attributes)
--------------------------------        ----        ----        ------- ----- ------------
_CABS2                              00000000    0000000B =          11. bytes (ABS,CON)

      Value  Global                              Global Defined In Module
      -----  --------------------------------   ------------------------
     00007FC7  ___SMS__SDSC_name                  _sms_manager

ASxxxx Linker V03.00 + NoICE + sdld,  page 42.
Hexadecimal  [32-Bits]

Area                                    Addr        Size        Decimal Bytes (Attributes)
--------------------------------        ----        ----        ------- ----- ------------
_CABS3                              00000000    00000028 =          40. bytes (ABS,CON)

      Value  Global                              Global Defined In Module
      -----  --------------------------------   ------------------------
     00007F9F  ___SMS__SDSC_descr                 _sms_manager

ASxxxx Linker V03.00 + NoICE + sdld,  page 43.
Hexadecimal  [32-Bits]

Area                                    Addr        Size        Decimal Bytes (Attributes)
--------------------------------        ----        ----        ------- ----- ------------
_CABS4                              00000000    00000010 =          16. bytes (ABS,CON)

      Value  Global                              Global Defined In Module
      -----  --------------------------------   ------------------------
     00007FE0  ___SMS__SDSC_signature             _sms_manager

ASxxxx Linker V03.00 + NoICE + sdld,  page 44.

Files Linked                              [ module(s) ]

..\crt0\crt0_sms.rel                      [ crt0 ]
main.rel                                  [ main ]
..\lib\PSGlib.rel                         [ PSGlib ]
banks\bank2.rel                           [ bank2 ]
banks\bank3.rel                           [ bank3 ]
banks\bank4.rel                           [ bank4 ]
banks\bank5.rel                           [ bank5 ]
banks\bank6.rel                           [ bank6 ]
banks\bank7.rel                           [ bank7 ]
banks\bank8.rel                           [ bank8 ]
banks\bank9.rel                           [ bank9 ]
banks\bank10.rel                          [ bank10 ]
banks\bank11.rel                          [ bank11 ]
banks\bank12.rel                          [ bank12 ]
banks\bank13.rel                          [ bank13 ]
banks\bank14.rel                          [ bank14 ]
banks\fixedbank.rel                       [ fixedbank ]
devkit\_sms_manager.rel                   [ _sms_manager ]
devkit\_snd_manager.rel                   [ _snd_manager ]


Libraries Linked                          [ object file ]

C:\Program Files\SDCC\bin\..\lib\z80/z80.lib
                                          [ divunsigned.rel ]
..\lib\SMSlib.lib                         [ SMSlib_UNSAFE.rel ]
..\lib\SMSlib.lib                         [ SMSlib.rel ]
..\lib\SMSlib.lib                         [ SMSlib_VRAMmemset.rel ]
..\lib\SMSlib.lib                         [ SMSlib_sprite.rel ]
C:\Program Files\SDCC\bin\..\lib\z80/z80.lib
                                          [ modunsigned.rel ]
C:\Program Files\SDCC\bin\..\lib\z80/z80.lib
                                          [ abs.rel ]
C:\Program Files\SDCC\bin\..\lib\z80/z80.lib
                                          [ mul.rel ]
..\lib\SMSlib.lib                         [ SMSlib_VRAMmemcpy.rel ]
..\lib\SMSlib.lib                         [ SMSlib_STMcomp.rel ]
C:\Program Files\SDCC\bin\..\lib\z80/z80.lib
                                          [ __sdcc_call_hl.rel ]
..\lib\SMSlib.lib                         [ SMSlib_PSGaiden.rel ]
C:\Program Files\SDCC\bin\..\lib\z80/z80.lib
                                          [ strlen.rel ]
C:\Program Files\SDCC\bin\..\lib\z80/z80.lib
                                          [ crtenter.rel ]
C:\Program Files\SDCC\bin\..\lib\z80/z80.lib
                                          [ _mullong.rel ]
C:\Program Files\SDCC\bin\..\lib\z80/z80.lib
                                          [ modsigned.rel ]
C:\Program Files\SDCC\bin\..\lib\z80/z80.lib
                                          [ divsigned.rel ]

ASxxxx Linker V03.00 + NoICE + sdld,  page 45.

User Base Address Definitions

_CODE = 0x0200
_DATA = 0xc000
_BANK2=0x8000
_BANK3=0x8000
_BANK4=0x8000
_BANK5=0x8000
_BANK6=0x8000
_BANK7=0x8000
_BANK8=0x8000
_BANK9=0x8000
_BANK10=0x8000
_BANK11=0x8000
_BANK12=0x8000
_BANK13=0x8000
_BANK14=0x8000
_BANK15=0x8000

