ASxxxx Linker V03.00 + NoICE + sdld,  page 1.
Hexadecimal  [32-Bits]

Area                                    Addr        Size        Decimal Bytes (Attributes)
--------------------------------        ----        ----        ------- ----- ------------
.  .ABS.                            00000000    00000000 =           0. bytes (ABS,CON)

      Value  Global                              Global Defined In Module
      -----  --------------------------------   ------------------------
     00000000  .__.ABS.                           
     00000000  l__BSEG                         
     00000000  l__BSS                          
     00000000  l__CABS                         
     00000000  l__DABS                         
     00000000  l__HEADER                       
     00000000  l__HEAP                         
     00000000  l__HOME                         
     00000000  s__CABS                         
     00000000  s__CABS0                        
     00000000  s__CABS1                        
     00000000  s__CABS2                        
     00000000  s__CABS3                        
     00000000  s__CABS4                        
     00000000  s__DABS                         
     00000000  s__HEADER                       
     00000000  s__HEADER0                      
     00000000  s__HEADER1                      
     00000000  s__HEADER2                      
     00000000  s__HEADER3                      
     00000000  s__HEADER4                      
     00000000  s__HEADER5                      
     00000001  l__GSFINAL                      
     00000003  l__HEADER3                      
     00000003  l__HEADER4                      
     00000004  l__INITIALIZED                  
     00000004  l__INITIALIZER                  
     00000006  l__HEADER0                      
     00000009  l__HEADER1                      
     0000000A  l__CABS2                        
     0000000A  l__HEADER2                      
     0000000E  l__CABS1                        
     0000000F  l__GSINIT                       
     00000010  l__CABS0                        
     00000010  l__CABS4                        
     00000033  l__CABS3                        
     00000110  l__DATA                         
     0000012A  l__HEADER5                      
     00000200  s__CODE                         
     00000D2F  l__CODE                         
     00000F2F  s__HOME                         
     00000F2F  s__INITIALIZER                  
     00000F33  s__GSINIT                       
     00000F42  s__GSFINAL                      
     00008000  _SMS_SRAM                          SMSlib_PSGaiden
     0000C000  s__DATA                         
     0000C110  s__INITIALIZED                  
     0000C114  s__BSEG                         
     0000C114  s__BSS                          
     0000C114  s__HEAP                         
ASxxxx Linker V03.00 + NoICE + sdld,  page 2.
Hexadecimal  [32-Bits]

Area                                    Addr        Size        Decimal Bytes (Attributes)
--------------------------------        ----        ----        ------- ----- ------------
.  .ABS.                            00000000    00000000 =           0. bytes (ABS,CON)

      Value  Global                              Global Defined In Module
      -----  --------------------------------   ------------------------
     0000FFFC  _SRAM_bank_to_be_mapped_on_slot2   SMSlib_PSGaiden
     0000FFFF  _ROM_bank_to_be_mapped_on_slot2    SMSlib_PSGaiden

ASxxxx Linker V03.00 + NoICE + sdld,  page 3.
Hexadecimal  [32-Bits]

Area                                    Addr        Size        Decimal Bytes (Attributes)
--------------------------------        ----        ----        ------- ----- ------------
_CODE                               00000200    00000D2F =        3375. bytes (REL,CON)

      Value  Global                              Global Defined In Module
      -----  --------------------------------   ------------------------
     00000200  __clock                            crt0
     00000204  _exit                              crt0
     0000020A  _main                              main
     00000221  _devkit_SMS_init                   _sms_manager
     00000224  _devkit_SMS_displayOn              _sms_manager
     0000022A  _devkit_SMS_displayOff             _sms_manager
     00000230  _devkit_SMS_mapROMBank             _sms_manager
     00000239  _devkit_SMS_enableSRAM             _sms_manager
     0000023F  _devkit_SMS_enableSRAMBank         _sms_manager
     0000024E  _devkit_SMS_disableSRAM            _sms_manager
     00000254  _devkit_SMS_SRAM                   _sms_manager
     00000258  _devkit_SMS_setSpriteMode          _sms_manager
     00000264  _devkit_SMS_useFirstHalfTilesfor   _sms_manager
     00000269  _devkit_SMS_useFirstHalfTilesfor   _sms_manager
     0000026E  _devkit_SMS_VDPturnOnFeature       _sms_manager
     00000275  _devkit_SMS_loadPSGaidencompress   _sms_manager
     0000028B  _devkit_SMS_loadSTMcompressedTil   _sms_manager
     000002AC  _devkit_SMS_loadBGPalette          _sms_manager
     000002B3  _devkit_SMS_loadSpritePalette      _sms_manager
     000002BA  _devkit_SMS_setSpritePaletteColo   _sms_manager
     000002E2  _devkit_SMS_setNextTileatXY        _sms_manager
     00000306  _devkit_SMS_setTile                _sms_manager
     0000030D  _devkit_SMS_setTilePriority        _sms_manager
     0000031E  _devkit_SMS_addSprite              _sms_manager
     00000339  _devkit_SMS_initSprites            _sms_manager
     0000033C  _devkit_SMS_finalizeSprites        _sms_manager
     0000033F  _devkit_SMS_waitForVBlank          _sms_manager
     00000342  _devkit_SMS_copySpritestoSAT       _sms_manager
     00000345  _devkit_UNSAFE_SMS_copySpritesto   _sms_manager
     00000348  _devkit_SMS_queryPauseRequested    _sms_manager
     0000034B  _devkit_SMS_resetPauseRequest      _sms_manager
     0000034E  _devkit_isCollisionDetected        _sms_manager
     00000355  _devkit_SMS_getKeysStatus          _sms_manager
     00000358  _devkit_SPRITEMODE_NORMAL          _sms_manager
     0000035B  _devkit_VDPFEATURE_HIDEFIRSTCOL    _sms_manager
     0000035F  _devkit_TILE_PRIORITY              _sms_manager
     00000363  _devkit_TILE_USE_SPRITE_PALETTE    _sms_manager
     000003B2  _devkit_PSGPlay                    _snd_manager
     000003BC  _devkit_PSGPlayNoRepeat            _snd_manager
     000003C6  _devkit_PSGStop                    _snd_manager
     000003C9  _devkit_PSGResume                  _snd_manager
     000003CC  _devkit_PSGGetStatus               _snd_manager
     000003CF  _devkit_PSGSetMusicVolumeAttenua   _snd_manager
     000003DB  _devkit_PSGSFXPlay                 _snd_manager
     000003F0  _devkit_PSGSFXStop                 _snd_manager
     000003F3  _devkit_PSGSFXGetStatus            _snd_manager
     000003F6  _devkit_PSGSilenceChannels         _snd_manager
     000003F9  _devkit_PSGRestoreVolumes          _snd_manager
     000003FC  _devkit_PSGFrame                   _snd_manager
     000003FF  _devkit_PSGSFXFrame                _snd_manager
ASxxxx Linker V03.00 + NoICE + sdld,  page 4.
Hexadecimal  [32-Bits]

Area                                    Addr        Size        Decimal Bytes (Attributes)
--------------------------------        ----        ----        ------- ----- ------------
_CODE                               00000200    00000D2F =        3375. bytes (REL,CON)

      Value  Global                              Global Defined In Module
      -----  --------------------------------   ------------------------
     00000402  _devkit_SFX_CHANNEL2               _snd_manager
     00000405  _devkit_SFX_CHANNEL3               _snd_manager
     00000408  _devkit_SFX_CHANNELS2AND3          _snd_manager
     0000040B  _PSGStop                           PSGlib
     00000432  _PSGResume                         PSGlib
     0000047E  _PSGPlay                           PSGlib
     000004AB  _PSGCancelLoop                     PSGlib
     000004B1  _PSGPlayNoRepeat                   PSGlib
     000004C0  _PSGGetStatus                      PSGlib
     000004C8  _PSGSilenceChannels                PSGlib
     000004D9  _PSGRestoreVolumes                 PSGlib
     000005AA  _PSGSetMusicVolumeAttenuation      PSGlib
     0000066F  _PSGSFXStop                        PSGlib
     00000728  _PSGSFXPlay                        PSGlib
     00000775  _PSGSFXCancelLoop                  PSGlib
     0000077B  _PSGSFXGetStatus                   PSGlib
     00000783  _PSGSFXPlayLoop                    PSGlib
     0000079D  _PSGFrame                          PSGlib
     000008B6  _PSGSFXFrame                       PSGlib
     0000093C  _UNSAFE_SMS_copySpritestoSAT       SMSlib_UNSAFE
     00000954  _UNSAFE_SMS_VRAMmemcpy32           SMSlib_UNSAFE
     00000971  _UNSAFE_SMS_VRAMmemcpy64           SMSlib_UNSAFE
     0000098E  _UNSAFE_SMS_VRAMmemcpy128          SMSlib_UNSAFE
     000009AB  _SMS_init                          SMSlib
     000009FF  _VDPReg_init                       SMSlib
     00000A0A  _SMS_VDPType                       SMSlib
     00000A12  _SMS_VDPturnOnFeature              SMSlib
     00000A29  _SMS_VDPturnOffFeature             SMSlib
     00000A42  _SMS_setBGScrollX                  SMSlib
     00000A4C  _SMS_setBGScrollY                  SMSlib
     00000A56  _SMS_setBackdropColor              SMSlib
     00000A60  _SMS_useFirstHalfTilesforSprites   SMSlib
     00000A74  _SMS_setSpriteMode                 SMSlib
     00000AB9  _SMS_setBGPaletteColor             SMSlib
     00000ACD  _SMS_setSpritePaletteColor         SMSlib
     00000AE1  _SMS_loadBGPalette                 SMSlib
     00000AF5  _SMS_loadSpritePalette             SMSlib
     00000B09  _SMS_setColor                      SMSlib
     00000B0D  _SMS_waitForVBlank                 SMSlib
     00000B1A  _SMS_getKeysStatus                 SMSlib
     00000B1E  _SMS_getKeysPressed                SMSlib
     00000B3B  _SMS_getKeysHeld                   SMSlib
     00000B52  _SMS_getKeysReleased               SMSlib
     00000B6F  _SMS_queryPauseRequested           SMSlib
     00000B77  _SMS_resetPauseRequest             SMSlib
     00000B7D  _SMS_setLineInterruptHandler       SMSlib
     00000B8E  _SMS_setLineCounter                SMSlib
     00000B9D  _SMS_getVCount                     SMSlib
     00000BA1  _SMS_getHCount                     SMSlib
     00000BA5  _SMS_isr                           SMSlib
     00000BDB  _SMS_nmi_isr                       SMSlib
ASxxxx Linker V03.00 + NoICE + sdld,  page 5.
Hexadecimal  [32-Bits]

Area                                    Addr        Size        Decimal Bytes (Attributes)
--------------------------------        ----        ----        ------- ----- ------------
_CODE                               00000200    00000D2F =        3375. bytes (REL,CON)

      Value  Global                              Global Defined In Module
      -----  --------------------------------   ------------------------
     00000BEE  _SMS_initSprites                   SMSlib_sprite
     00000BF4  _SMS_addSprite                     SMSlib_sprite
     00000C27  _SMS_finalizeSprites               SMSlib_sprite
     00000C39  _SMS_copySpritestoSAT              SMSlib_sprite
     00000C62  _SMS_loadSTMcompressedTileMapAre   SMSlib_STMcomp
     00000E43  ___sdcc_call_hl                    
     00000E44  _SMS_loadPSGaidencompressedTiles   SMSlib_PSGaiden
     00000F25  ___sdcc_enter_ix                   

ASxxxx Linker V03.00 + NoICE + sdld,  page 6.
Hexadecimal  [32-Bits]

Area                                    Addr        Size        Decimal Bytes (Attributes)
--------------------------------        ----        ----        ------- ----- ------------
_HEADER0                            00000000    00000006 =           6. bytes (ABS,CON)

      Value  Global                              Global Defined In Module
      -----  --------------------------------   ------------------------
     00000006  _SMS_crt0_RST08                    crt0

ASxxxx Linker V03.00 + NoICE + sdld,  page 7.
Hexadecimal  [32-Bits]

Area                                    Addr        Size        Decimal Bytes (Attributes)
--------------------------------        ----        ----        ------- ----- ------------
_HEADER1                            00000000    00000009 =           9. bytes (ABS,CON)

      Value  Global                              Global Defined In Module
      -----  --------------------------------   ------------------------
     00000011  _SMS_crt0_RST18                    crt0

ASxxxx Linker V03.00 + NoICE + sdld,  page 8.
Hexadecimal  [32-Bits]

Area                                    Addr        Size        Decimal Bytes (Attributes)
--------------------------------        ----        ----        ------- ----- ------------
_HEADER2                            00000000    0000000A =          10. bytes (ABS,CON)

      Value  Global                              Global Defined In Module
      -----  --------------------------------   ------------------------
ASxxxx Linker V03.00 + NoICE + sdld,  page 9.
Hexadecimal  [32-Bits]

Area                                    Addr        Size        Decimal Bytes (Attributes)
--------------------------------        ----        ----        ------- ----- ------------
_HEADER3                            00000000    00000003 =           3. bytes (ABS,CON)

      Value  Global                              Global Defined In Module
      -----  --------------------------------   ------------------------
ASxxxx Linker V03.00 + NoICE + sdld,  page 10.
Hexadecimal  [32-Bits]

Area                                    Addr        Size        Decimal Bytes (Attributes)
--------------------------------        ----        ----        ------- ----- ------------
_HEADER4                            00000000    00000003 =           3. bytes (ABS,CON)

      Value  Global                              Global Defined In Module
      -----  --------------------------------   ------------------------
ASxxxx Linker V03.00 + NoICE + sdld,  page 11.
Hexadecimal  [32-Bits]

Area                                    Addr        Size        Decimal Bytes (Attributes)
--------------------------------        ----        ----        ------- ----- ------------
_HEADER5                            00000000    0000012A =         298. bytes (ABS,CON)

      Value  Global                              Global Defined In Module
      -----  --------------------------------   ------------------------
     00000099  _OUTI128                           crt0
     00000119  _OUTI64                            crt0
     00000159  _OUTI32                            crt0
     00000199  _outi_block                        crt0

ASxxxx Linker V03.00 + NoICE + sdld,  page 12.
Hexadecimal  [32-Bits]

Area                                    Addr        Size        Decimal Bytes (Attributes)
--------------------------------        ----        ----        ------- ----- ------------
_INITIALIZER                        00000F2F    00000004 =           4. bytes (REL,CON)

      Value  Global                              Global Defined In Module
      -----  --------------------------------   ------------------------
ASxxxx Linker V03.00 + NoICE + sdld,  page 13.
Hexadecimal  [32-Bits]

Area                                    Addr        Size        Decimal Bytes (Attributes)
--------------------------------        ----        ----        ------- ----- ------------
_GSINIT                             00000F33    0000000F =          15. bytes (REL,CON)

      Value  Global                              Global Defined In Module
      -----  --------------------------------   ------------------------
     00000F33  gsinit                             crt0

ASxxxx Linker V03.00 + NoICE + sdld,  page 14.
Hexadecimal  [32-Bits]

Area                                    Addr        Size        Decimal Bytes (Attributes)
--------------------------------        ----        ----        ------- ----- ------------
_GSFINAL                            00000F42    00000001 =           1. bytes (REL,CON)

      Value  Global                              Global Defined In Module
      -----  --------------------------------   ------------------------
ASxxxx Linker V03.00 + NoICE + sdld,  page 15.
Hexadecimal  [32-Bits]

Area                                    Addr        Size        Decimal Bytes (Attributes)
--------------------------------        ----        ----        ------- ----- ------------
_DATA                               0000C000    00000110 =         272. bytes (REL,CON)

      Value  Global                              Global Defined In Module
      -----  --------------------------------   ------------------------
     0000C000  _PSGMusicStatus                    PSGlib
     0000C001  _PSGMusicStart                     PSGlib
     0000C003  _PSGMusicPointer                   PSGlib
     0000C005  _PSGMusicLoopPoint                 PSGlib
     0000C007  _PSGMusicSkipFrames                PSGlib
     0000C008  _PSGLoopFlag                       PSGlib
     0000C009  _PSGMusicLastLatch                 PSGlib
     0000C00A  _PSGMusicVolumeAttenuation         PSGlib
     0000C00B  _PSGMusicSubstringLen              PSGlib
     0000C00C  _PSGMusicSubstringRetAddr          PSGlib
     0000C00E  _PSGChan0Volume                    PSGlib
     0000C00F  _PSGChan1Volume                    PSGlib
     0000C010  _PSGChan2Volume                    PSGlib
     0000C011  _PSGChan3Volume                    PSGlib
     0000C012  _PSGChan2LowTone                   PSGlib
     0000C013  _PSGChan2HighTone                  PSGlib
     0000C014  _PSGChan3LowTone                   PSGlib
     0000C015  _PSGChannel2SFX                    PSGlib
     0000C016  _PSGChannel3SFX                    PSGlib
     0000C017  _PSGSFXChan2Volume                 PSGlib
     0000C018  _PSGSFXChan3Volume                 PSGlib
     0000C019  _PSGSFXStatus                      PSGlib
     0000C01A  _PSGSFXStart                       PSGlib
     0000C01C  _PSGSFXPointer                     PSGlib
     0000C01E  _PSGSFXLoopPoint                   PSGlib
     0000C020  _PSGSFXSkipFrames                  PSGlib
     0000C021  _PSGSFXLoopFlag                    PSGlib
     0000C022  _PSGSFXSubstringLen                PSGlib
     0000C023  _PSGSFXSubstringRetAddr            PSGlib
     0000C025  _VDPBlank                          SMSlib
     0000C026  _SMS_VDPFlags                      SMSlib
     0000C027  _PauseRequested                    SMSlib
     0000C028  _VDPType                           SMSlib
     0000C029  _KeysStatus                        SMSlib
     0000C02B  _PreviousKeysStatus                SMSlib
     0000C02D  _SMS_theLineInterruptHandler       SMSlib
     0000C02F  _SpriteTableY                      SMSlib_sprite
     0000C06F  _SpriteTableXN                     SMSlib_sprite
     0000C0EF  _SpriteNextFree                    SMSlib_sprite
     0000C0F0  _decompBuffer                      SMSlib_PSGaiden

ASxxxx Linker V03.00 + NoICE + sdld,  page 16.
Hexadecimal  [32-Bits]

Area                                    Addr        Size        Decimal Bytes (Attributes)
--------------------------------        ----        ----        ------- ----- ------------
_INITIALIZED                        0000C110    00000004 =           4. bytes (REL,CON)

      Value  Global                              Global Defined In Module
      -----  --------------------------------   ------------------------
     0000C110  _VDPReg                            SMSlib
     0000C112  _spritesHeight                     SMSlib
     0000C113  _spritesWidth                      SMSlib
ASxxxx Linker V03.00 + NoICE + sdld,  page 17.
Hexadecimal  [32-Bits]

Area                                    Addr        Size        Decimal Bytes (Attributes)
--------------------------------        ----        ----        ------- ----- ------------
_CABS0                              00000000    00000010 =          16. bytes (ABS,CON)

      Value  Global                              Global Defined In Module
      -----  --------------------------------   ------------------------
     00007FF0  ___SMS__SEGA_signature             _sms_manager

ASxxxx Linker V03.00 + NoICE + sdld,  page 18.
Hexadecimal  [32-Bits]

Area                                    Addr        Size        Decimal Bytes (Attributes)
--------------------------------        ----        ----        ------- ----- ------------
_CABS1                              00000000    0000000E =          14. bytes (ABS,CON)

      Value  Global                              Global Defined In Module
      -----  --------------------------------   ------------------------
     00007FD2  ___SMS__SDSC_author                _sms_manager

ASxxxx Linker V03.00 + NoICE + sdld,  page 19.
Hexadecimal  [32-Bits]

Area                                    Addr        Size        Decimal Bytes (Attributes)
--------------------------------        ----        ----        ------- ----- ------------
_CABS2                              00000000    0000000A =          10. bytes (ABS,CON)

      Value  Global                              Global Defined In Module
      -----  --------------------------------   ------------------------
     00007FC8  ___SMS__SDSC_name                  _sms_manager

ASxxxx Linker V03.00 + NoICE + sdld,  page 20.
Hexadecimal  [32-Bits]

Area                                    Addr        Size        Decimal Bytes (Attributes)
--------------------------------        ----        ----        ------- ----- ------------
_CABS3                              00000000    00000033 =          51. bytes (ABS,CON)

      Value  Global                              Global Defined In Module
      -----  --------------------------------   ------------------------
     00007F95  ___SMS__SDSC_descr                 _sms_manager

ASxxxx Linker V03.00 + NoICE + sdld,  page 21.
Hexadecimal  [32-Bits]

Area                                    Addr        Size        Decimal Bytes (Attributes)
--------------------------------        ----        ----        ------- ----- ------------
_CABS4                              00000000    00000010 =          16. bytes (ABS,CON)

      Value  Global                              Global Defined In Module
      -----  --------------------------------   ------------------------
     00007FE0  ___SMS__SDSC_signature             _sms_manager

ASxxxx Linker V03.00 + NoICE + sdld,  page 22.

Files Linked                              [ module(s) ]

..\crt0\crt0_sms.rel                      [ crt0 ]
main.rel                                  [ main ]
devkit\_sms_manager.rel                   [ _sms_manager ]
devkit\_snd_manager.rel                   [ _snd_manager ]
..\lib\PSGlib.rel                         [ PSGlib ]


Libraries Linked                          [ object file ]

..\lib\SMSlib.lib                         [ SMSlib_UNSAFE.rel ]
..\lib\SMSlib.lib                         [ SMSlib.rel ]
..\lib\SMSlib.lib                         [ SMSlib_sprite.rel ]
..\lib\SMSlib.lib                         [ SMSlib_STMcomp.rel ]
C:\Program Files\SDCC\bin\..\lib\z80/z80.lib
                                          [ __sdcc_call_hl.rel ]
..\lib\SMSlib.lib                         [ SMSlib_PSGaiden.rel ]
C:\Program Files\SDCC\bin\..\lib\z80/z80.lib
                                          [ crtenter.rel ]

ASxxxx Linker V03.00 + NoICE + sdld,  page 23.

User Base Address Definitions

_CODE = 0x0200
_DATA = 0xc000

