ASxxxx Linker V03.00 + NoICE + sdld,  page 1.
Hexadecimal  [32-Bits]

Area                                    Addr        Size        Decimal Bytes (Attributes)
--------------------------------        ----        ----        ------- ----- ------------
.  .ABS.                            00000000    00000000 =           0. bytes (ABS,CON)

      Value  Global                              Global Defined In Module
      -----  --------------------------------   ------------------------
     00000000  .__.ABS.                           
     00000000  l__BSEG                         
     00000000  l__BSS                          
     00000000  l__CABS                         
     00000000  l__DABS                         
     00000000  l__HEADER                       
     00000000  l__HEAP                         
     00000000  l__HOME                         
     00000000  s__CABS                         
     00000000  s__CABS0                        
     00000000  s__CABS1                        
     00000000  s__CABS2                        
     00000000  s__CABS3                        
     00000000  s__CABS4                        
     00000000  s__DABS                         
     00000000  s__HEADER                       
     00000000  s__HEADER0                      
     00000000  s__HEADER1                      
     00000000  s__HEADER2                      
     00000000  s__HEADER3                      
     00000000  s__HEADER4                      
     00000000  s__HEADER5                      
     00000001  l__GSFINAL                      
     00000003  l__HEADER3                      
     00000003  l__HEADER4                      
     00000006  l__HEADER0                      
     00000009  l__HEADER1                      
     0000000A  l__HEADER2                      
     0000000B  l__CABS2                        
     0000000E  l__CABS1                        
     0000000F  l__GSINIT                       
     00000010  l__CABS0                        
     00000010  l__CABS4                        
     00000028  l__CABS3                        
     0000012A  l__HEADER5                      
     00000200  s__CODE                         
     0000023C  l__INITIALIZED                  
     0000023C  l__INITIALIZER                  
     00000392  l__DATA                         
     000010BA  l__CODE                         
     000012BA  s__HOME                         
     000012BA  s__INITIALIZER                  
     000014F6  s__GSINIT                       
     00001505  s__GSFINAL                      
     00002D92  l__BANK15                       
     00003C2B  l__BANK11                       
     00003F51  l__BANK12                       
     00003F7E  l__BANK9                        
     00003FA9  l__BANK8                        
     00003FB1  l__BANK6                        
ASxxxx Linker V03.00 + NoICE + sdld,  page 2.
Hexadecimal  [32-Bits]

Area                                    Addr        Size        Decimal Bytes (Attributes)
--------------------------------        ----        ----        ------- ----- ------------
.  .ABS.                            00000000    00000000 =           0. bytes (ABS,CON)

      Value  Global                              Global Defined In Module
      -----  --------------------------------   ------------------------
     00003FB3  l__BANK14                       
     00003FB5  l__BANK2                        
     00003FBD  l__BANK4                        
     00003FD0  l__BANK7                        
     00003FDB  l__BANK5                        
     00003FE2  l__BANK10                       
     00003FEA  l__BANK13                       
     00003FED  l__BANK3                        
     00008000  _SMS_SRAM                          SMSlib_PSGaiden
     00008000  s__BANK10                       
     00008000  s__BANK11                       
     00008000  s__BANK12                       
     00008000  s__BANK13                       
     00008000  s__BANK14                       
     00008000  s__BANK15                       
     00008000  s__BANK2                        
     00008000  s__BANK3                        
     00008000  s__BANK4                        
     00008000  s__BANK5                        
     00008000  s__BANK6                        
     00008000  s__BANK7                        
     00008000  s__BANK8                        
     00008000  s__BANK9                        
     0000C000  s__DATA                         
     0000C392  s__INITIALIZED                  
     0000C5CE  s__BSEG                         
     0000C5CE  s__BSS                          
     0000C5CE  s__HEAP                         
     0000FFFC  _SRAM_bank_to_be_mapped_on_slot2   SMSlib_PSGaiden
     0000FFFF  _ROM_bank_to_be_mapped_on_slot2    SMSlib_PSGaiden

ASxxxx Linker V03.00 + NoICE + sdld,  page 3.
Hexadecimal  [32-Bits]

Area                                    Addr        Size        Decimal Bytes (Attributes)
--------------------------------        ----        ----        ------- ----- ------------
_CODE                               00000200    000010BA =        4282. bytes (REL,CON)

      Value  Global                              Global Defined In Module
      -----  --------------------------------   ------------------------
     00000200  __clock                            crt0
     00000204  _exit                              crt0
     0000020A  _main                              main
     00000224  _PSGStop                           PSGlib
     0000024B  _PSGResume                         PSGlib
     00000297  _PSGPlay                           PSGlib
     000002C4  _PSGCancelLoop                     PSGlib
     000002CA  _PSGPlayNoRepeat                   PSGlib
     000002D9  _PSGGetStatus                      PSGlib
     000002E1  _PSGSilenceChannels                PSGlib
     000002F2  _PSGRestoreVolumes                 PSGlib
     000003C3  _PSGSetMusicVolumeAttenuation      PSGlib
     00000488  _PSGSFXStop                        PSGlib
     00000541  _PSGSFXPlay                        PSGlib
     0000058E  _PSGSFXCancelLoop                  PSGlib
     00000594  _PSGSFXGetStatus                   PSGlib
     0000059C  _PSGSFXPlayLoop                    PSGlib
     000005B6  _PSGFrame                          PSGlib
     000006CF  _PSGSFXFrame                       PSGlib
     00000755  _devkit_SMS_init                   _sms_manager
     00000758  _devkit_SMS_displayOn              _sms_manager
     0000075E  _devkit_SMS_displayOff             _sms_manager
     00000764  _devkit_SMS_setBGScrollX           _sms_manager
     00000770  _devkit_SMS_setBGScrollY           _sms_manager
     0000077C  _devkit_SMS_setBackdropColor       _sms_manager
     00000788  _devkit_SMS_useFirstHalfTilesfor   _sms_manager
     0000078D  _devkit_SMS_useFirstHalfTilesfor   _sms_manager
     00000792  _devkit_SMS_setSpriteMode          _sms_manager
     0000079E  _devkit_SMS_mapROMBank             _sms_manager
     000007A7  _devkit_SMS_VDPturnOnFeature       _sms_manager
     000007AE  _devkit_SMS_loadTileMap            _sms_manager
     000007EE  _devkit_SMS_loadPSGaidencompress   _sms_manager
     00000804  _devkit_SMS_loadSTMcompressedTil   _sms_manager
     00000825  _devkit_SMS_loadBGPalette          _sms_manager
     0000082C  _devkit_SMS_loadSpritePalette      _sms_manager
     00000833  _devkit_SMS_setSpritePaletteColo   _sms_manager
     0000085B  _devkit_SMS_setNextTileatXY        _sms_manager
     0000087F  _devkit_SMS_setTile                _sms_manager
     0000088D  _devkit_SMS_addSprite              _sms_manager
     000008A8  _devkit_SMS_addSprite_bulk8        _sms_manager
     0000095E  _devkit_SMS_addSprite_bulk12       _sms_manager
     00000A66  _devkit_SMS_initSprites            _sms_manager
     00000A69  _devkit_SMS_finalizeSprites        _sms_manager
     00000A6C  _devkit_SMS_waitForVBlank          _sms_manager
     00000A6F  _devkit_SMS_copySpritestoSAT       _sms_manager
     00000A72  _devkit_UNSAFE_SMS_copySpritesto   _sms_manager
     00000A75  _devkit_SMS_queryPauseRequested    _sms_manager
     00000A78  _devkit_SMS_resetPauseRequest      _sms_manager
     00000A7B  _devkit_SMS_getKeysStatus          _sms_manager
     00000A7E  _devkit_SMS_getKeysPressed         _sms_manager
ASxxxx Linker V03.00 + NoICE + sdld,  page 4.
Hexadecimal  [32-Bits]

Area                                    Addr        Size        Decimal Bytes (Attributes)
--------------------------------        ----        ----        ------- ----- ------------
_CODE                               00000200    000010BA =        4282. bytes (REL,CON)

      Value  Global                              Global Defined In Module
      -----  --------------------------------   ------------------------
     00000A81  _devkit_SMS_getKeysHeld            _sms_manager
     00000A84  _devkit_SMS_getKeysReleased        _sms_manager
     00000A87  _devkit_PORT_A_KEY_UP              _sms_manager
     00000A8B  _devkit_PORT_A_KEY_DOWN            _sms_manager
     00000A8F  _devkit_PORT_A_KEY_LEFT            _sms_manager
     00000A93  _devkit_PORT_A_KEY_RIGHT           _sms_manager
     00000A97  _devkit_PORT_A_KEY_1               _sms_manager
     00000A9B  _devkit_PORT_A_KEY_2               _sms_manager
     00000A9F  _devkit_SMS_VRAMmemcpy             _sms_manager
     00000ABE  _devkit_SMS_VRAMmemcpy_brief       _sms_manager
     00000ADC  _devkit_SMS_VRAMmemset             _sms_manager
     00000AFA  _devkit_SMS_VRAMmemsetW            _sms_manager
     00000B19  _devkit_SMS_setLineInterruptHand   _sms_manager
     00000B23  _devkit_SMS_setLineCounter         _sms_manager
     00000B2F  _devkit_SMS_enableLineInterrupt    _sms_manager
     00000B35  _devkit_SMS_disableLineInterrupt   _sms_manager
     00000B3B  _devkit_VDPFEATURE_HIDEFIRSTCOL    _sms_manager
     00000B3F  _devkit_VDPFEATURE_LEFTCOLBLANK    _sms_manager
     00000B43  _devkit_SPRITEMODE_NORMAL          _sms_manager
     00000B87  _devkit_PSGPlay                    _snd_manager
     00000B91  _devkit_PSGCancelLoop              _snd_manager
     00000B94  _devkit_PSGPlayNoRepeat            _snd_manager
     00000B9E  _devkit_PSGStop                    _snd_manager
     00000BA1  _devkit_PSGResume                  _snd_manager
     00000BA4  _devkit_PSGGetStatus               _snd_manager
     00000BA7  _devkit_PSGSetMusicVolumeAttenua   _snd_manager
     00000BB3  _devkit_PSGSFXPlay                 _snd_manager
     00000BC8  _devkit_PSGSFXPlayLoop             _snd_manager
     00000BDD  _devkit_PSGSFXCancelLoop           _snd_manager
     00000BE0  _devkit_PSGSFXStop                 _snd_manager
     00000BE3  _devkit_PSGSFXGetStatus            _snd_manager
     00000BE6  _devkit_PSGSilenceChannels         _snd_manager
     00000BE9  _devkit_PSGRestoreVolumes          _snd_manager
     00000BEC  _devkit_PSGFrame                   _snd_manager
     00000BEF  _devkit_PSGSFXFrame                _snd_manager
     00000BF2  _devkit_SFX_CHANNEL2               _snd_manager
     00000BF5  _devkit_SFX_CHANNEL3               _snd_manager
     00000BF8  _devkit_SFX_CHANNELS2AND3          _snd_manager
     00000BFB  _InterruptHandler                  funcs
     00000C00  _InitConsole                       funcs
     00000C21  _UNSAFE_SMS_copySpritestoSAT       SMSlib_UNSAFE
     00000C39  _UNSAFE_SMS_VRAMmemcpy32           SMSlib_UNSAFE
     00000C56  _UNSAFE_SMS_VRAMmemcpy64           SMSlib_UNSAFE
     00000C73  _UNSAFE_SMS_VRAMmemcpy128          SMSlib_UNSAFE
     00000C90  _SMS_init                          SMSlib
     00000CE4  _VDPReg_init                       SMSlib
     00000CEF  _SMS_VDPType                       SMSlib
     00000CF7  _SMS_VDPturnOnFeature              SMSlib
     00000D0E  _SMS_VDPturnOffFeature             SMSlib
     00000D27  _SMS_setBGScrollX                  SMSlib
     00000D31  _SMS_setBGScrollY                  SMSlib
ASxxxx Linker V03.00 + NoICE + sdld,  page 5.
Hexadecimal  [32-Bits]

Area                                    Addr        Size        Decimal Bytes (Attributes)
--------------------------------        ----        ----        ------- ----- ------------
_CODE                               00000200    000010BA =        4282. bytes (REL,CON)

      Value  Global                              Global Defined In Module
      -----  --------------------------------   ------------------------
     00000D3B  _SMS_setBackdropColor              SMSlib
     00000D45  _SMS_useFirstHalfTilesforSprites   SMSlib
     00000D59  _SMS_setSpriteMode                 SMSlib
     00000D9E  _SMS_setBGPaletteColor             SMSlib
     00000DB2  _SMS_setSpritePaletteColor         SMSlib
     00000DC6  _SMS_loadBGPalette                 SMSlib
     00000DDA  _SMS_loadSpritePalette             SMSlib
     00000DEE  _SMS_setColor                      SMSlib
     00000DF2  _SMS_waitForVBlank                 SMSlib
     00000DFF  _SMS_getKeysStatus                 SMSlib
     00000E03  _SMS_getKeysPressed                SMSlib
     00000E20  _SMS_getKeysHeld                   SMSlib
     00000E37  _SMS_getKeysReleased               SMSlib
     00000E54  _SMS_queryPauseRequested           SMSlib
     00000E5C  _SMS_resetPauseRequest             SMSlib
     00000E62  _SMS_setLineInterruptHandler       SMSlib
     00000E73  _SMS_setLineCounter                SMSlib
     00000E82  _SMS_getVCount                     SMSlib
     00000E86  _SMS_getHCount                     SMSlib
     00000E8A  _SMS_isr                           SMSlib
     00000EC0  _SMS_nmi_isr                       SMSlib
     00000ED3  _SMS_VRAMmemset                    SMSlib_VRAMmemset
     00000EF8  _SMS_VRAMmemsetW                   SMSlib_VRAMmemset
     00000F28  _SMS_initSprites                   SMSlib_sprite
     00000F2E  _SMS_addSprite                     SMSlib_sprite
     00000F61  _SMS_finalizeSprites               SMSlib_sprite
     00000F73  _SMS_copySpritestoSAT              SMSlib_sprite
     00000F9C  _SMS_VRAMmemcpy                    SMSlib_VRAMmemcpy
     00000FCB  _SMS_VRAMmemcpy_brief              SMSlib_VRAMmemcpy
     00000FED  _SMS_loadSTMcompressedTileMapAre   SMSlib_STMcomp
     000011CE  ___sdcc_call_hl                    
     000011CF  _SMS_loadPSGaidencompressedTiles   SMSlib_PSGaiden
     000012B0  ___sdcc_enter_ix                   

ASxxxx Linker V03.00 + NoICE + sdld,  page 6.
Hexadecimal  [32-Bits]

Area                                    Addr        Size        Decimal Bytes (Attributes)
--------------------------------        ----        ----        ------- ----- ------------
_HEADER0                            00000000    00000006 =           6. bytes (ABS,CON)

      Value  Global                              Global Defined In Module
      -----  --------------------------------   ------------------------
     00000006  _SMS_crt0_RST08                    crt0

ASxxxx Linker V03.00 + NoICE + sdld,  page 7.
Hexadecimal  [32-Bits]

Area                                    Addr        Size        Decimal Bytes (Attributes)
--------------------------------        ----        ----        ------- ----- ------------
_HEADER1                            00000000    00000009 =           9. bytes (ABS,CON)

      Value  Global                              Global Defined In Module
      -----  --------------------------------   ------------------------
     00000011  _SMS_crt0_RST18                    crt0

ASxxxx Linker V03.00 + NoICE + sdld,  page 8.
Hexadecimal  [32-Bits]

Area                                    Addr        Size        Decimal Bytes (Attributes)
--------------------------------        ----        ----        ------- ----- ------------
_HEADER2                            00000000    0000000A =          10. bytes (ABS,CON)

      Value  Global                              Global Defined In Module
      -----  --------------------------------   ------------------------
ASxxxx Linker V03.00 + NoICE + sdld,  page 9.
Hexadecimal  [32-Bits]

Area                                    Addr        Size        Decimal Bytes (Attributes)
--------------------------------        ----        ----        ------- ----- ------------
_HEADER3                            00000000    00000003 =           3. bytes (ABS,CON)

      Value  Global                              Global Defined In Module
      -----  --------------------------------   ------------------------
ASxxxx Linker V03.00 + NoICE + sdld,  page 10.
Hexadecimal  [32-Bits]

Area                                    Addr        Size        Decimal Bytes (Attributes)
--------------------------------        ----        ----        ------- ----- ------------
_HEADER4                            00000000    00000003 =           3. bytes (ABS,CON)

      Value  Global                              Global Defined In Module
      -----  --------------------------------   ------------------------
ASxxxx Linker V03.00 + NoICE + sdld,  page 11.
Hexadecimal  [32-Bits]

Area                                    Addr        Size        Decimal Bytes (Attributes)
--------------------------------        ----        ----        ------- ----- ------------
_HEADER5                            00000000    0000012A =         298. bytes (ABS,CON)

      Value  Global                              Global Defined In Module
      -----  --------------------------------   ------------------------
     00000099  _OUTI128                           crt0
     00000119  _OUTI64                            crt0
     00000159  _OUTI32                            crt0
     00000199  _outi_block                        crt0

ASxxxx Linker V03.00 + NoICE + sdld,  page 12.
Hexadecimal  [32-Bits]

Area                                    Addr        Size        Decimal Bytes (Attributes)
--------------------------------        ----        ----        ------- ----- ------------
_INITIALIZER                        000012BA    0000023C =         572. bytes (REL,CON)

      Value  Global                              Global Defined In Module
      -----  --------------------------------   ------------------------
ASxxxx Linker V03.00 + NoICE + sdld,  page 13.
Hexadecimal  [32-Bits]

Area                                    Addr        Size        Decimal Bytes (Attributes)
--------------------------------        ----        ----        ------- ----- ------------
_GSINIT                             000014F6    0000000F =          15. bytes (REL,CON)

      Value  Global                              Global Defined In Module
      -----  --------------------------------   ------------------------
     000014F6  gsinit                             crt0

ASxxxx Linker V03.00 + NoICE + sdld,  page 14.
Hexadecimal  [32-Bits]

Area                                    Addr        Size        Decimal Bytes (Attributes)
--------------------------------        ----        ----        ------- ----- ------------
_GSFINAL                            00001505    00000001 =           1. bytes (REL,CON)

      Value  Global                              Global Defined In Module
      -----  --------------------------------   ------------------------
ASxxxx Linker V03.00 + NoICE + sdld,  page 15.
Hexadecimal  [32-Bits]

Area                                    Addr        Size        Decimal Bytes (Attributes)
--------------------------------        ----        ----        ------- ----- ------------
_DATA                               0000C000    00000392 =         914. bytes (REL,CON)

      Value  Global                              Global Defined In Module
      -----  --------------------------------   ------------------------
     0000C000  _PSGMusicStatus                    PSGlib
     0000C001  _PSGMusicStart                     PSGlib
     0000C003  _PSGMusicPointer                   PSGlib
     0000C005  _PSGMusicLoopPoint                 PSGlib
     0000C007  _PSGMusicSkipFrames                PSGlib
     0000C008  _PSGLoopFlag                       PSGlib
     0000C009  _PSGMusicLastLatch                 PSGlib
     0000C00A  _PSGMusicVolumeAttenuation         PSGlib
     0000C00B  _PSGMusicSubstringLen              PSGlib
     0000C00C  _PSGMusicSubstringRetAddr          PSGlib
     0000C00E  _PSGChan0Volume                    PSGlib
     0000C00F  _PSGChan1Volume                    PSGlib
     0000C010  _PSGChan2Volume                    PSGlib
     0000C011  _PSGChan3Volume                    PSGlib
     0000C012  _PSGChan2LowTone                   PSGlib
     0000C013  _PSGChan2HighTone                  PSGlib
     0000C014  _PSGChan3LowTone                   PSGlib
     0000C015  _PSGChannel2SFX                    PSGlib
     0000C016  _PSGChannel3SFX                    PSGlib
     0000C017  _PSGSFXChan2Volume                 PSGlib
     0000C018  _PSGSFXChan3Volume                 PSGlib
     0000C019  _PSGSFXStatus                      PSGlib
     0000C01A  _PSGSFXStart                       PSGlib
     0000C01C  _PSGSFXPointer                     PSGlib
     0000C01E  _PSGSFXLoopPoint                   PSGlib
     0000C020  _PSGSFXSkipFrames                  PSGlib
     0000C021  _PSGSFXLoopFlag                    PSGlib
     0000C022  _PSGSFXSubstringLen                PSGlib
     0000C023  _PSGSFXSubstringRetAddr            PSGlib
     0000C166  _keystatus                         vars
     0000C168  _stageframe                        vars
     0000C16A  _stageframe2mod                    vars
     0000C16B  _stageframe4mod                    vars
     0000C16C  _sprite82anim                      vars
     0000C16D  _sprite164anim                     vars
     0000C16E  _basestage                         vars
     0000C16F  _playstage                         vars
     0000C170  _updateplaystage                   vars
     0000C171  _stagenum                          vars
     0000C172  _laststagenum                      vars
     0000C173  _numplayers                        vars
     0000C174  _exitplaystage                     vars
     0000C175  _gamelevel                         vars
     0000C176  _gamestock                         vars
     0000C177  _gamepause                         vars
     0000C178  _playerx                           vars
     0000C179  _playery                           vars
     0000C17A  _playertype                        vars
     0000C17B  _playercounter                     vars
     0000C17C  _playershootcounter                vars
ASxxxx Linker V03.00 + NoICE + sdld,  page 16.
Hexadecimal  [32-Bits]

Area                                    Addr        Size        Decimal Bytes (Attributes)
--------------------------------        ----        ----        ------- ----- ------------
_DATA                               0000C000    00000392 =         914. bytes (REL,CON)

      Value  Global                              Global Defined In Module
      -----  --------------------------------   ------------------------
     0000C17D  _playerside                        vars
     0000C17E  _playerspeed                       vars
     0000C17F  _playershootlevel                  vars
     0000C180  _playershootmax                    vars
     0000C181  _numplayershoots                   vars
     0000C182  _playershoots                      vars
     0000C191  _shootcount                        vars
     0000C192  _numenemyshoots                    vars
     0000C193  _enemyshoots                       vars
     0000C1C5  _playstageshootspeed               vars
     0000C1C6  _numexplosions                     vars
     0000C1C7  _explosions                        vars
     0000C1EF  _numenemies                        vars
     0000C1F0  _enemies                           vars
     0000C24A  _maplines                          vars
     0000C24C  _maplineslength                    vars
     0000C24E  _maptiles                          vars
     0000C250  _mappositionx                      vars
     0000C252  _mappositiony                      vars
     0000C254  _oldmappositiony                   vars
     0000C256  _lastbank                          vars
     0000C257  _mapstatics                        vars
     0000C259  _mapstaticscount                   vars
     0000C25B  _mapstaticsbank                    vars
     0000C25C  _musicbank                         vars
     0000C25D  _mapbank                           vars
     0000C25E  _playstagebank                     vars
     0000C25F  _numscrolls                        vars
     0000C260  _scrollactspeedy                   vars
     0000C261  _scrollactspeedx                   vars
     0000C262  _scrollact                         vars
     0000C263  _scrolltimes                       vars
     0000C265  _disablescroll                     vars
     0000C266  _scrolls                           vars
     0000C268  _numscripts                        vars
     0000C269  _scripts                           vars
     0000C289  _numtimeredlabels                  vars
     0000C28A  _timeredlabels                     vars
     0000C290  _introstageposx                    vars
     0000C292  _introstagevelx                    vars
     0000C294  _dojukebox                         vars
     0000C295  _spawnedexplosionposx              vars
     0000C296  _spawnedexplosionposy              vars
     0000C297  _spawnedexplosionwidth             vars
     0000C298  _spawnedexplosionheight            vars
     0000C299  _spawnedexplosiontime              vars
     0000C29A  _stage4playrays                    vars
     0000C29B  _numinterrupts                     vars
     0000C29C  _powerupx                          vars
     0000C29D  _powerupy                          vars
     0000C29E  _powerupt                          vars
ASxxxx Linker V03.00 + NoICE + sdld,  page 17.
Hexadecimal  [32-Bits]

Area                                    Addr        Size        Decimal Bytes (Attributes)
--------------------------------        ----        ----        ------- ----- ------------
_DATA                               0000C000    00000392 =         914. bytes (REL,CON)

      Value  Global                              Global Defined In Module
      -----  --------------------------------   ------------------------
     0000C29F  _powerupv                          vars
     0000C2A0  _powerupcounter                    vars
     0000C2A2  _lastplayedmusic                   vars
     0000C2A4  _lastplayedmusicbank               vars
     0000C2A5  _lastplayedmusiclooped             vars
     0000C2A6  _stage8phase                       vars
     0000C2A7  _VDPBlank                          SMSlib
     0000C2A8  _SMS_VDPFlags                      SMSlib
     0000C2A9  _PauseRequested                    SMSlib
     0000C2AA  _VDPType                           SMSlib
     0000C2AB  _KeysStatus                        SMSlib
     0000C2AD  _PreviousKeysStatus                SMSlib
     0000C2AF  _SMS_theLineInterruptHandler       SMSlib
     0000C2B1  _SpriteTableY                      SMSlib_sprite
     0000C2F1  _SpriteTableXN                     SMSlib_sprite
     0000C371  _SpriteNextFree                    SMSlib_sprite
     0000C372  _decompBuffer                      SMSlib_PSGaiden

ASxxxx Linker V03.00 + NoICE + sdld,  page 18.
Hexadecimal  [32-Bits]

Area                                    Addr        Size        Decimal Bytes (Attributes)
--------------------------------        ----        ----        ------- ----- ------------
_INITIALIZED                        0000C392    0000023C =         572. bytes (REL,CON)

      Value  Global                              Global Defined In Module
      -----  --------------------------------   ------------------------
     0000C392  _jukebox_songs                     fixedbank
     0000C3BC  _jukebox_names                     fixedbank
     0000C3E6  _selectornamestage                 fixedbank
     0000C3F0  _intro1labels                      fixedbank
     0000C3FC  _intro3labels                      fixedbank
     0000C412  _finishlabels                      fixedbank
     0000C43A  _stagedatamarks                    fixedbank
     0000C442  _stageinitdata                     fixedbank
     0000C4C2  _ww2plane_patterns                 fixedbank
     0000C4CE  _spawners                          fixedbank
     0000C4FA  _imagepointers                     fixedbank
     0000C5A6  _monsterheadshootdirecionsx        fixedbank
     0000C5B6  _monsterheadshootdirecionsy        fixedbank
     0000C5C6  _difficultlabels                   fixedbank
     0000C5CA  _VDPReg                            SMSlib
     0000C5CC  _spritesHeight                     SMSlib
     0000C5CD  _spritesWidth                      SMSlib

ASxxxx Linker V03.00 + NoICE + sdld,  page 19.
Hexadecimal  [32-Bits]

Area                                    Addr        Size        Decimal Bytes (Attributes)
--------------------------------        ----        ----        ------- ----- ------------
_BANK2                              00008000    00003FB5 =       16309. bytes (REL,CON)

      Value  Global                              Global Defined In Module
      -----  --------------------------------   ------------------------
     00008000  _bigexplosion_psgcompr             bank2
     000080A7  _ending_psg                        bank2
     0000A7F1  _enemybomb_psg                     bank2
     0000A809  _enemylaser_psg                    bank2
     0000A821  _explosion_psg                     bank2
     0000A83A  _font_psgcompr                     bank2
     0000AA09  _fortressdoor_psgcompr             bank2
     0000AA45  _mikgamestilemap_bin               bank2
     0000AAC5  _mikgamestiles_psgcompr            bank2
     0000ABC3  _pause_psg                         bank2
     0000ABE6  _persons_bin                       bank2
     0000ADDE  _persons_psgcompr                  bank2
     0000B849  _personspalette_bin                bank2
     0000B859  _playershoot_psg                   bank2
     0000B861  _powerup_psg                       bank2
     0000B88F  _ray_psg                           bank2
     0000B8B2  _selectorpalette_bin               bank2
     0000B8C2  _selectortiles_psgcompr            bank2
     0000BF84  _silence_psg                       bank2

ASxxxx Linker V03.00 + NoICE + sdld,  page 20.
Hexadecimal  [32-Bits]

Area                                    Addr        Size        Decimal Bytes (Attributes)
--------------------------------        ----        ----        ------- ----- ------------
_BANK3                              00008000    00003FED =       16365. bytes (REL,CON)

      Value  Global                              Global Defined In Module
      -----  --------------------------------   ------------------------
     00008000  _fortresssearch_psgcompr           bank3
     000082CF  _logopalette_bin                   bank3
     000082DF  _logotilemap_l                     bank3
     000082FB  _logotilemap_m                     bank3
     0000867B  _logotiles_psgcompr                bank3
     000090ED  _spacestation_psgcompr             bank3
     000091A8  _stage2palette_bin                 bank3
     000091B8  _stage2tilemap_l                   bank3
     000093B8  _stage2tilemap_m                   bank3
     0000B538  _stage2tiles_psgcompr              bank3
     0000BF8D  _ww2ship_psgcompr                  bank3

ASxxxx Linker V03.00 + NoICE + sdld,  page 21.
Hexadecimal  [32-Bits]

Area                                    Addr        Size        Decimal Bytes (Attributes)
--------------------------------        ----        ----        ------- ----- ------------
_BANK4                              00008000    00003FBD =       16317. bytes (REL,CON)

      Value  Global                              Global Defined In Module
      -----  --------------------------------   ------------------------
     00008000  _endingstagetilemap_bin            bank4
     000082C0  _endingstagetiles_psgcompr         bank4
     000082DC  _intro2_psg                        bank4
     00008B69  _introovni_psgcompr                bank4
     00008CA2  _introsideplayer_psgcompr          bank4
     00008D1A  _rectship_psgcompr                 bank4
     00008DBF  _select_psg                        bank4
     00008F67  _stage3_psg                        bank4
     0000A683  _stage4endboss_psgcompr            bank4
     0000A7F4  _stage4endbossb_psgcompr           bank4
     0000A824  _stage4endbossc_psgcompr           bank4
     0000A995  _stage4middleboss_psgcompr         bank4
     0000ABF0  _stage4palette_bin                 bank4
     0000AC00  _stage4tilemap_l                   bank4
     0000ACBD  _stage4tilemap_m                   bank4
     0000B4FD  _stage4tiles_psgcompr              bank4
     0000BC63  _vulcantank_psgcompr               bank4
     0000BE1B  _warning_psgcompr                  bank4
     0000BE9C  _waveship_psgcompr                 bank4

ASxxxx Linker V03.00 + NoICE + sdld,  page 22.
Hexadecimal  [32-Bits]

Area                                    Addr        Size        Decimal Bytes (Attributes)
--------------------------------        ----        ----        ------- ----- ------------
_BANK5                              00008000    00003FDB =       16347. bytes (REL,CON)

      Value  Global                              Global Defined In Module
      -----  --------------------------------   ------------------------
     00008000  _intro3_psg                        bank5
     00009310  _littleexplosion_psgcompr          bank5
     00009327  _monsterhead_psgcompr              bank5
     000095AA  _monstermissil_psgcompr            bank5
     00009734  _stage1_psg                        bank5
     0000BAAD  _stage7endboss_psgcompr            bank5
     0000BC36  _vulcanbird_psgcompr               bank5
     0000BE16  _vulcanlaser_psgcompr              bank5
     0000BE5C  _vulcanlava_psgcompr               bank5
     0000BED7  _vulcanvulcan_psgcompr             bank5
     0000BEFC  _ww2zeppelin_psgcompr              bank5

ASxxxx Linker V03.00 + NoICE + sdld,  page 23.
Hexadecimal  [32-Bits]

Area                                    Addr        Size        Decimal Bytes (Attributes)
--------------------------------        ----        ----        ------- ----- ------------
_BANK6                              00008000    00003FB1 =       16305. bytes (REL,CON)

      Value  Global                              Global Defined In Module
      -----  --------------------------------   ------------------------
     00008000  _bombship_psgcompr                 bank6
     00008118  _fortresscannon_psgcompr           bank6
     00008286  _logo_psg                          bank6
     00009B52  _spreadship_psgcompr               bank6
     00009BE5  _stage5palette_bin                 bank6
     00009BF5  _stage5tilemap_l                   bank6
     00009DAD  _stage5tilemap_m                   bank6
     0000AF6D  _stage5tiles_psgcompr              bank6
     0000B20C  _stage6palette_bin                 bank6
     0000B21C  _stage6tilemap_l                   bank6
     0000B24C  _stage6tilemap_m                   bank6
     0000B54C  _stage6tiles_psgcompr              bank6
     0000BD16  _turnship_psgcompr                 bank6
     0000BE74  _watertiles_bin                    bank6
     0000BF74  _ww2cloud_psgcompr                 bank6
ASxxxx Linker V03.00 + NoICE + sdld,  page 24.
Hexadecimal  [32-Bits]

Area                                    Addr        Size        Decimal Bytes (Attributes)
--------------------------------        ----        ----        ------- ----- ------------
_BANK7                              00008000    00003FD0 =       16336. bytes (REL,CON)

      Value  Global                              Global Defined In Module
      -----  --------------------------------   ------------------------
     00008000  _bone_psgcompr                     bank7
     0000811A  _cursors_psgcompr                  bank7
     00008125  _enemyshoot_psgcompr               bank7
     0000817E  _fortresswave_psgcompr             bank7
     000081EA  _stage3palette_bin                 bank7
     000081FA  _stage3tilemap_l                   bank7
     0000834E  _stage3tilemap_m                   bank7
     0000A9CE  _stage3tiles_psgcompr              bank7
     0000AC3D  _stage5endboss_psgcompr            bank7
     0000AF24  _stage6_psg                        bank7
     0000B760  _stage7animtiles_bin               bank7
     0000B860  _stage7animtilesc_bin              bank7
     0000B960  _stage7animtilesd_bin              bank7
     0000BA60  _stage7animtilese_bin              bank7
     0000BB60  _ww2plane_psgcompr                 bank7
     0000BE7E  _ww2tank_psgcompr                  bank7

ASxxxx Linker V03.00 + NoICE + sdld,  page 25.
Hexadecimal  [32-Bits]

Area                                    Addr        Size        Decimal Bytes (Attributes)
--------------------------------        ----        ----        ------- ----- ------------
_BANK8                              00008000    00003FA9 =       16297. bytes (REL,CON)

      Value  Global                              Global Defined In Module
      -----  --------------------------------   ------------------------
     00008000  _gameover_psg                      bank8
     00008240  _introstage1tilemap_bin            bank8
     000084C0  _introstage1tiles_psgcompr         bank8
     00008E29  _introstage2tilemap_bin            bank8
     000090E9  _introstage2tiles_psgcompr         bank8
     0000921B  _playershoot_psgcompr              bank8
     00009271  _stage4_psg                        bank8
     0000B9D0  _stage7a_psg                       bank8

ASxxxx Linker V03.00 + NoICE + sdld,  page 26.
Hexadecimal  [32-Bits]

Area                                    Addr        Size        Decimal Bytes (Attributes)
--------------------------------        ----        ----        ------- ----- ------------
_BANK9                              00008000    00003F7E =       16254. bytes (REL,CON)

      Value  Global                              Global Defined In Module
      -----  --------------------------------   ------------------------
     00008000  _afterboss_psg                     bank9
     0000823B  _firetiles_bin                     bank9
     0000863B  _fortressphantom_psgcompr          bank9
     000087BC  _norefuge_psg                      bank9
     00008921  _stage1endboss_psgcompr            bank9
     00008C09  _stage1middleboss_psgcompr         bank9
     00008E6B  _stage2endboss_psgcompr            bank9
     00009191  _stage7middleboss_psgcompr         bank9
     00009645  _stage7palette_bin                 bank9
     00009655  _stage7tilemap_l                   bank9
     00009835  _stage7tilemap_m                   bank9
     0000BAF5  _stage7tiles_psgcompr              bank9
ASxxxx Linker V03.00 + NoICE + sdld,  page 27.
Hexadecimal  [32-Bits]

Area                                    Addr        Size        Decimal Bytes (Attributes)
--------------------------------        ----        ----        ------- ----- ------------
_BANK10                             00008000    00003FE2 =       16354. bytes (REL,CON)

      Value  Global                              Global Defined In Module
      -----  --------------------------------   ------------------------
     00008000  _animtilestage1_bin                bank10
     00008080  _introstar_psgcompr                bank10
     0000808E  _powerup_psgcompr                  bank10
     00008133  _scrolltilestage1_bin              bank10
     000081F3  _skull_psgcompr                    bank10
     000084DB  _spaceanimtiles_bin                bank10
     0000869B  _spaceasteroidbig_psgcompr         bank10
     0000876D  _spaceasteroidlittle_psgcompr      bank10
     00008789  _spaceasteroidmedium_psgcompr      bank10
     000087F1  _stage1palette_bin                 bank10
     000087FA  _stage1tilemap_l                   bank10
     000089FA  _stage1tilemap_m                   bank10
     00009BFA  _stage1tiles_psgcompr              bank10
     00009C7C  _stage2_psg                        bank10
     0000BD04  _stage3endboss_psgcompr            bank10
     0000BEE0  _stage8lateral_psgcompr            bank10

ASxxxx Linker V03.00 + NoICE + sdld,  page 28.
Hexadecimal  [32-Bits]

Area                                    Addr        Size        Decimal Bytes (Attributes)
--------------------------------        ----        ----        ------- ----- ------------
_BANK11                             00008000    00003C2B =       15403. bytes (REL,CON)

      Value  Global                              Global Defined In Module
      -----  --------------------------------   ------------------------
     00008000  _spaceshooter_psgcompr             bank11
     00008144  _stage5_psg                        bank11
     00009E0B  _stage7_psg                        bank11
ASxxxx Linker V03.00 + NoICE + sdld,  page 29.
Hexadecimal  [32-Bits]

Area                                    Addr        Size        Decimal Bytes (Attributes)
--------------------------------        ----        ----        ------- ----- ------------
_BANK12                             00008000    00003F51 =       16209. bytes (REL,CON)

      Value  Global                              Global Defined In Module
      -----  --------------------------------   ------------------------
     00008000  _boss_psg                          bank12
     00009ABC  _escape_psg                        bank12
     0000A616  _flight_psg                        bank12
     0000B99E  _introstage3tilemap_bin            bank12
     0000BC9E  _introstage3tiles_psgcompr         bank12

ASxxxx Linker V03.00 + NoICE + sdld,  page 30.
Hexadecimal  [32-Bits]

Area                                    Addr        Size        Decimal Bytes (Attributes)
--------------------------------        ----        ----        ------- ----- ------------
_BANK13                             00008000    00003FEA =       16362. bytes (REL,CON)

      Value  Global                              Global Defined In Module
      -----  --------------------------------   ------------------------
     00008000  _monsterblob_psgcompr              bank13
     00008120  _skullb_psgcompr                   bank13
     00008428  _stage8_psg                        bank13
     0000A98C  _stage8animtilesamov_bin           bank13
     0000B08C  _stage8animtilesbmov_bin           bank13
     0000B78C  _stage8animtilescloudsmov_bin      bank13
     0000B88C  _stage8bossb_psgcompr              bank13
     0000BECA  _stage8bossc_psgcompr              bank13

ASxxxx Linker V03.00 + NoICE + sdld,  page 31.
Hexadecimal  [32-Bits]

Area                                    Addr        Size        Decimal Bytes (Attributes)
--------------------------------        ----        ----        ------- ----- ------------
_BANK14                             00008000    00003FB3 =       16307. bytes (REL,CON)

      Value  Global                              Global Defined In Module
      -----  --------------------------------   ------------------------
     00008000  _boss2_psg                         bank14
     00009930  _player_psgcompr                   bank14
     00009AA2  _stage8palette_bin                 bank14
     00009AB2  _stage8tilemap_l                   bank14
     00009CA6  _stage8tilemap_m                   bank14
     0000B766  _stage8tiles_psgcompr              bank14
     0000BD91  _vulcanstation_psgcompr            bank14

ASxxxx Linker V03.00 + NoICE + sdld,  page 32.
Hexadecimal  [32-Bits]

Area                                    Addr        Size        Decimal Bytes (Attributes)
--------------------------------        ----        ----        ------- ----- ------------
_BANK15                             00008000    00002D92 =       11666. bytes (REL,CON)

      Value  Global                              Global Defined In Module
      -----  --------------------------------   ------------------------
     00008000  _playershootspeedsx                fixedbank
     00008004  _playershootspeedsy                fixedbank
     00008008  _stage6_fade_pink                  fixedbank
     00008010  _stage6_fade_blue                  fixedbank
     00008018  _skullshootvelx                    fixedbank
     0000801F  _skullshootvely                    fixedbank
     00008026  _skullbshootvelx                   fixedbank
     00008036  _skullbshootvely                   fixedbank
     00008046  _palette_bin                       fixedbank
     00008056  _stage4_stormpalette               fixedbank
     00008066  _stage4_seapalette                 fixedbank
     0000806A  _stage1_flashpalette               fixedbank
     00008072  _aracmovingx                       fixedbank
     0000807A  _aracmovingy                       fixedbank
     00008082  _aracmovingt                       fixedbank
     00008092  _crossamovingx                     fixedbank
     0000809A  _crossamovingy                     fixedbank
     000080A2  _crossamovingt                     fixedbank
     000080B2  _crossbmovingx                     fixedbank
     000080BA  _crossbmovingy                     fixedbank
     000080C2  _crossbmovingt                     fixedbank
     000080D2  _stage2endbossshootpatternx        fixedbank
     000080D8  _stage2endbossshootpatterny        fixedbank
     000080DE  _stage3enemylaserposx              fixedbank
     000080E6  _stage3enemylaserposy              fixedbank
     000080EE  _stage3laservelx                   fixedbank
     000080F6  _stage3laservely                   fixedbank
     000080FE  _Stage1MiddleBossBPatternX         fixedbank
     00008106  _Stage1MiddleBossBPatternY         fixedbank
     0000810E  _sinustable                        fixedbank
     0000820E  _jukebox_repeat                    fixedbank
     00008223  _jukebox_banks                     fixedbank
     00008238  _selectorstatebasetiles            fixedbank
     0000823D  _selectormarkx                     fixedbank
     00008241  _selectormarky                     fixedbank
     00008245  _selectormarkt                     fixedbank
     00008249  _intro4script                      fixedbank
     00008375  _intro1script                      fixedbank
     0000846F  _intro2script                      fixedbank
     0000850A  _intro3script                      fixedbank
     00008550  _finishscript                      fixedbank
     00008654  _ww2planemovementy                 fixedbank
     0000865C  _ww2planemovementx                 fixedbank
     00008664  _ww2plane_pattern_a                fixedbank
     00008672  _ww2plane_pattern_b                fixedbank
     00008680  _ww2plane_pattern_c                fixedbank
     00008692  _ww2plane_pattern_d                fixedbank
     000086A4  _ww2plane_pattern_e                fixedbank
     000086C2  _ww2plane_pattern_f                fixedbank
     000086E0  _span_waveship80_script            fixedbank
ASxxxx Linker V03.00 + NoICE + sdld,  page 33.
Hexadecimal  [32-Bits]

Area                                    Addr        Size        Decimal Bytes (Attributes)
--------------------------------        ----        ----        ------- ----- ------------
_BANK15                             00008000    00002D92 =       11666. bytes (REL,CON)

      Value  Global                              Global Defined In Module
      -----  --------------------------------   ------------------------
     000086EF  _span_waveship160_script           fixedbank
     000086FE  _span_randomrectship_script        fixedbank
     00008720  _span_rectshiplateral_script       fixedbank
     00008742  _span_bombships_script             fixedbank
     00008755  _span_randomwaveship_script        fixedbank
     0000876D  _span_turnships_script             fixedbank
     0000879E  _span_spreadships_script           fixedbank
     000087AC  _stage4scriptc                     fixedbank
     000087C0  _stage4scriptb                     fixedbank
     0000880B  _stage4script                      fixedbank
     00008842  _span_ww2planea_script             fixedbank
     00008864  _span_ww2planeb_script             fixedbank
     00008886  _span_ww2planec_script             fixedbank
     000088A8  _span_ww2zeppelina_script          fixedbank
     000088BB  _stage5scriptc                     fixedbank
     000088CA  _stage5scriptb                     fixedbank
     000089B0  _stage5script                      fixedbank
     00008AB3  _stage5_statics                    fixedbank
     00008BED  _stage1_statics                    fixedbank
     0000921F  _stage2_statics                    fixedbank
     0000981F  _span_asteroids_full_script        fixedbank
     00009850  _span_asteroids_little_script      fixedbank
     00009872  _stage3scriptb                     fixedbank
     0000988B  _stage3script                      fixedbank
     000098B8  _stage3_statics                    fixedbank
     00009B30  _stage7_statics                    fixedbank
     00009EF0  _stage4_scrollers                  fixedbank
     00009F90  _stage1_scrollers                  fixedbank
     00009FB8  _stage2_scrollers                  fixedbank
     00009FD6  _stage5_scrollers                  fixedbank
     00009FFE  _stage3_scrollers                  fixedbank
     0000A012  _stage7_scrollers                  fixedbank
     0000A026  _stage6_scrollers                  fixedbank
     0000A03A  _imagebases                        fixedbank
     0000A0E6  _imagebanks                        fixedbank
     0000A13C  _stage3spriteslist                 fixedbank
     0000A148  _stage1spriteslist                 fixedbank
     0000A150  _stage2spriteslist                 fixedbank
     0000A158  _stage7spriteslist                 fixedbank
     0000A15E  _stage5spriteslist                 fixedbank
     0000A164  _stage4spriteslist                 fixedbank
     0000A16E  _stage6spriteslist                 fixedbank
     0000A171  _stage6script                      fixedbank
     0000A17B  _stage6scriptb                     fixedbank
     0000A185  _vulcantankshootspeedx             fixedbank
     0000A188  _vulcantankshootspeedy             fixedbank
     0000A18B  _vulcanstationshootspeedx          fixedbank
     0000A18E  _vulcanstationshootspeedy          fixedbank
     0000A191  _stage8bosscshootspeedx            fixedbank
     0000A1A1  _stage8bosscshootspeedy            fixedbank
     0000A1B0  _stage8bossbshootspeedx            fixedbank
ASxxxx Linker V03.00 + NoICE + sdld,  page 34.
Hexadecimal  [32-Bits]

Area                                    Addr        Size        Decimal Bytes (Attributes)
--------------------------------        ----        ----        ------- ----- ------------
_BANK15                             00008000    00002D92 =       11666. bytes (REL,CON)

      Value  Global                              Global Defined In Module
      -----  --------------------------------   ------------------------
     0000A1C0  _stage8bossbshootspeedy            fixedbank
     0000A1D0  _stage8spriteslist                 fixedbank
     0000A1D7  _stage8_statics                    fixedbank
     0000A811  _stage8_scrollers                  fixedbank
     0000A81B  _stage8animpalette                 fixedbank
     0000A829  _enemieswidth                      fixedbank
     0000A87F  _enemiesheight                     fixedbank
     0000A8D5  _enemiesenergy                     fixedbank

ASxxxx Linker V03.00 + NoICE + sdld,  page 35.
Hexadecimal  [32-Bits]

Area                                    Addr        Size        Decimal Bytes (Attributes)
--------------------------------        ----        ----        ------- ----- ------------
_CABS0                              00000000    00000010 =          16. bytes (ABS,CON)

      Value  Global                              Global Defined In Module
      -----  --------------------------------   ------------------------
     00007FF0  ___SMS__SEGA_signature             _sms_manager

ASxxxx Linker V03.00 + NoICE + sdld,  page 36.
Hexadecimal  [32-Bits]

Area                                    Addr        Size        Decimal Bytes (Attributes)
--------------------------------        ----        ----        ------- ----- ------------
_CABS1                              00000000    0000000E =          14. bytes (ABS,CON)

      Value  Global                              Global Defined In Module
      -----  --------------------------------   ------------------------
     00007FD2  ___SMS__SDSC_author                _sms_manager

ASxxxx Linker V03.00 + NoICE + sdld,  page 37.
Hexadecimal  [32-Bits]

Area                                    Addr        Size        Decimal Bytes (Attributes)
--------------------------------        ----        ----        ------- ----- ------------
_CABS2                              00000000    0000000B =          11. bytes (ABS,CON)

      Value  Global                              Global Defined In Module
      -----  --------------------------------   ------------------------
     00007FC7  ___SMS__SDSC_name                  _sms_manager

ASxxxx Linker V03.00 + NoICE + sdld,  page 38.
Hexadecimal  [32-Bits]

Area                                    Addr        Size        Decimal Bytes (Attributes)
--------------------------------        ----        ----        ------- ----- ------------
_CABS3                              00000000    00000028 =          40. bytes (ABS,CON)

      Value  Global                              Global Defined In Module
      -----  --------------------------------   ------------------------
     00007F9F  ___SMS__SDSC_descr                 _sms_manager

ASxxxx Linker V03.00 + NoICE + sdld,  page 39.
Hexadecimal  [32-Bits]

Area                                    Addr        Size        Decimal Bytes (Attributes)
--------------------------------        ----        ----        ------- ----- ------------
_CABS4                              00000000    00000010 =          16. bytes (ABS,CON)

      Value  Global                              Global Defined In Module
      -----  --------------------------------   ------------------------
     00007FE0  ___SMS__SDSC_signature             _sms_manager

ASxxxx Linker V03.00 + NoICE + sdld,  page 40.

Files Linked                              [ module(s) ]

..\crt0\crt0_sms.rel                      [ crt0 ]
main.rel                                  [ main ]
..\lib\PSGlib.rel                         [ PSGlib ]
banks\bank2.rel                           [ bank2 ]
banks\bank3.rel                           [ bank3 ]
banks\bank4.rel                           [ bank4 ]
banks\bank5.rel                           [ bank5 ]
banks\bank6.rel                           [ bank6 ]
banks\bank7.rel                           [ bank7 ]
banks\bank8.rel                           [ bank8 ]
banks\bank9.rel                           [ bank9 ]
banks\bank10.rel                          [ bank10 ]
banks\bank11.rel                          [ bank11 ]
banks\bank12.rel                          [ bank12 ]
banks\bank13.rel                          [ bank13 ]
banks\bank14.rel                          [ bank14 ]
banks\fixedbank.rel                       [ fixedbank ]
devkit\_sms_manager.rel                   [ _sms_manager ]
devkit\_snd_manager.rel                   [ _snd_manager ]
defines.rel                               [ defines ]
funcs.rel                                 [ funcs ]
game.rel                                  [ game ]
vars.rel                                  [ vars ]


Libraries Linked                          [ object file ]

..\lib\SMSlib.lib                         [ SMSlib_UNSAFE.rel ]
..\lib\SMSlib.lib                         [ SMSlib.rel ]
..\lib\SMSlib.lib                         [ SMSlib_VRAMmemset.rel ]
..\lib\SMSlib.lib                         [ SMSlib_sprite.rel ]
..\lib\SMSlib.lib                         [ SMSlib_VRAMmemcpy.rel ]
..\lib\SMSlib.lib                         [ SMSlib_STMcomp.rel ]
C:\Program Files\SDCC\bin\..\lib\z80/z80.lib
                                          [ __sdcc_call_hl.rel ]
..\lib\SMSlib.lib                         [ SMSlib_PSGaiden.rel ]
C:\Program Files\SDCC\bin\..\lib\z80/z80.lib
                                          [ crtenter.rel ]

ASxxxx Linker V03.00 + NoICE + sdld,  page 41.

User Base Address Definitions

_CODE = 0x0200
_DATA = 0xc000
_BANK2=0x8000
_BANK3=0x8000
_BANK4=0x8000
_BANK5=0x8000
_BANK6=0x8000
_BANK7=0x8000
_BANK8=0x8000
_BANK9=0x8000
_BANK10=0x8000
_BANK11=0x8000
_BANK12=0x8000
_BANK13=0x8000
_BANK14=0x8000
_BANK15=0x8000

