ASxxxx Linker V03.00 + NoICE + sdld,  page 1.
Hexadecimal  [32-Bits]

Area                                    Addr        Size        Decimal Bytes (Attributes)
--------------------------------        ----        ----        ------- ----- ------------
.  .ABS.                            00000000    00000000 =           0. bytes (ABS,CON)

      Value  Global                              Global Defined In Module
      -----  --------------------------------   ------------------------
     00000000  .__.ABS.                           
     00000000  l__BSEG                         
     00000000  l__BSS                          
     00000000  l__CABS                         
     00000000  l__DABS                         
     00000000  l__HEADER                       
     00000000  l__HEAP                         
     00000000  s__CABS                         
     00000000  s__CABS0                        
     00000000  s__CABS1                        
     00000000  s__CABS2                        
     00000000  s__CABS3                        
     00000000  s__CABS4                        
     00000000  s__DABS                         
     00000000  s__HEADER                       
     00000000  s__HEADER0                      
     00000000  s__HEADER1                      
     00000000  s__HEADER2                      
     00000000  s__HEADER3                      
     00000000  s__HEADER4                      
     00000000  s__HEADER5                      
     00000001  l__GSFINAL                      
     00000003  l__HEADER3                      
     00000003  l__HEADER4                      
     00000006  l__HEADER0                      
     00000009  l__HEADER1                      
     0000000A  l__HEADER2                      
     0000000B  l__CABS2                        
     0000000E  l__CABS1                        
     0000000F  l__GSINIT                       
     00000010  l__CABS0                        
     00000010  l__CABS4                        
     00000028  l__CABS3                        
     0000012A  l__HEADER5                      
     0000017C  l__HOME                         
     00000200  s__CODE                         
     00000252  l__DATA                         
     00000258  l__INITIALIZED                  
     00000258  l__INITIALIZER                  
     00002093  l__CODE                         
     00002293  s__HOME                         
     0000240F  s__INITIALIZER                  
     00002667  s__GSINIT                       
     00002676  s__GSFINAL                      
     000036D9  l__BANK15                       
     00003C2B  l__BANK11                       
     00003F51  l__BANK12                       
     00003F7E  l__BANK9                        
     00003FA9  l__BANK8                        
     00003FB1  l__BANK6                        
ASxxxx Linker V03.00 + NoICE + sdld,  page 2.
Hexadecimal  [32-Bits]

Area                                    Addr        Size        Decimal Bytes (Attributes)
--------------------------------        ----        ----        ------- ----- ------------
.  .ABS.                            00000000    00000000 =           0. bytes (ABS,CON)

      Value  Global                              Global Defined In Module
      -----  --------------------------------   ------------------------
     00003FB3  l__BANK14                       
     00003FB5  l__BANK2                        
     00003FBD  l__BANK4                        
     00003FD0  l__BANK7                        
     00003FDB  l__BANK5                        
     00003FE2  l__BANK10                       
     00003FEA  l__BANK13                       
     00003FED  l__BANK3                        
     00008000  _SMS_SRAM                          SMSlib_PSGaiden
     00008000  s__BANK10                       
     00008000  s__BANK11                       
     00008000  s__BANK12                       
     00008000  s__BANK13                       
     00008000  s__BANK14                       
     00008000  s__BANK15                       
     00008000  s__BANK2                        
     00008000  s__BANK3                        
     00008000  s__BANK4                        
     00008000  s__BANK5                        
     00008000  s__BANK6                        
     00008000  s__BANK7                        
     00008000  s__BANK8                        
     00008000  s__BANK9                        
     0000C000  s__DATA                         
     0000C252  s__INITIALIZED                  
     0000C4AA  s__BSEG                         
     0000C4AA  s__BSS                          
     0000C4AA  s__HEAP                         
     0000FFFC  _SRAM_bank_to_be_mapped_on_slot2   SMSlib_PSGaiden
     0000FFFF  _ROM_bank_to_be_mapped_on_slot2    SMSlib_PSGaiden

ASxxxx Linker V03.00 + NoICE + sdld,  page 3.
Hexadecimal  [32-Bits]

Area                                    Addr        Size        Decimal Bytes (Attributes)
--------------------------------        ----        ----        ------- ----- ------------
_CODE                               00000200    00002093 =        8339. bytes (REL,CON)

      Value  Global                              Global Defined In Module
      -----  --------------------------------   ------------------------
     00000200  __clock                            crt0
     00000204  _exit                              crt0
     0000020A  _myRand                            main
     00000240  _changeBank                        main
     00000261  _DrawSpriteArray                   main
     000002B6  _DrawQuadSprite                    main
     0000030E  _LoadSprite                        main
     00000334  _LoadTiles                         main
     0000034E  _LoadGraphics                      main
     0000037C  _LoadBGPalette                     main
     00000391  _LoadSpritePalette                 main
     000003A2  _InterruptHandler                  main
     000003A7  _InitConsole                       main
     000003C8  _fillBackground                    main
     000003E6  _ClearScreen                       main
     000003FA  _UpdateScroll                      main
     00000411  _WriteText                         main
     00000452  _WriteNumber                       main
     000004B8  _ClearTiles                        main
     000004C9  _LoadFont                          main
     000004DF  _InitStage                         main
     00000514  _checkgamepause                    main
     0000054C  _UpdateStage                       main
     000005CF  _PlaySound                         main
     000005FE  _PlayMusic                         main
     0000065D  _UpdatePSG                         main
     00000680  _ClearTimeredLabelLine             main
     000006A0  _RemoveTimeredLabel                main
     000006F3  _UpdateTimeredLabel                main
     00000718  _UpdateTimeredLabels               main
     00000733  _InitTimeredLabel                  main
     00000787  _InitTimeredLabels                 main
     0000078D  _updatescrollact                   main
     00000798  _UpdateBarrom                      main
     000007F2  _DoBarrom                          main
     000007F8  _InitBarrom                        main
     000007FE  _RemoveExplosion                   main
     0000085B  _UpdateExplosion                   main
     00000906  _InitExplosion                     main
     00000954  _UpdateExplosions                  main
     000009C2  _InitExplosionSprite               main
     000009E7  _InitExplosions                    main
     000009F5  _InitSpawnedExplosion              main
     00000A2F  _RemoveEnemy                       main
     00000AF2  _UpdateEnemy                       main
     00000B4D  _UpdateEnemies                     main
     00000B70  _InitEnemy                         main
     00000C29  _InitEnemies                       main
     00000C2F  _InitScripts                       main
     00000C35  _InitScript                        main
ASxxxx Linker V03.00 + NoICE + sdld,  page 4.
Hexadecimal  [32-Bits]

Area                                    Addr        Size        Decimal Bytes (Attributes)
--------------------------------        ----        ----        ------- ----- ------------
_CODE                               00000200    00002093 =        8339. bytes (REL,CON)

      Value  Global                              Global Defined In Module
      -----  --------------------------------   ------------------------
     00000C82  _RemoveScript                      main
     00000D1F  _UpdateScript                      main
     00000F31  _UpdateScripts                     main
     00000F54  _InitMikGamesStage                 main
     00000FD1  _InitIntro1Stage                   main
     00001013  _DoIntro2Scroll                    main
     00001014  _InitIntro2Stage                   main
     00001015  _InitIntro3Stage                   main
     00001016  _InitIntro4Stage                   main
     00001017  _InitFinishStage                   main
     00001018  _InitIntroScroll                   main
     00001024  _setIntroStageGraphics             main
     00001046  _InitIntroStage                    main
     000010F4  _UpdatePlayStage                   main
     00001111  _main                              main
     0000112E  _PSGStop                           PSGlib
     00001155  _PSGResume                         PSGlib
     000011A1  _PSGPlay                           PSGlib
     000011CE  _PSGCancelLoop                     PSGlib
     000011D4  _PSGPlayNoRepeat                   PSGlib
     000011E3  _PSGGetStatus                      PSGlib
     000011EB  _PSGSilenceChannels                PSGlib
     000011FC  _PSGRestoreVolumes                 PSGlib
     000012CD  _PSGSetMusicVolumeAttenuation      PSGlib
     00001392  _PSGSFXStop                        PSGlib
     0000144B  _PSGSFXPlay                        PSGlib
     00001498  _PSGSFXCancelLoop                  PSGlib
     0000149E  _PSGSFXGetStatus                   PSGlib
     000014A6  _PSGSFXPlayLoop                    PSGlib
     000014C0  _PSGFrame                          PSGlib
     000015D9  _PSGSFXFrame                       PSGlib
     0000165F  _devkit_SMS_init                   _sms_manager
     00001662  _devkit_SMS_displayOn              _sms_manager
     00001668  _devkit_SMS_displayOff             _sms_manager
     0000166E  _devkit_SMS_setBGScrollX           _sms_manager
     0000167A  _devkit_SMS_setBGScrollY           _sms_manager
     00001686  _devkit_SMS_setBackdropColor       _sms_manager
     00001692  _devkit_SMS_useFirstHalfTilesfor   _sms_manager
     00001697  _devkit_SMS_useFirstHalfTilesfor   _sms_manager
     0000169C  _devkit_SMS_setSpriteMode          _sms_manager
     000016A8  _devkit_SMS_mapROMBank             _sms_manager
     000016B1  _devkit_SMS_VDPturnOnFeature       _sms_manager
     000016B8  _devkit_SMS_loadTileMap            _sms_manager
     000016F8  _devkit_SMS_loadPSGaidencompress   _sms_manager
     0000170E  _devkit_SMS_loadSTMcompressedTil   _sms_manager
     0000172F  _devkit_SMS_setBGPaletteColor      _sms_manager
     00001742  _devkit_SMS_setSpritePaletteColo   _sms_manager
     0000176A  _devkit_SMS_loadBGPalette          _sms_manager
     00001771  _devkit_SMS_loadSpritePalette      _sms_manager
     00001778  _devkit_SMS_setNextTileatXY        _sms_manager
     0000179C  _devkit_SMS_setTile                _sms_manager
ASxxxx Linker V03.00 + NoICE + sdld,  page 5.
Hexadecimal  [32-Bits]

Area                                    Addr        Size        Decimal Bytes (Attributes)
--------------------------------        ----        ----        ------- ----- ------------
_CODE                               00000200    00002093 =        8339. bytes (REL,CON)

      Value  Global                              Global Defined In Module
      -----  --------------------------------   ------------------------
     000017AA  _devkit_SMS_addSprite              _sms_manager
     000017C5  _devkit_SMS_addSprite_bulk8        _sms_manager
     0000187B  _devkit_SMS_addSprite_bulk12       _sms_manager
     00001983  _devkit_SMS_initSprites            _sms_manager
     00001986  _devkit_SMS_finalizeSprites        _sms_manager
     00001989  _devkit_SMS_waitForVBlank          _sms_manager
     0000198C  _devkit_SMS_copySpritestoSAT       _sms_manager
     0000198F  _devkit_UNSAFE_SMS_copySpritesto   _sms_manager
     00001992  _devkit_SMS_queryPauseRequested    _sms_manager
     00001995  _devkit_SMS_resetPauseRequest      _sms_manager
     00001998  _devkit_SMS_getKeysStatus          _sms_manager
     0000199B  _devkit_SMS_getKeysPressed         _sms_manager
     0000199E  _devkit_SMS_getKeysHeld            _sms_manager
     000019A1  _devkit_SMS_getKeysReleased        _sms_manager
     000019A4  _devkit_PORT_A_KEY_UP              _sms_manager
     000019A8  _devkit_PORT_A_KEY_DOWN            _sms_manager
     000019AC  _devkit_PORT_A_KEY_LEFT            _sms_manager
     000019B0  _devkit_PORT_A_KEY_RIGHT           _sms_manager
     000019B4  _devkit_PORT_A_KEY_1               _sms_manager
     000019B8  _devkit_PORT_A_KEY_2               _sms_manager
     000019BC  _devkit_SMS_VRAMmemcpy             _sms_manager
     000019DB  _devkit_SMS_VRAMmemcpy_brief       _sms_manager
     000019F9  _devkit_SMS_VRAMmemset             _sms_manager
     00001A17  _devkit_SMS_VRAMmemsetW            _sms_manager
     00001A36  _devkit_SMS_setLineInterruptHand   _sms_manager
     00001A40  _devkit_SMS_setLineCounter         _sms_manager
     00001A4C  _devkit_SMS_enableLineInterrupt    _sms_manager
     00001A52  _devkit_SMS_disableLineInterrupt   _sms_manager
     00001A58  _devkit_VDPFEATURE_HIDEFIRSTCOL    _sms_manager
     00001A5C  _devkit_VDPFEATURE_LEFTCOLBLANK    _sms_manager
     00001A60  _devkit_SPRITEMODE_NORMAL          _sms_manager
     00001AA4  _devkit_PSGPlay                    _snd_manager
     00001AAE  _devkit_PSGCancelLoop              _snd_manager
     00001AB1  _devkit_PSGPlayNoRepeat            _snd_manager
     00001ABB  _devkit_PSGStop                    _snd_manager
     00001ABE  _devkit_PSGResume                  _snd_manager
     00001AC1  _devkit_PSGGetStatus               _snd_manager
     00001AC4  _devkit_PSGSetMusicVolumeAttenua   _snd_manager
     00001AD0  _devkit_PSGSFXPlay                 _snd_manager
     00001AE5  _devkit_PSGSFXPlayLoop             _snd_manager
     00001AFA  _devkit_PSGSFXCancelLoop           _snd_manager
     00001AFD  _devkit_PSGSFXStop                 _snd_manager
     00001B00  _devkit_PSGSFXGetStatus            _snd_manager
     00001B03  _devkit_PSGSilenceChannels         _snd_manager
     00001B06  _devkit_PSGRestoreVolumes          _snd_manager
     00001B09  _devkit_PSGFrame                   _snd_manager
     00001B0C  _devkit_PSGSFXFrame                _snd_manager
     00001B0F  _devkit_SFX_CHANNEL2               _snd_manager
     00001B12  _devkit_SFX_CHANNEL3               _snd_manager
     00001B15  _devkit_SFX_CHANNELS2AND3          _snd_manager
     00001B18  __divuint                          
ASxxxx Linker V03.00 + NoICE + sdld,  page 6.
Hexadecimal  [32-Bits]

Area                                    Addr        Size        Decimal Bytes (Attributes)
--------------------------------        ----        ----        ------- ----- ------------
_CODE                               00000200    00002093 =        8339. bytes (REL,CON)

      Value  Global                              Global Defined In Module
      -----  --------------------------------   ------------------------
     00001B20  __divuchar                         
     00001B27  __divu8                            
     00001B2A  __divu16                           
     00001B59  _UNSAFE_SMS_copySpritestoSAT       SMSlib_UNSAFE
     00001B71  _UNSAFE_SMS_VRAMmemcpy32           SMSlib_UNSAFE
     00001B8E  _UNSAFE_SMS_VRAMmemcpy64           SMSlib_UNSAFE
     00001BAB  _UNSAFE_SMS_VRAMmemcpy128          SMSlib_UNSAFE
     00001BC8  _SMS_init                          SMSlib
     00001C1C  _VDPReg_init                       SMSlib
     00001C27  _SMS_VDPType                       SMSlib
     00001C2F  _SMS_VDPturnOnFeature              SMSlib
     00001C46  _SMS_VDPturnOffFeature             SMSlib
     00001C5F  _SMS_setBGScrollX                  SMSlib
     00001C69  _SMS_setBGScrollY                  SMSlib
     00001C73  _SMS_setBackdropColor              SMSlib
     00001C7D  _SMS_useFirstHalfTilesforSprites   SMSlib
     00001C91  _SMS_setSpriteMode                 SMSlib
     00001CD6  _SMS_setBGPaletteColor             SMSlib
     00001CEA  _SMS_setSpritePaletteColor         SMSlib
     00001CFE  _SMS_loadBGPalette                 SMSlib
     00001D12  _SMS_loadSpritePalette             SMSlib
     00001D26  _SMS_setColor                      SMSlib
     00001D2A  _SMS_waitForVBlank                 SMSlib
     00001D37  _SMS_getKeysStatus                 SMSlib
     00001D3B  _SMS_getKeysPressed                SMSlib
     00001D58  _SMS_getKeysHeld                   SMSlib
     00001D6F  _SMS_getKeysReleased               SMSlib
     00001D8C  _SMS_queryPauseRequested           SMSlib
     00001D94  _SMS_resetPauseRequest             SMSlib
     00001D9A  _SMS_setLineInterruptHandler       SMSlib
     00001DAB  _SMS_setLineCounter                SMSlib
     00001DBA  _SMS_getVCount                     SMSlib
     00001DBE  _SMS_getHCount                     SMSlib
     00001DC2  _SMS_isr                           SMSlib
     00001DF8  _SMS_nmi_isr                       SMSlib
     00001E0B  _SMS_VRAMmemset                    SMSlib_VRAMmemset
     00001E30  _SMS_VRAMmemsetW                   SMSlib_VRAMmemset
     00001E60  _SMS_initSprites                   SMSlib_sprite
     00001E66  _SMS_addSprite                     SMSlib_sprite
     00001E99  _SMS_finalizeSprites               SMSlib_sprite
     00001EAB  _SMS_copySpritestoSAT              SMSlib_sprite
     00001ED4  __moduchar                         
     00001EE0  __moduint                          
     00001EEB  _SMS_VRAMmemcpy                    SMSlib_VRAMmemcpy
     00001F1A  _SMS_VRAMmemcpy_brief              SMSlib_VRAMmemcpy
     00001F3C  _SMS_loadSTMcompressedTileMapAre   SMSlib_STMcomp
     0000211D  ___sdcc_call_hl                    
     0000211E  _SMS_loadPSGaidencompressedTiles   SMSlib_PSGaiden
     000021FF  _strlen                            
     0000220E  ___sdcc_enter_ix                   
     00002218  __modschar                         
ASxxxx Linker V03.00 + NoICE + sdld,  page 7.
Hexadecimal  [32-Bits]

Area                                    Addr        Size        Decimal Bytes (Attributes)
--------------------------------        ----        ----        ------- ----- ------------
_CODE                               00000200    00002093 =        8339. bytes (REL,CON)

      Value  Global                              Global Defined In Module
      -----  --------------------------------   ------------------------
     00002225  __modsint                          
     00002231  __divsint                          
     0000223A  __divschar                         
     00002241  __div8                             
     00002245  __div_signexte                     
     00002249  __div16                            
     0000226F  __get_remainder                    
     00002279  __mulint                           
     0000227F  __mul16                            

ASxxxx Linker V03.00 + NoICE + sdld,  page 8.
Hexadecimal  [32-Bits]

Area                                    Addr        Size        Decimal Bytes (Attributes)
--------------------------------        ----        ----        ------- ----- ------------
_HEADER0                            00000000    00000006 =           6. bytes (ABS,CON)

      Value  Global                              Global Defined In Module
      -----  --------------------------------   ------------------------
     00000006  _SMS_crt0_RST08                    crt0

ASxxxx Linker V03.00 + NoICE + sdld,  page 9.
Hexadecimal  [32-Bits]

Area                                    Addr        Size        Decimal Bytes (Attributes)
--------------------------------        ----        ----        ------- ----- ------------
_HEADER1                            00000000    00000009 =           9. bytes (ABS,CON)

      Value  Global                              Global Defined In Module
      -----  --------------------------------   ------------------------
     00000011  _SMS_crt0_RST18                    crt0

ASxxxx Linker V03.00 + NoICE + sdld,  page 10.
Hexadecimal  [32-Bits]

Area                                    Addr        Size        Decimal Bytes (Attributes)
--------------------------------        ----        ----        ------- ----- ------------
_HEADER2                            00000000    0000000A =          10. bytes (ABS,CON)

      Value  Global                              Global Defined In Module
      -----  --------------------------------   ------------------------
ASxxxx Linker V03.00 + NoICE + sdld,  page 11.
Hexadecimal  [32-Bits]

Area                                    Addr        Size        Decimal Bytes (Attributes)
--------------------------------        ----        ----        ------- ----- ------------
_HEADER3                            00000000    00000003 =           3. bytes (ABS,CON)

      Value  Global                              Global Defined In Module
      -----  --------------------------------   ------------------------
ASxxxx Linker V03.00 + NoICE + sdld,  page 12.
Hexadecimal  [32-Bits]

Area                                    Addr        Size        Decimal Bytes (Attributes)
--------------------------------        ----        ----        ------- ----- ------------
_HEADER4                            00000000    00000003 =           3. bytes (ABS,CON)

      Value  Global                              Global Defined In Module
      -----  --------------------------------   ------------------------
ASxxxx Linker V03.00 + NoICE + sdld,  page 13.
Hexadecimal  [32-Bits]

Area                                    Addr        Size        Decimal Bytes (Attributes)
--------------------------------        ----        ----        ------- ----- ------------
_HEADER5                            00000000    0000012A =         298. bytes (ABS,CON)

      Value  Global                              Global Defined In Module
      -----  --------------------------------   ------------------------
     00000099  _OUTI128                           crt0
     00000119  _OUTI64                            crt0
     00000159  _OUTI32                            crt0
     00000199  _outi_block                        crt0

ASxxxx Linker V03.00 + NoICE + sdld,  page 14.
Hexadecimal  [32-Bits]

Area                                    Addr        Size        Decimal Bytes (Attributes)
--------------------------------        ----        ----        ------- ----- ------------
_HOME                               00002293    0000017C =         380. bytes (REL,CON)

      Value  Global                              Global Defined In Module
      -----  --------------------------------   ------------------------
     00002293  __mullong                          _mullong

ASxxxx Linker V03.00 + NoICE + sdld,  page 15.
Hexadecimal  [32-Bits]

Area                                    Addr        Size        Decimal Bytes (Attributes)
--------------------------------        ----        ----        ------- ----- ------------
_INITIALIZER                        0000240F    00000258 =         600. bytes (REL,CON)

      Value  Global                              Global Defined In Module
      -----  --------------------------------   ------------------------
ASxxxx Linker V03.00 + NoICE + sdld,  page 16.
Hexadecimal  [32-Bits]

Area                                    Addr        Size        Decimal Bytes (Attributes)
--------------------------------        ----        ----        ------- ----- ------------
_GSINIT                             00002667    0000000F =          15. bytes (REL,CON)

      Value  Global                              Global Defined In Module
      -----  --------------------------------   ------------------------
     00002667  gsinit                             crt0

ASxxxx Linker V03.00 + NoICE + sdld,  page 17.
Hexadecimal  [32-Bits]

Area                                    Addr        Size        Decimal Bytes (Attributes)
--------------------------------        ----        ----        ------- ----- ------------
_GSFINAL                            00002676    00000001 =           1. bytes (REL,CON)

      Value  Global                              Global Defined In Module
      -----  --------------------------------   ------------------------
ASxxxx Linker V03.00 + NoICE + sdld,  page 18.
Hexadecimal  [32-Bits]

Area                                    Addr        Size        Decimal Bytes (Attributes)
--------------------------------        ----        ----        ------- ----- ------------
_DATA                               0000C000    00000252 =         594. bytes (REL,CON)

      Value  Global                              Global Defined In Module
      -----  --------------------------------   ------------------------
     0000C000  _keystatus                         main
     0000C002  _stageframe                        main
     0000C004  _stageframe2mod                    main
     0000C005  _stageframe4mod                    main
     0000C006  _sprite82anim                      main
     0000C007  _sprite164anim                     main
     0000C008  _basestage                         main
     0000C009  _playstage                         main
     0000C00A  _updateplaystage                   main
     0000C00B  _stagenum                          main
     0000C00C  _laststagenum                      main
     0000C00D  _numplayers                        main
     0000C00E  _exitplaystage                     main
     0000C00F  _gamelevel                         main
     0000C010  _gamestock                         main
     0000C011  _gamepause                         main
     0000C012  _playerx                           main
     0000C013  _playery                           main
     0000C014  _playertype                        main
     0000C015  _playercounter                     main
     0000C016  _playershootcounter                main
     0000C017  _playerside                        main
     0000C018  _playerspeed                       main
     0000C019  _playershootlevel                  main
     0000C01A  _playershootmax                    main
     0000C01B  _numplayershoots                   main
     0000C01C  _playershoots                      main
     0000C02B  _shootcount                        main
     0000C02C  _numenemyshoots                    main
     0000C02D  _enemyshoots                       main
     0000C05F  _playstageshootspeed               main
     0000C060  _numexplosions                     main
     0000C061  _explosions                        main
     0000C089  _numenemies                        main
     0000C08A  _enemies                           main
     0000C0E4  _maplines                          main
     0000C0E6  _maplineslength                    main
     0000C0E8  _maptiles                          main
     0000C0EA  _mappositionx                      main
     0000C0EC  _mappositiony                      main
     0000C0EE  _oldmappositiony                   main
     0000C0F0  _lastbank                          main
     0000C0F1  _mapstatics                        main
     0000C0F3  _mapstaticscount                   main
     0000C0F5  _mapstaticsbank                    main
     0000C0F6  _musicbank                         main
     0000C0F7  _mapbank                           main
     0000C0F8  _playstagebank                     main
     0000C0F9  _numscrolls                        main
     0000C0FA  _scrollactspeedy                   main
ASxxxx Linker V03.00 + NoICE + sdld,  page 19.
Hexadecimal  [32-Bits]

Area                                    Addr        Size        Decimal Bytes (Attributes)
--------------------------------        ----        ----        ------- ----- ------------
_DATA                               0000C000    00000252 =         594. bytes (REL,CON)

      Value  Global                              Global Defined In Module
      -----  --------------------------------   ------------------------
     0000C0FB  _scrollactspeedx                   main
     0000C0FC  _scrollact                         main
     0000C0FD  _scrolltimes                       main
     0000C0FF  _disablescroll                     main
     0000C100  _scrolls                           main
     0000C102  _numscripts                        main
     0000C103  _scripts                           main
     0000C123  _numtimeredlabels                  main
     0000C124  _timeredlabels                     main
     0000C12A  _introstageposx                    main
     0000C12C  _introstagevelx                    main
     0000C12E  _dojukebox                         main
     0000C12F  _spawnedexplosionposx              main
     0000C130  _spawnedexplosionposy              main
     0000C131  _spawnedexplosionwidth             main
     0000C132  _spawnedexplosionheight            main
     0000C133  _spawnedexplosiontime              main
     0000C134  _stage4playrays                    main
     0000C135  _numinterrupts                     main
     0000C136  _powerupx                          main
     0000C137  _powerupy                          main
     0000C138  _powerupt                          main
     0000C139  _powerupv                          main
     0000C13A  _powerupcounter                    main
     0000C13C  _lastplayedmusic                   main
     0000C13E  _lastplayedmusicbank               main
     0000C13F  _lastplayedmusiclooped             main
     0000C140  _stage8phase                       main
     0000C141  _barromtime                        main
     0000C142  _PSGMusicStatus                    PSGlib
     0000C143  _PSGMusicStart                     PSGlib
     0000C145  _PSGMusicPointer                   PSGlib
     0000C147  _PSGMusicLoopPoint                 PSGlib
     0000C149  _PSGMusicSkipFrames                PSGlib
     0000C14A  _PSGLoopFlag                       PSGlib
     0000C14B  _PSGMusicLastLatch                 PSGlib
     0000C14C  _PSGMusicVolumeAttenuation         PSGlib
     0000C14D  _PSGMusicSubstringLen              PSGlib
     0000C14E  _PSGMusicSubstringRetAddr          PSGlib
     0000C150  _PSGChan0Volume                    PSGlib
     0000C151  _PSGChan1Volume                    PSGlib
     0000C152  _PSGChan2Volume                    PSGlib
     0000C153  _PSGChan3Volume                    PSGlib
     0000C154  _PSGChan2LowTone                   PSGlib
     0000C155  _PSGChan2HighTone                  PSGlib
     0000C156  _PSGChan3LowTone                   PSGlib
     0000C157  _PSGChannel2SFX                    PSGlib
     0000C158  _PSGChannel3SFX                    PSGlib
     0000C159  _PSGSFXChan2Volume                 PSGlib
     0000C15A  _PSGSFXChan3Volume                 PSGlib
     0000C15B  _PSGSFXStatus                      PSGlib
ASxxxx Linker V03.00 + NoICE + sdld,  page 20.
Hexadecimal  [32-Bits]

Area                                    Addr        Size        Decimal Bytes (Attributes)
--------------------------------        ----        ----        ------- ----- ------------
_DATA                               0000C000    00000252 =         594. bytes (REL,CON)

      Value  Global                              Global Defined In Module
      -----  --------------------------------   ------------------------
     0000C15C  _PSGSFXStart                       PSGlib
     0000C15E  _PSGSFXPointer                     PSGlib
     0000C160  _PSGSFXLoopPoint                   PSGlib
     0000C162  _PSGSFXSkipFrames                  PSGlib
     0000C163  _PSGSFXLoopFlag                    PSGlib
     0000C164  _PSGSFXSubstringLen                PSGlib
     0000C165  _PSGSFXSubstringRetAddr            PSGlib
     0000C167  _VDPBlank                          SMSlib
     0000C168  _SMS_VDPFlags                      SMSlib
     0000C169  _PauseRequested                    SMSlib
     0000C16A  _VDPType                           SMSlib
     0000C16B  _KeysStatus                        SMSlib
     0000C16D  _PreviousKeysStatus                SMSlib
     0000C16F  _SMS_theLineInterruptHandler       SMSlib
     0000C171  _SpriteTableY                      SMSlib_sprite
     0000C1B1  _SpriteTableXN                     SMSlib_sprite
     0000C231  _SpriteNextFree                    SMSlib_sprite
     0000C232  _decompBuffer                      SMSlib_PSGaiden

ASxxxx Linker V03.00 + NoICE + sdld,  page 21.
Hexadecimal  [32-Bits]

Area                                    Addr        Size        Decimal Bytes (Attributes)
--------------------------------        ----        ----        ------- ----- ------------
_INITIALIZED                        0000C252    00000258 =         600. bytes (REL,CON)

      Value  Global                              Global Defined In Module
      -----  --------------------------------   ------------------------
     0000C252  _state                             main
     0000C256  _barromx                           main
     0000C262  _barromy                           main
     0000C26E  _jukebox_songs                     fixedbank
     0000C298  _jukebox_names                     fixedbank
     0000C2C2  _selectornamestage                 fixedbank
     0000C2CC  _intro1labels                      fixedbank
     0000C2D8  _intro3labels                      fixedbank
     0000C2EE  _finishlabels                      fixedbank
     0000C316  _stagedatamarks                    fixedbank
     0000C31E  _stageinitdata                     fixedbank
     0000C39E  _ww2plane_patterns                 fixedbank
     0000C3AA  _spawners                          fixedbank
     0000C3D6  _imagepointers                     fixedbank
     0000C482  _monsterheadshootdirecionsx        fixedbank
     0000C492  _monsterheadshootdirecionsy        fixedbank
     0000C4A2  _difficultlabels                   fixedbank
     0000C4A6  _VDPReg                            SMSlib
     0000C4A8  _spritesHeight                     SMSlib
     0000C4A9  _spritesWidth                      SMSlib

ASxxxx Linker V03.00 + NoICE + sdld,  page 22.
Hexadecimal  [32-Bits]

Area                                    Addr        Size        Decimal Bytes (Attributes)
--------------------------------        ----        ----        ------- ----- ------------
_BANK2                              00008000    00003FB5 =       16309. bytes (REL,CON)

      Value  Global                              Global Defined In Module
      -----  --------------------------------   ------------------------
     00008000  _bigexplosion_psgcompr             bank2
     000080A7  _ending_psg                        bank2
     0000A7F1  _enemybomb_psg                     bank2
     0000A809  _enemylaser_psg                    bank2
     0000A821  _explosion_psg                     bank2
     0000A83A  _font_psgcompr                     bank2
     0000AA09  _fortressdoor_psgcompr             bank2
     0000AA45  _mikgamestilemap_bin               bank2
     0000AAC5  _mikgamestiles_psgcompr            bank2
     0000ABC3  _pause_psg                         bank2
     0000ABE6  _persons_bin                       bank2
     0000ADDE  _persons_psgcompr                  bank2
     0000B849  _personspalette_bin                bank2
     0000B859  _playershoot_psg                   bank2
     0000B861  _powerup_psg                       bank2
     0000B88F  _ray_psg                           bank2
     0000B8B2  _selectorpalette_bin               bank2
     0000B8C2  _selectortiles_psgcompr            bank2
     0000BF84  _silence_psg                       bank2

ASxxxx Linker V03.00 + NoICE + sdld,  page 23.
Hexadecimal  [32-Bits]

Area                                    Addr        Size        Decimal Bytes (Attributes)
--------------------------------        ----        ----        ------- ----- ------------
_BANK3                              00008000    00003FED =       16365. bytes (REL,CON)

      Value  Global                              Global Defined In Module
      -----  --------------------------------   ------------------------
     00008000  _fortresssearch_psgcompr           bank3
     000082CF  _logopalette_bin                   bank3
     000082DF  _logotilemap_l                     bank3
     000082FB  _logotilemap_m                     bank3
     0000867B  _logotiles_psgcompr                bank3
     000090ED  _spacestation_psgcompr             bank3
     000091A8  _stage2palette_bin                 bank3
     000091B8  _stage2tilemap_l                   bank3
     000093B8  _stage2tilemap_m                   bank3
     0000B538  _stage2tiles_psgcompr              bank3
     0000BF8D  _ww2ship_psgcompr                  bank3

ASxxxx Linker V03.00 + NoICE + sdld,  page 24.
Hexadecimal  [32-Bits]

Area                                    Addr        Size        Decimal Bytes (Attributes)
--------------------------------        ----        ----        ------- ----- ------------
_BANK4                              00008000    00003FBD =       16317. bytes (REL,CON)

      Value  Global                              Global Defined In Module
      -----  --------------------------------   ------------------------
     00008000  _endingstagetilemap_bin            bank4
     000082C0  _endingstagetiles_psgcompr         bank4
     000082DC  _intro2_psg                        bank4
     00008B69  _introovni_psgcompr                bank4
     00008CA2  _introsideplayer_psgcompr          bank4
     00008D1A  _rectship_psgcompr                 bank4
     00008DBF  _select_psg                        bank4
     00008F67  _stage3_psg                        bank4
     0000A683  _stage4endboss_psgcompr            bank4
     0000A7F4  _stage4endbossb_psgcompr           bank4
     0000A824  _stage4endbossc_psgcompr           bank4
     0000A995  _stage4middleboss_psgcompr         bank4
     0000ABF0  _stage4palette_bin                 bank4
     0000AC00  _stage4tilemap_l                   bank4
     0000ACBD  _stage4tilemap_m                   bank4
     0000B4FD  _stage4tiles_psgcompr              bank4
     0000BC63  _vulcantank_psgcompr               bank4
     0000BE1B  _warning_psgcompr                  bank4
     0000BE9C  _waveship_psgcompr                 bank4

ASxxxx Linker V03.00 + NoICE + sdld,  page 25.
Hexadecimal  [32-Bits]

Area                                    Addr        Size        Decimal Bytes (Attributes)
--------------------------------        ----        ----        ------- ----- ------------
_BANK5                              00008000    00003FDB =       16347. bytes (REL,CON)

      Value  Global                              Global Defined In Module
      -----  --------------------------------   ------------------------
     00008000  _intro3_psg                        bank5
     00009310  _littleexplosion_psgcompr          bank5
     00009327  _monsterhead_psgcompr              bank5
     000095AA  _monstermissil_psgcompr            bank5
     00009734  _stage1_psg                        bank5
     0000BAAD  _stage7endboss_psgcompr            bank5
     0000BC36  _vulcanbird_psgcompr               bank5
     0000BE16  _vulcanlaser_psgcompr              bank5
     0000BE5C  _vulcanlava_psgcompr               bank5
     0000BED7  _vulcanvulcan_psgcompr             bank5
     0000BEFC  _ww2zeppelin_psgcompr              bank5

ASxxxx Linker V03.00 + NoICE + sdld,  page 26.
Hexadecimal  [32-Bits]

Area                                    Addr        Size        Decimal Bytes (Attributes)
--------------------------------        ----        ----        ------- ----- ------------
_BANK6                              00008000    00003FB1 =       16305. bytes (REL,CON)

      Value  Global                              Global Defined In Module
      -----  --------------------------------   ------------------------
     00008000  _bombship_psgcompr                 bank6
     00008118  _fortresscannon_psgcompr           bank6
     00008286  _logo_psg                          bank6
     00009B52  _spreadship_psgcompr               bank6
     00009BE5  _stage5palette_bin                 bank6
     00009BF5  _stage5tilemap_l                   bank6
     00009DAD  _stage5tilemap_m                   bank6
     0000AF6D  _stage5tiles_psgcompr              bank6
     0000B20C  _stage6palette_bin                 bank6
     0000B21C  _stage6tilemap_l                   bank6
     0000B24C  _stage6tilemap_m                   bank6
     0000B54C  _stage6tiles_psgcompr              bank6
     0000BD16  _turnship_psgcompr                 bank6
     0000BE74  _watertiles_bin                    bank6
     0000BF74  _ww2cloud_psgcompr                 bank6
ASxxxx Linker V03.00 + NoICE + sdld,  page 27.
Hexadecimal  [32-Bits]

Area                                    Addr        Size        Decimal Bytes (Attributes)
--------------------------------        ----        ----        ------- ----- ------------
_BANK7                              00008000    00003FD0 =       16336. bytes (REL,CON)

      Value  Global                              Global Defined In Module
      -----  --------------------------------   ------------------------
     00008000  _bone_psgcompr                     bank7
     0000811A  _cursors_psgcompr                  bank7
     00008125  _enemyshoot_psgcompr               bank7
     0000817E  _fortresswave_psgcompr             bank7
     000081EA  _stage3palette_bin                 bank7
     000081FA  _stage3tilemap_l                   bank7
     0000834E  _stage3tilemap_m                   bank7
     0000A9CE  _stage3tiles_psgcompr              bank7
     0000AC3D  _stage5endboss_psgcompr            bank7
     0000AF24  _stage6_psg                        bank7
     0000B760  _stage7animtiles_bin               bank7
     0000B860  _stage7animtilesc_bin              bank7
     0000B960  _stage7animtilesd_bin              bank7
     0000BA60  _stage7animtilese_bin              bank7
     0000BB60  _ww2plane_psgcompr                 bank7
     0000BE7E  _ww2tank_psgcompr                  bank7

ASxxxx Linker V03.00 + NoICE + sdld,  page 28.
Hexadecimal  [32-Bits]

Area                                    Addr        Size        Decimal Bytes (Attributes)
--------------------------------        ----        ----        ------- ----- ------------
_BANK8                              00008000    00003FA9 =       16297. bytes (REL,CON)

      Value  Global                              Global Defined In Module
      -----  --------------------------------   ------------------------
     00008000  _gameover_psg                      bank8
     00008240  _introstage1tilemap_bin            bank8
     000084C0  _introstage1tiles_psgcompr         bank8
     00008E29  _introstage2tilemap_bin            bank8
     000090E9  _introstage2tiles_psgcompr         bank8
     0000921B  _playershoot_psgcompr              bank8
     00009271  _stage4_psg                        bank8
     0000B9D0  _stage7a_psg                       bank8

ASxxxx Linker V03.00 + NoICE + sdld,  page 29.
Hexadecimal  [32-Bits]

Area                                    Addr        Size        Decimal Bytes (Attributes)
--------------------------------        ----        ----        ------- ----- ------------
_BANK9                              00008000    00003F7E =       16254. bytes (REL,CON)

      Value  Global                              Global Defined In Module
      -----  --------------------------------   ------------------------
     00008000  _afterboss_psg                     bank9
     0000823B  _firetiles_bin                     bank9
     0000863B  _fortressphantom_psgcompr          bank9
     000087BC  _norefuge_psg                      bank9
     00008921  _stage1endboss_psgcompr            bank9
     00008C09  _stage1middleboss_psgcompr         bank9
     00008E6B  _stage2endboss_psgcompr            bank9
     00009191  _stage7middleboss_psgcompr         bank9
     00009645  _stage7palette_bin                 bank9
     00009655  _stage7tilemap_l                   bank9
     00009835  _stage7tilemap_m                   bank9
     0000BAF5  _stage7tiles_psgcompr              bank9
ASxxxx Linker V03.00 + NoICE + sdld,  page 30.
Hexadecimal  [32-Bits]

Area                                    Addr        Size        Decimal Bytes (Attributes)
--------------------------------        ----        ----        ------- ----- ------------
_BANK10                             00008000    00003FE2 =       16354. bytes (REL,CON)

      Value  Global                              Global Defined In Module
      -----  --------------------------------   ------------------------
     00008000  _animtilestage1_bin                bank10
     00008080  _introstar_psgcompr                bank10
     0000808E  _powerup_psgcompr                  bank10
     00008133  _scrolltilestage1_bin              bank10
     000081F3  _skull_psgcompr                    bank10
     000084DB  _spaceanimtiles_bin                bank10
     0000869B  _spaceasteroidbig_psgcompr         bank10
     0000876D  _spaceasteroidlittle_psgcompr      bank10
     00008789  _spaceasteroidmedium_psgcompr      bank10
     000087F1  _stage1palette_bin                 bank10
     000087FA  _stage1tilemap_l                   bank10
     000089FA  _stage1tilemap_m                   bank10
     00009BFA  _stage1tiles_psgcompr              bank10
     00009C7C  _stage2_psg                        bank10
     0000BD04  _stage3endboss_psgcompr            bank10
     0000BEE0  _stage8lateral_psgcompr            bank10

ASxxxx Linker V03.00 + NoICE + sdld,  page 31.
Hexadecimal  [32-Bits]

Area                                    Addr        Size        Decimal Bytes (Attributes)
--------------------------------        ----        ----        ------- ----- ------------
_BANK11                             00008000    00003C2B =       15403. bytes (REL,CON)

      Value  Global                              Global Defined In Module
      -----  --------------------------------   ------------------------
     00008000  _spaceshooter_psgcompr             bank11
     00008144  _stage5_psg                        bank11
     00009E0B  _stage7_psg                        bank11
ASxxxx Linker V03.00 + NoICE + sdld,  page 32.
Hexadecimal  [32-Bits]

Area                                    Addr        Size        Decimal Bytes (Attributes)
--------------------------------        ----        ----        ------- ----- ------------
_BANK12                             00008000    00003F51 =       16209. bytes (REL,CON)

      Value  Global                              Global Defined In Module
      -----  --------------------------------   ------------------------
     00008000  _boss_psg                          bank12
     00009ABC  _escape_psg                        bank12
     0000A616  _flight_psg                        bank12
     0000B99E  _introstage3tilemap_bin            bank12
     0000BC9E  _introstage3tiles_psgcompr         bank12

ASxxxx Linker V03.00 + NoICE + sdld,  page 33.
Hexadecimal  [32-Bits]

Area                                    Addr        Size        Decimal Bytes (Attributes)
--------------------------------        ----        ----        ------- ----- ------------
_BANK13                             00008000    00003FEA =       16362. bytes (REL,CON)

      Value  Global                              Global Defined In Module
      -----  --------------------------------   ------------------------
     00008000  _monsterblob_psgcompr              bank13
     00008120  _skullb_psgcompr                   bank13
     00008428  _stage8_psg                        bank13
     0000A98C  _stage8animtilesamov_bin           bank13
     0000B08C  _stage8animtilesbmov_bin           bank13
     0000B78C  _stage8animtilescloudsmov_bin      bank13
     0000B88C  _stage8bossb_psgcompr              bank13
     0000BECA  _stage8bossc_psgcompr              bank13

ASxxxx Linker V03.00 + NoICE + sdld,  page 34.
Hexadecimal  [32-Bits]

Area                                    Addr        Size        Decimal Bytes (Attributes)
--------------------------------        ----        ----        ------- ----- ------------
_BANK14                             00008000    00003FB3 =       16307. bytes (REL,CON)

      Value  Global                              Global Defined In Module
      -----  --------------------------------   ------------------------
     00008000  _boss2_psg                         bank14
     00009930  _player_psgcompr                   bank14
     00009AA2  _stage8palette_bin                 bank14
     00009AB2  _stage8tilemap_l                   bank14
     00009CA6  _stage8tilemap_m                   bank14
     0000B766  _stage8tiles_psgcompr              bank14
     0000BD91  _vulcanstation_psgcompr            bank14

ASxxxx Linker V03.00 + NoICE + sdld,  page 35.
Hexadecimal  [32-Bits]

Area                                    Addr        Size        Decimal Bytes (Attributes)
--------------------------------        ----        ----        ------- ----- ------------
_BANK15                             00008000    000036D9 =       14041. bytes (REL,CON)

      Value  Global                              Global Defined In Module
      -----  --------------------------------   ------------------------
     00008000  _playershootspeedsx                fixedbank
     00008004  _playershootspeedsy                fixedbank
     00008008  _stage6_fade_pink                  fixedbank
     00008010  _stage6_fade_blue                  fixedbank
     00008018  _skullshootvelx                    fixedbank
     0000801F  _skullshootvely                    fixedbank
     00008026  _skullbshootvelx                   fixedbank
     00008036  _skullbshootvely                   fixedbank
     00008046  _palette_bin                       fixedbank
     00008056  _stage4_stormpalette               fixedbank
     00008066  _stage4_seapalette                 fixedbank
     0000806A  _stage1_flashpalette               fixedbank
     00008072  _aracmovingx                       fixedbank
     0000807A  _aracmovingy                       fixedbank
     00008082  _aracmovingt                       fixedbank
     00008092  _crossamovingx                     fixedbank
     0000809A  _crossamovingy                     fixedbank
     000080A2  _crossamovingt                     fixedbank
     000080B2  _crossbmovingx                     fixedbank
     000080BA  _crossbmovingy                     fixedbank
     000080C2  _crossbmovingt                     fixedbank
     000080D2  _stage2endbossshootpatternx        fixedbank
     000080D8  _stage2endbossshootpatterny        fixedbank
     000080DE  _stage3enemylaserposx              fixedbank
     000080E6  _stage3enemylaserposy              fixedbank
     000080EE  _stage3laservelx                   fixedbank
     000080F6  _stage3laservely                   fixedbank
     000080FE  _Stage1MiddleBossBPatternX         fixedbank
     00008106  _Stage1MiddleBossBPatternY         fixedbank
     0000810E  _sinustable                        fixedbank
     0000820E  _jukebox_repeat                    fixedbank
     00008223  _jukebox_banks                     fixedbank
     00008238  _selectorstatebasetiles            fixedbank
     0000823D  _selectormarkx                     fixedbank
     00008241  _selectormarky                     fixedbank
     00008245  _selectormarkt                     fixedbank
     00008249  _intro4script                      fixedbank
     00008375  _intro1script                      fixedbank
     0000846F  _intro2script                      fixedbank
     0000850A  _intro3script                      fixedbank
     00008550  _finishscript                      fixedbank
     00008654  _ww2planemovementy                 fixedbank
     0000865C  _ww2planemovementx                 fixedbank
     00008664  _ww2plane_pattern_a                fixedbank
     00008672  _ww2plane_pattern_b                fixedbank
     00008680  _ww2plane_pattern_c                fixedbank
     00008692  _ww2plane_pattern_d                fixedbank
     000086A4  _ww2plane_pattern_e                fixedbank
     000086C2  _ww2plane_pattern_f                fixedbank
     000086E0  _span_waveship80_script            fixedbank
ASxxxx Linker V03.00 + NoICE + sdld,  page 36.
Hexadecimal  [32-Bits]

Area                                    Addr        Size        Decimal Bytes (Attributes)
--------------------------------        ----        ----        ------- ----- ------------
_BANK15                             00008000    000036D9 =       14041. bytes (REL,CON)

      Value  Global                              Global Defined In Module
      -----  --------------------------------   ------------------------
     000086EF  _span_waveship160_script           fixedbank
     000086FE  _span_randomrectship_script        fixedbank
     00008720  _span_rectshiplateral_script       fixedbank
     00008742  _span_bombships_script             fixedbank
     00008755  _span_randomwaveship_script        fixedbank
     0000876D  _span_turnships_script             fixedbank
     0000879E  _span_spreadships_script           fixedbank
     000087AC  _stage4scriptc                     fixedbank
     000087C0  _stage4scriptb                     fixedbank
     0000880B  _stage4script                      fixedbank
     00008842  _span_ww2planea_script             fixedbank
     00008864  _span_ww2planeb_script             fixedbank
     00008886  _span_ww2planec_script             fixedbank
     000088A8  _span_ww2zeppelina_script          fixedbank
     000088BB  _stage5scriptc                     fixedbank
     000088CA  _stage5scriptb                     fixedbank
     000089B0  _stage5script                      fixedbank
     00008AB3  _stage5_statics                    fixedbank
     00008BED  _stage1_statics                    fixedbank
     0000921F  _stage2_statics                    fixedbank
     0000981F  _span_asteroids_full_script        fixedbank
     00009850  _span_asteroids_little_script      fixedbank
     00009872  _stage3scriptb                     fixedbank
     0000988B  _stage3script                      fixedbank
     000098B8  _stage3_statics                    fixedbank
     00009B30  _stage7_statics                    fixedbank
     00009EF0  _initenemyfunctions                fixedbank
     00009EF2  _updateenemyfunctions              fixedbank
     00009EF4  _updatestagefunctions              fixedbank
     00009EF6  _stage4_scrollers                  fixedbank
     00009F96  _stage1_scrollers                  fixedbank
     00009FBE  _stage2_scrollers                  fixedbank
     00009FDC  _stage5_scrollers                  fixedbank
     0000A004  _stage3_scrollers                  fixedbank
     0000A018  _stage7_scrollers                  fixedbank
     0000A02C  _stage6_scrollers                  fixedbank
     0000A040  _imagebases                        fixedbank
     0000A0EC  _imagebanks                        fixedbank
     0000A142  _stage3spriteslist                 fixedbank
     0000A14E  _stage1spriteslist                 fixedbank
     0000A156  _stage2spriteslist                 fixedbank
     0000A15E  _stage7spriteslist                 fixedbank
     0000A164  _stage5spriteslist                 fixedbank
     0000A16A  _stage4spriteslist                 fixedbank
     0000A174  _stage6spriteslist                 fixedbank
     0000A177  _stage6script                      fixedbank
     0000A181  _stage6scriptb                     fixedbank
     0000A18B  _vulcantankshootspeedx             fixedbank
     0000A18E  _vulcantankshootspeedy             fixedbank
     0000A191  _vulcanstationshootspeedx          fixedbank
     0000A194  _vulcanstationshootspeedy          fixedbank
ASxxxx Linker V03.00 + NoICE + sdld,  page 37.
Hexadecimal  [32-Bits]

Area                                    Addr        Size        Decimal Bytes (Attributes)
--------------------------------        ----        ----        ------- ----- ------------
_BANK15                             00008000    000036D9 =       14041. bytes (REL,CON)

      Value  Global                              Global Defined In Module
      -----  --------------------------------   ------------------------
     0000A197  _stage8bosscshootspeedx            fixedbank
     0000A1A7  _stage8bosscshootspeedy            fixedbank
     0000A1B6  _stage8bossbshootspeedx            fixedbank
     0000A1C6  _stage8bossbshootspeedy            fixedbank
     0000A1D6  _stage8spriteslist                 fixedbank
     0000A1DD  _stage8_statics                    fixedbank
     0000A817  _stage8_scrollers                  fixedbank
     0000A821  _stage8animpalette                 fixedbank
     0000A82F  _enemieswidth                      fixedbank
     0000A885  _enemiesheight                     fixedbank
     0000A8DB  _enemiesenergy                     fixedbank
     0000A931  _intro1_psg                        fixedbank

ASxxxx Linker V03.00 + NoICE + sdld,  page 38.
Hexadecimal  [32-Bits]

Area                                    Addr        Size        Decimal Bytes (Attributes)
--------------------------------        ----        ----        ------- ----- ------------
_CABS0                              00000000    00000010 =          16. bytes (ABS,CON)

      Value  Global                              Global Defined In Module
      -----  --------------------------------   ------------------------
     00007FF0  ___SMS__SEGA_signature             _sms_manager

ASxxxx Linker V03.00 + NoICE + sdld,  page 39.
Hexadecimal  [32-Bits]

Area                                    Addr        Size        Decimal Bytes (Attributes)
--------------------------------        ----        ----        ------- ----- ------------
_CABS1                              00000000    0000000E =          14. bytes (ABS,CON)

      Value  Global                              Global Defined In Module
      -----  --------------------------------   ------------------------
     00007FD2  ___SMS__SDSC_author                _sms_manager

ASxxxx Linker V03.00 + NoICE + sdld,  page 40.
Hexadecimal  [32-Bits]

Area                                    Addr        Size        Decimal Bytes (Attributes)
--------------------------------        ----        ----        ------- ----- ------------
_CABS2                              00000000    0000000B =          11. bytes (ABS,CON)

      Value  Global                              Global Defined In Module
      -----  --------------------------------   ------------------------
     00007FC7  ___SMS__SDSC_name                  _sms_manager

ASxxxx Linker V03.00 + NoICE + sdld,  page 41.
Hexadecimal  [32-Bits]

Area                                    Addr        Size        Decimal Bytes (Attributes)
--------------------------------        ----        ----        ------- ----- ------------
_CABS3                              00000000    00000028 =          40. bytes (ABS,CON)

      Value  Global                              Global Defined In Module
      -----  --------------------------------   ------------------------
     00007F9F  ___SMS__SDSC_descr                 _sms_manager

ASxxxx Linker V03.00 + NoICE + sdld,  page 42.
Hexadecimal  [32-Bits]

Area                                    Addr        Size        Decimal Bytes (Attributes)
--------------------------------        ----        ----        ------- ----- ------------
_CABS4                              00000000    00000010 =          16. bytes (ABS,CON)

      Value  Global                              Global Defined In Module
      -----  --------------------------------   ------------------------
     00007FE0  ___SMS__SDSC_signature             _sms_manager

ASxxxx Linker V03.00 + NoICE + sdld,  page 43.

Files Linked                              [ module(s) ]

..\crt0\crt0_sms.rel                      [ crt0 ]
main.rel                                  [ main ]
..\lib\PSGlib.rel                         [ PSGlib ]
banks\bank2.rel                           [ bank2 ]
banks\bank3.rel                           [ bank3 ]
banks\bank4.rel                           [ bank4 ]
banks\bank5.rel                           [ bank5 ]
banks\bank6.rel                           [ bank6 ]
banks\bank7.rel                           [ bank7 ]
banks\bank8.rel                           [ bank8 ]
banks\bank9.rel                           [ bank9 ]
banks\bank10.rel                          [ bank10 ]
banks\bank11.rel                          [ bank11 ]
banks\bank12.rel                          [ bank12 ]
banks\bank13.rel                          [ bank13 ]
banks\bank14.rel                          [ bank14 ]
banks\fixedbank.rel                       [ fixedbank ]
devkit\_sms_manager.rel                   [ _sms_manager ]
devkit\_snd_manager.rel                   [ _snd_manager ]


Libraries Linked                          [ object file ]

C:\Program Files\SDCC\bin\..\lib\z80/z80.lib
                                          [ divunsigned.rel ]
..\lib\SMSlib.lib                         [ SMSlib_UNSAFE.rel ]
..\lib\SMSlib.lib                         [ SMSlib.rel ]
..\lib\SMSlib.lib                         [ SMSlib_VRAMmemset.rel ]
..\lib\SMSlib.lib                         [ SMSlib_sprite.rel ]
C:\Program Files\SDCC\bin\..\lib\z80/z80.lib
                                          [ modunsigned.rel ]
..\lib\SMSlib.lib                         [ SMSlib_VRAMmemcpy.rel ]
..\lib\SMSlib.lib                         [ SMSlib_STMcomp.rel ]
C:\Program Files\SDCC\bin\..\lib\z80/z80.lib
                                          [ __sdcc_call_hl.rel ]
..\lib\SMSlib.lib                         [ SMSlib_PSGaiden.rel ]
C:\Program Files\SDCC\bin\..\lib\z80/z80.lib
                                          [ strlen.rel ]
C:\Program Files\SDCC\bin\..\lib\z80/z80.lib
                                          [ crtenter.rel ]
C:\Program Files\SDCC\bin\..\lib\z80/z80.lib
                                          [ _mullong.rel ]
C:\Program Files\SDCC\bin\..\lib\z80/z80.lib
                                          [ modsigned.rel ]
C:\Program Files\SDCC\bin\..\lib\z80/z80.lib
                                          [ divsigned.rel ]
C:\Program Files\SDCC\bin\..\lib\z80/z80.lib
                                          [ mul.rel ]

ASxxxx Linker V03.00 + NoICE + sdld,  page 44.

User Base Address Definitions

_CODE = 0x0200
_DATA = 0xc000
_BANK2=0x8000
_BANK3=0x8000
_BANK4=0x8000
_BANK5=0x8000
_BANK6=0x8000
_BANK7=0x8000
_BANK8=0x8000
_BANK9=0x8000
_BANK10=0x8000
_BANK11=0x8000
_BANK12=0x8000
_BANK13=0x8000
_BANK14=0x8000
_BANK15=0x8000

