ASxxxx Linker V03.00 + NoICE + sdld,  page 1.
Hexadecimal  [32-Bits]

Area                                    Addr        Size        Decimal Bytes (Attributes)
--------------------------------        ----        ----        ------- ----- ------------
.  .ABS.                            00000000    00000000 =           0. bytes (ABS,CON)

      Value  Global                              Global Defined In Module
      -----  --------------------------------   ------------------------
     00000000  .__.ABS.                           
     00000000  l__BSEG                         
     00000000  l__BSS                          
     00000000  l__CABS                         
     00000000  l__DABS                         
     00000000  l__HEADER                       
     00000000  l__HEAP                         
     00000000  s__CABS                         
     00000000  s__CABS0                        
     00000000  s__CABS1                        
     00000000  s__CABS2                        
     00000000  s__CABS3                        
     00000000  s__CABS4                        
     00000000  s__DABS                         
     00000000  s__HEADER                       
     00000000  s__HEADER0                      
     00000000  s__HEADER1                      
     00000000  s__HEADER2                      
     00000000  s__HEADER3                      
     00000000  s__HEADER4                      
     00000000  s__HEADER5                      
     00000001  l__GSFINAL                      
     00000003  l__HEADER3                      
     00000003  l__HEADER4                      
     00000006  l__HEADER0                      
     00000009  l__HEADER1                      
     0000000A  l__HEADER2                      
     0000000B  l__CABS2                        
     0000000E  l__CABS1                        
     0000000F  l__GSINIT                       
     00000010  l__CABS0                        
     00000010  l__CABS4                        
     00000028  l__CABS3                        
     0000012A  l__HEADER5                      
     0000017C  l__HOME                         
     00000200  s__CODE                         
     00000266  l__INITIALIZED                  
     00000266  l__INITIALIZER                  
     00000268  l__DATA                         
     00003789  l__BANK15                       
     00003C2B  l__BANK11                       
     00003F51  l__BANK12                       
     00003F7E  l__BANK9                        
     00003FA9  l__BANK8                        
     00003FB1  l__BANK6                        
     00003FB3  l__BANK14                       
     00003FB5  l__BANK2                        
     00003FBD  l__BANK4                        
     00003FD0  l__BANK7                        
     00003FDB  l__BANK5                        
ASxxxx Linker V03.00 + NoICE + sdld,  page 2.
Hexadecimal  [32-Bits]

Area                                    Addr        Size        Decimal Bytes (Attributes)
--------------------------------        ----        ----        ------- ----- ------------
.  .ABS.                            00000000    00000000 =           0. bytes (ABS,CON)

      Value  Global                              Global Defined In Module
      -----  --------------------------------   ------------------------
     00003FE2  l__BANK10                       
     00003FEA  l__BANK13                       
     00003FED  l__BANK3                        
     000055BD  l__CODE                         
     000057BD  s__HOME                         
     00005939  s__INITIALIZER                  
     00005B9F  s__GSINIT                       
     00005BAE  s__GSFINAL                      
     00008000  _SMS_SRAM                          SMSlib_PSGaiden
     00008000  s__BANK10                       
     00008000  s__BANK11                       
     00008000  s__BANK12                       
     00008000  s__BANK13                       
     00008000  s__BANK14                       
     00008000  s__BANK15                       
     00008000  s__BANK2                        
     00008000  s__BANK3                        
     00008000  s__BANK4                        
     00008000  s__BANK5                        
     00008000  s__BANK6                        
     00008000  s__BANK7                        
     00008000  s__BANK8                        
     00008000  s__BANK9                        
     0000C000  s__DATA                         
     0000C268  s__INITIALIZED                  
     0000C4CE  s__BSEG                         
     0000C4CE  s__BSS                          
     0000C4CE  s__HEAP                         
     0000FFFC  _SRAM_bank_to_be_mapped_on_slot2   SMSlib_PSGaiden
     0000FFFF  _ROM_bank_to_be_mapped_on_slot2    SMSlib_PSGaiden

ASxxxx Linker V03.00 + NoICE + sdld,  page 3.
Hexadecimal  [32-Bits]

Area                                    Addr        Size        Decimal Bytes (Attributes)
--------------------------------        ----        ----        ------- ----- ------------
_CODE                               00000200    000055BD =       21949. bytes (REL,CON)

      Value  Global                              Global Defined In Module
      -----  --------------------------------   ------------------------
     00000200  __clock                            crt0
     00000204  _exit                              crt0
     0000020A  _myRand                            main
     00000240  _changeBank                        main
     00000261  _DrawSpriteArray                   main
     000002B3  _DrawQuadSprite                    main
     00000318  _LoadSprite                        main
     0000033E  _LoadTiles                         main
     00000358  _LoadGraphics                      main
     00000387  _LoadBGPalette                     main
     0000039C  _LoadSpritePalette                 main
     000003AD  _InterruptHandler                  main
     000003B2  _InitConsole                       main
     000003D3  _fillBackground                    main
     000003F1  _ClearScreen                       main
     00000405  _UpdateScroll                      main
     0000041C  _WriteText                         main
     0000045D  _WriteNumber                       main
     000004C3  _ClearTiles                        main
     000004D4  _LoadFont                          main
     000004EA  _InitStage                         main
     0000051F  _checkgamepause                    main
     00000557  _UpdateStage                       main
     000005DA  _PlaySound                         main
     00000609  _PlayMusic                         main
     00000668  _UpdatePSG                         main
     0000068B  _ClearTimeredLabelLine             main
     000006AB  _RemoveTimeredLabel                main
     000006FE  _UpdateTimeredLabel                main
     00000723  _UpdateTimeredLabels               main
     0000073E  _InitTimeredLabel                  main
     00000792  _InitTimeredLabels                 main
     00000798  _getTileAt                         main
     000007EE  _SetMapLines                       main
     00000813  _SetStaticEnemies                  main
     0000082E  _DrawMap                           main
     000008BB  _InitMap                           main
     000008F6  _MoveMap                           main
     00000A5E  _InitScroller                      main
     00000A7E  _AddScrollers                      main
     00000A93  _UpdateScroller                    main
     00000BEA  _updatescrollact                   main
     00000BF5  _UpdateBarrom                      main
     00000C4F  _DoBarrom                          main
     00000C55  _InitBarrom                        main
     00000C5B  _RemoveExplosion                   main
     00000CB8  _UpdateExplosion                   main
     00000DB7  _InitExplosion                     main
     00000E05  _UpdateExplosions                  main
     00000E73  _InitExplosionSprite               main
ASxxxx Linker V03.00 + NoICE + sdld,  page 4.
Hexadecimal  [32-Bits]

Area                                    Addr        Size        Decimal Bytes (Attributes)
--------------------------------        ----        ----        ------- ----- ------------
_CODE                               00000200    000055BD =       21949. bytes (REL,CON)

      Value  Global                              Global Defined In Module
      -----  --------------------------------   ------------------------
     00000E98  _InitExplosions                    main
     00000EA6  _InitSpawnedExplosion              main
     00000EE0  _InitWarning                       main
     00000EF7  _UpdateWarning                     main
     00000F8F  _UpdateIntroOvni                   main
     00000FE3  _InitIntroSidePlayer               main
     00000FF0  _UpdateIntroSidePlayer             main
     000010BD  _InitIntroStar                     main
     000010DA  _UpdateIntroStar                   main
     00001105  _InitIntro3Object                  main
     00001113  _DrawIntro3Object                  main
     00001181  _UpdateIntro3Object1               main
     000011B1  _UpdateIntro3Object2               main
     000011E1  _UpdateIntro3Object3               main
     00001211  _UpdateIntro3Object                main
     0000123A  _InitWaveShip                      main
     00001255  _UpdateWaveShip                    main
     000012DD  _UpdateRectShip                    main
     00001350  _InitBombShipLeft                  main
     0000136F  _InitBombShipRight                 main
     00001389  _UpdateBombShip                    main
     00001402  _InitSpreadShip                    main
     00001412  _UpdateSpreadShip                  main
     000014A8  _InitWW2Plane                      main
     000014E3  _UpdateWW2Plane                    main
     000015A4  _UpdateWW2PlaneB                   main
     000015E3  _InitWW2Zeppelin                   main
     000015F8  _UpdateWW2Zeppelin                 main
     00001681  _UpdateWW2Ship                     main
     000016BA  _InitFortressPhantom               main
     000016C4  _UpdateFortressPhantom             main
     0000173D  _UpdateFortressSearcher            main
     00001810  _UpdateFortressWave                main
     00001873  _DoSideShoot                       main
     000018E1  _InitFortressCannonRight           main
     000018EC  _UpdateFortressCannon              main
     00001949  _UpdateFortressDoor                main
     000019A8  _UpdateMonsterBlob                 main
     00001A26  _InitMonsterMissilLeft             main
     00001A31  _UpdateMonsterMissil               main
     00001A8E  _UpdateMonsterHead                 main
     00001B82  _FinishVulcanStation               main
     00001B8F  _UpdateVulcanStation               main
     00001C5F  _UpdateVulcanTankCommon            main
     00001C78  _UpdateVulcanTankLeft              main
     00001CFB  _UpdateVulcanTankRight             main
     00001D7F  _UpdateVulcanTankStop              main
     00001DFC  _UpdateVulcanVulcan                main
     00001E6F  _InitVulcanLava                    main
     00001E8A  _UpdateVulcanLava                  main
     00001EF9  _InitVulcanBird                    main
ASxxxx Linker V03.00 + NoICE + sdld,  page 5.
Hexadecimal  [32-Bits]

Area                                    Addr        Size        Decimal Bytes (Attributes)
--------------------------------        ----        ----        ------- ----- ------------
_CODE                               00000200    000055BD =       21949. bytes (REL,CON)

      Value  Global                              Global Defined In Module
      -----  --------------------------------   ------------------------
     00001F0A  _UpdateVulcanBird                  main
     00001FA8  _InitVulcanLaser                   main
     00001FB6  _UpdateVulcanLaser                 main
     00001FF0  _UpdateSpaceStation1               main
     00002005  _UpdateSpaceStation2               main
     000020A2  _FinishSpaceStation                main
     000020B0  _UpdateSpaceStation                main
     00002169  _InitSpaceAsteroid                 main
     000021BC  _UpdateSpaceAsteroid               main
     0000227F  _UpdateSpaceShooter                main
     00002368  _InitStage3Star                    main
     000023A0  _SkullAccelX                       main
     000023DA  _SkullAccelY                       main
     00002415  _SkullBoneCMove                    main
     0000244A  _InitSkullBoneA                    main
     0000246F  _InitSkullBoneB                    main
     0000249B  _InitSkullBoneC                    main
     000024A6  _TestSkullOut                      main
     000024C7  _UpdateSkullBoneAB                 main
     0000252B  _UpdateSkullBoneCMovement          main
     00002551  _UpdateSkullBoneC                  main
     000025A6  _InitTurnShip                      main
     000025C4  _UpdateTurnShip                    main
     00002635  _UpdateRSGThing                    main
     0000268E  _InitRSGThing                      main
     000026B5  _checkEnemyPlayerShoot             main
     00002749  _GetEnemyDirection                 main
     000027E4  _RemoveEnemy                       main
     000028A7  _KillEnemy                         main
     00002934  _KillEnemies                       main
     00002981  _UpdateEnemy                       main
     000029DC  _UpdateEnemies                     main
     000029FF  _InitEnemy                         main
     00002AB8  _InitEnemies                       main
     00002ABE  _InitScripts                       main
     00002AC4  _InitScript                        main
     00002B11  _RemoveScript                      main
     00002BAE  _UpdateScript                      main
     00002DC0  _UpdateScripts                     main
     00002DE3  _InitMikGamesStage                 main
     00002E60  _InitLogoStage                     main
     00002F77  _UpdateJukeboxInfo                 main
     00003123  _InitJukeboxStage                  main
     000031C9  _InitIntro1Stage                   main
     0000320B  _DoIntro2Scroll                    main
     00003276  _InitIntro2Stage                   main
     000032B8  _InitIntro3Stage                   main
     000032FD  _InitIntro4Stage                   main
     0000332D  _InitFinishStage                   main
     00003386  _InitIntroScroll                   main
     00003392  _setIntroStageGraphics             main
ASxxxx Linker V03.00 + NoICE + sdld,  page 6.
Hexadecimal  [32-Bits]

Area                                    Addr        Size        Decimal Bytes (Attributes)
--------------------------------        ----        ----        ------- ----- ------------
_CODE                               00000200    000055BD =       21949. bytes (REL,CON)

      Value  Global                              Global Defined In Module
      -----  --------------------------------   ------------------------
     000033B4  _InitIntroStage                    main
     00003462  _UpdateSelectorMarks               main
     0000354A  _InitSelectorStage                 main
     0000363F  _InitGameoverStage                 main
     000036D2  _UpdateStage1                      main
     00003796  _InitStage1                        main
     000037D4  _CheckCollisionStage1              main
     000037F1  _InitStage5                        main
     00003864  _InitEnemyshootSprites             main
     00003877  _InitEnemyshootDirection           main
     000038C2  _SpreadEnemyshootDirection         main
     00003904  _InitEnemyshootLaser               main
     0000395A  _InitEnemyshoot                    main
     00003A57  _CheckMapCollision                 main
     00003A91  _RemoveEnemyshoot                  main
     00003B0A  _UpdateEnemyshoot                  main
     00003BD6  _UpdateEnemyshoots                 main
     00003BF5  _InitEnemyshoots                   main
     00003BFE  _KillEnemyshoots                   main
     00003C04  _TestEnemyShoot                    main
     00003C3A  _TestEnemyShootOne                 main
     00003C64  _TestEnemyShootComplex             main
     00003C9E  _DrawPlayerShoot                   main
     00003DC6  _InitPlayershootSprites            main
     00003DD9  _RemovePlayershoot                 main
     00003E52  _UpdatePlayershoot                 main
     00003FBD  _UpdatePlayershoots                main
     00003FDC  _InitPlayershoot                   main
     00004037  _InitPlayershoots                  main
     00004040  _InitPowerupSprites                main
     00004053  _InitPowerups                      main
     00004056  _UpdatePowerup                     main
     00004141  _InitPowerup                       main
     00004190  _RemovePlayer                      main
     000041B9  _CheckPlayerEnemyCollision         main
     000041BC  _CheckPlayerEnemyshootCollision    main
     000041BF  _UpdatePlayerIndicators            main
     000041E5  _InitPlayer                        main
     000041FA  _InitPlayerSprite                  main
     0000420D  _DrawPlayer                        main
     0000424D  _MovePlayer                        main
     0000432E  _CheckShootPlayer                  main
     000043D4  _UpdatePlayerState6                main
     00004400  _UpdatePlayerState5                main
     00004424  _UpdatePlayerState4                main
     00004446  _UpdatePlayerState3                main
     00004476  _UpdatePlayerState2                main
     00004490  _UpdatePlayerState1                main
     000044AC  _UpdatePlayer                      main
     000044D5  _InitPlayerConstants               main
     000044EF  _InitStageSprite                   main
ASxxxx Linker V03.00 + NoICE + sdld,  page 7.
Hexadecimal  [32-Bits]

Area                                    Addr        Size        Decimal Bytes (Attributes)
--------------------------------        ----        ----        ------- ----- ------------
_CODE                               00000200    000055BD =       21949. bytes (REL,CON)

      Value  Global                              Global Defined In Module
      -----  --------------------------------   ------------------------
     00004520  _InitStageSprites                  main
     0000454A  _UpdatePlayStage                   main
     00004567  _InitCustomStageData               main
     0000458D  _InitStageData                     main
     000046B8  _UpdateStagePassA                  main
     000046CA  _UpdateStagePassB                  main
     000046CD  _InitPlayStage                     main
     00004787  _main                              main
     000047D1  _PSGStop                           PSGlib
     000047F8  _PSGResume                         PSGlib
     00004844  _PSGPlay                           PSGlib
     00004871  _PSGCancelLoop                     PSGlib
     00004877  _PSGPlayNoRepeat                   PSGlib
     00004886  _PSGGetStatus                      PSGlib
     0000488E  _PSGSilenceChannels                PSGlib
     0000489F  _PSGRestoreVolumes                 PSGlib
     00004970  _PSGSetMusicVolumeAttenuation      PSGlib
     00004A35  _PSGSFXStop                        PSGlib
     00004AEE  _PSGSFXPlay                        PSGlib
     00004B3B  _PSGSFXCancelLoop                  PSGlib
     00004B41  _PSGSFXGetStatus                   PSGlib
     00004B49  _PSGSFXPlayLoop                    PSGlib
     00004B63  _PSGFrame                          PSGlib
     00004C7C  _PSGSFXFrame                       PSGlib
     00004D02  _devkit_SMS_init                   _sms_manager
     00004D05  _devkit_SMS_displayOn              _sms_manager
     00004D0B  _devkit_SMS_displayOff             _sms_manager
     00004D11  _devkit_SMS_setBGScrollX           _sms_manager
     00004D1D  _devkit_SMS_setBGScrollY           _sms_manager
     00004D29  _devkit_SMS_setBackdropColor       _sms_manager
     00004D35  _devkit_SMS_useFirstHalfTilesfor   _sms_manager
     00004D3A  _devkit_SMS_useFirstHalfTilesfor   _sms_manager
     00004D3F  _devkit_SMS_setSpriteMode          _sms_manager
     00004D4B  _devkit_SMS_mapROMBank             _sms_manager
     00004D54  _devkit_SMS_VDPturnOnFeature       _sms_manager
     00004D5B  _devkit_SMS_loadTileMap            _sms_manager
     00004D92  _devkit_SMS_loadPSGaidencompress   _sms_manager
     00004DA8  _devkit_SMS_loadSTMcompressedTil   _sms_manager
     00004DC9  _devkit_SMS_setBGPaletteColor      _sms_manager
     00004DDC  _devkit_SMS_setSpritePaletteColo   _sms_manager
     00004E04  _devkit_SMS_loadBGPalette          _sms_manager
     00004E0B  _devkit_SMS_loadSpritePalette      _sms_manager
     00004E12  _devkit_SMS_setNextTileatXY        _sms_manager
     00004E36  _devkit_SMS_setTile                _sms_manager
     00004E44  _devkit_SMS_addSprite              _sms_manager
     00004E5F  _devkit_SMS_initSprites            _sms_manager
     00004E62  _devkit_SMS_finalizeSprites        _sms_manager
     00004E65  _devkit_SMS_waitForVBlank          _sms_manager
     00004E68  _devkit_SMS_copySpritestoSAT       _sms_manager
     00004E6B  _devkit_UNSAFE_SMS_copySpritesto   _sms_manager
     00004E6E  _devkit_UNSAFE_SMS_VRAMmemcpy32    _sms_manager
ASxxxx Linker V03.00 + NoICE + sdld,  page 8.
Hexadecimal  [32-Bits]

Area                                    Addr        Size        Decimal Bytes (Attributes)
--------------------------------        ----        ----        ------- ----- ------------
_CODE                               00000200    000055BD =       21949. bytes (REL,CON)

      Value  Global                              Global Defined In Module
      -----  --------------------------------   ------------------------
     00004E84  _devkit_UNSAFE_SMS_VRAMmemcpy64    _sms_manager
     00004E9A  _devkit_UNSAFE_SMS_VRAMmemcpy128   _sms_manager
     00004EB0  _devkit_SMS_queryPauseRequested    _sms_manager
     00004EB3  _devkit_SMS_resetPauseRequest      _sms_manager
     00004EB6  _devkit_SMS_getKeysStatus          _sms_manager
     00004EB9  _devkit_SMS_getKeysPressed         _sms_manager
     00004EBC  _devkit_SMS_getKeysHeld            _sms_manager
     00004EBF  _devkit_SMS_getKeysReleased        _sms_manager
     00004EC2  _devkit_PORT_A_KEY_UP              _sms_manager
     00004EC6  _devkit_PORT_A_KEY_DOWN            _sms_manager
     00004ECA  _devkit_PORT_A_KEY_LEFT            _sms_manager
     00004ECE  _devkit_PORT_A_KEY_RIGHT           _sms_manager
     00004ED2  _devkit_PORT_A_KEY_1               _sms_manager
     00004ED6  _devkit_PORT_A_KEY_2               _sms_manager
     00004EDA  _devkit_SMS_VRAMmemcpy             _sms_manager
     00004EF9  _devkit_SMS_VRAMmemcpy_brief       _sms_manager
     00004F17  _devkit_SMS_VRAMmemset             _sms_manager
     00004F35  _devkit_SMS_VRAMmemsetW            _sms_manager
     00004F54  _devkit_SMS_setLineInterruptHand   _sms_manager
     00004F5E  _devkit_SMS_setLineCounter         _sms_manager
     00004F6A  _devkit_SMS_enableLineInterrupt    _sms_manager
     00004F70  _devkit_SMS_disableLineInterrupt   _sms_manager
     00004F76  _devkit_VDPFEATURE_HIDEFIRSTCOL    _sms_manager
     00004F7A  _devkit_VDPFEATURE_LEFTCOLBLANK    _sms_manager
     00004F7E  _devkit_SPRITEMODE_NORMAL          _sms_manager
     00004FC2  _devkit_PSGPlay                    _snd_manager
     00004FCC  _devkit_PSGCancelLoop              _snd_manager
     00004FCF  _devkit_PSGPlayNoRepeat            _snd_manager
     00004FD9  _devkit_PSGStop                    _snd_manager
     00004FDC  _devkit_PSGResume                  _snd_manager
     00004FDF  _devkit_PSGGetStatus               _snd_manager
     00004FE2  _devkit_PSGSetMusicVolumeAttenua   _snd_manager
     00004FEE  _devkit_PSGSFXPlay                 _snd_manager
     00005003  _devkit_PSGSFXPlayLoop             _snd_manager
     00005018  _devkit_PSGSFXCancelLoop           _snd_manager
     0000501B  _devkit_PSGSFXStop                 _snd_manager
     0000501E  _devkit_PSGSFXGetStatus            _snd_manager
     00005021  _devkit_PSGSilenceChannels         _snd_manager
     00005024  _devkit_PSGRestoreVolumes          _snd_manager
     00005027  _devkit_PSGFrame                   _snd_manager
     0000502A  _devkit_PSGSFXFrame                _snd_manager
     0000502D  _devkit_SFX_CHANNEL2               _snd_manager
     00005030  _devkit_SFX_CHANNEL3               _snd_manager
     00005033  _devkit_SFX_CHANNELS2AND3          _snd_manager
     00005036  __divuint                          
     0000503E  __divuchar                         
     00005045  __divu8                            
     00005048  __divu16                           
     00005077  _UNSAFE_SMS_copySpritestoSAT       SMSlib_UNSAFE
     0000508F  _UNSAFE_SMS_VRAMmemcpy32           SMSlib_UNSAFE
     000050AC  _UNSAFE_SMS_VRAMmemcpy64           SMSlib_UNSAFE
ASxxxx Linker V03.00 + NoICE + sdld,  page 9.
Hexadecimal  [32-Bits]

Area                                    Addr        Size        Decimal Bytes (Attributes)
--------------------------------        ----        ----        ------- ----- ------------
_CODE                               00000200    000055BD =       21949. bytes (REL,CON)

      Value  Global                              Global Defined In Module
      -----  --------------------------------   ------------------------
     000050C9  _UNSAFE_SMS_VRAMmemcpy128          SMSlib_UNSAFE
     000050E6  _SMS_init                          SMSlib
     0000513A  _VDPReg_init                       SMSlib
     00005145  _SMS_VDPType                       SMSlib
     0000514D  _SMS_VDPturnOnFeature              SMSlib
     00005164  _SMS_VDPturnOffFeature             SMSlib
     0000517D  _SMS_setBGScrollX                  SMSlib
     00005187  _SMS_setBGScrollY                  SMSlib
     00005191  _SMS_setBackdropColor              SMSlib
     0000519B  _SMS_useFirstHalfTilesforSprites   SMSlib
     000051AF  _SMS_setSpriteMode                 SMSlib
     000051F4  _SMS_setBGPaletteColor             SMSlib
     00005208  _SMS_setSpritePaletteColor         SMSlib
     0000521C  _SMS_loadBGPalette                 SMSlib
     00005230  _SMS_loadSpritePalette             SMSlib
     00005244  _SMS_setColor                      SMSlib
     00005248  _SMS_waitForVBlank                 SMSlib
     00005255  _SMS_getKeysStatus                 SMSlib
     00005259  _SMS_getKeysPressed                SMSlib
     00005276  _SMS_getKeysHeld                   SMSlib
     0000528D  _SMS_getKeysReleased               SMSlib
     000052AA  _SMS_queryPauseRequested           SMSlib
     000052B2  _SMS_resetPauseRequest             SMSlib
     000052B8  _SMS_setLineInterruptHandler       SMSlib
     000052C9  _SMS_setLineCounter                SMSlib
     000052D8  _SMS_getVCount                     SMSlib
     000052DC  _SMS_getHCount                     SMSlib
     000052E0  _SMS_isr                           SMSlib
     00005316  _SMS_nmi_isr                       SMSlib
     00005329  _SMS_VRAMmemset                    SMSlib_VRAMmemset
     0000534E  _SMS_VRAMmemsetW                   SMSlib_VRAMmemset
     0000537E  _SMS_initSprites                   SMSlib_sprite
     00005384  _SMS_addSprite                     SMSlib_sprite
     000053B7  _SMS_finalizeSprites               SMSlib_sprite
     000053C9  _SMS_copySpritestoSAT              SMSlib_sprite
     000053F2  __moduchar                         
     000053FE  __moduint                          
     00005409  _abs                               
     00005415  __mulint                           
     0000541B  __mul16                            
     0000542F  _SMS_VRAMmemcpy                    SMSlib_VRAMmemcpy
     0000545E  _SMS_VRAMmemcpy_brief              SMSlib_VRAMmemcpy
     00005480  _SMS_loadSTMcompressedTileMapAre   SMSlib_STMcomp
     00005661  ___sdcc_call_hl                    
     00005662  _SMS_loadPSGaidencompressedTiles   SMSlib_PSGaiden
     00005743  _strlen                            
     00005752  ___sdcc_enter_ix                   
     0000575C  __modschar                         
     00005769  __modsint                          
     00005775  __divsint                          
     0000577E  __divschar                         
ASxxxx Linker V03.00 + NoICE + sdld,  page 10.
Hexadecimal  [32-Bits]

Area                                    Addr        Size        Decimal Bytes (Attributes)
--------------------------------        ----        ----        ------- ----- ------------
_CODE                               00000200    000055BD =       21949. bytes (REL,CON)

      Value  Global                              Global Defined In Module
      -----  --------------------------------   ------------------------
     00005785  __div8                             
     00005789  __div_signexte                     
     0000578D  __div16                            
     000057B3  __get_remainder                    
ASxxxx Linker V03.00 + NoICE + sdld,  page 11.
Hexadecimal  [32-Bits]

Area                                    Addr        Size        Decimal Bytes (Attributes)
--------------------------------        ----        ----        ------- ----- ------------
_HEADER0                            00000000    00000006 =           6. bytes (ABS,CON)

      Value  Global                              Global Defined In Module
      -----  --------------------------------   ------------------------
     00000006  _SMS_crt0_RST08                    crt0

ASxxxx Linker V03.00 + NoICE + sdld,  page 12.
Hexadecimal  [32-Bits]

Area                                    Addr        Size        Decimal Bytes (Attributes)
--------------------------------        ----        ----        ------- ----- ------------
_HEADER1                            00000000    00000009 =           9. bytes (ABS,CON)

      Value  Global                              Global Defined In Module
      -----  --------------------------------   ------------------------
     00000011  _SMS_crt0_RST18                    crt0

ASxxxx Linker V03.00 + NoICE + sdld,  page 13.
Hexadecimal  [32-Bits]

Area                                    Addr        Size        Decimal Bytes (Attributes)
--------------------------------        ----        ----        ------- ----- ------------
_HEADER2                            00000000    0000000A =          10. bytes (ABS,CON)

      Value  Global                              Global Defined In Module
      -----  --------------------------------   ------------------------
ASxxxx Linker V03.00 + NoICE + sdld,  page 14.
Hexadecimal  [32-Bits]

Area                                    Addr        Size        Decimal Bytes (Attributes)
--------------------------------        ----        ----        ------- ----- ------------
_HEADER3                            00000000    00000003 =           3. bytes (ABS,CON)

      Value  Global                              Global Defined In Module
      -----  --------------------------------   ------------------------
ASxxxx Linker V03.00 + NoICE + sdld,  page 15.
Hexadecimal  [32-Bits]

Area                                    Addr        Size        Decimal Bytes (Attributes)
--------------------------------        ----        ----        ------- ----- ------------
_HEADER4                            00000000    00000003 =           3. bytes (ABS,CON)

      Value  Global                              Global Defined In Module
      -----  --------------------------------   ------------------------
ASxxxx Linker V03.00 + NoICE + sdld,  page 16.
Hexadecimal  [32-Bits]

Area                                    Addr        Size        Decimal Bytes (Attributes)
--------------------------------        ----        ----        ------- ----- ------------
_HEADER5                            00000000    0000012A =         298. bytes (ABS,CON)

      Value  Global                              Global Defined In Module
      -----  --------------------------------   ------------------------
     00000099  _OUTI128                           crt0
     00000119  _OUTI64                            crt0
     00000159  _OUTI32                            crt0
     00000199  _outi_block                        crt0

ASxxxx Linker V03.00 + NoICE + sdld,  page 17.
Hexadecimal  [32-Bits]

Area                                    Addr        Size        Decimal Bytes (Attributes)
--------------------------------        ----        ----        ------- ----- ------------
_HOME                               000057BD    0000017C =         380. bytes (REL,CON)

      Value  Global                              Global Defined In Module
      -----  --------------------------------   ------------------------
     000057BD  __mullong                          _mullong

ASxxxx Linker V03.00 + NoICE + sdld,  page 18.
Hexadecimal  [32-Bits]

Area                                    Addr        Size        Decimal Bytes (Attributes)
--------------------------------        ----        ----        ------- ----- ------------
_INITIALIZER                        00005939    00000266 =         614. bytes (REL,CON)

      Value  Global                              Global Defined In Module
      -----  --------------------------------   ------------------------
ASxxxx Linker V03.00 + NoICE + sdld,  page 19.
Hexadecimal  [32-Bits]

Area                                    Addr        Size        Decimal Bytes (Attributes)
--------------------------------        ----        ----        ------- ----- ------------
_GSINIT                             00005B9F    0000000F =          15. bytes (REL,CON)

      Value  Global                              Global Defined In Module
      -----  --------------------------------   ------------------------
     00005B9F  gsinit                             crt0

ASxxxx Linker V03.00 + NoICE + sdld,  page 20.
Hexadecimal  [32-Bits]

Area                                    Addr        Size        Decimal Bytes (Attributes)
--------------------------------        ----        ----        ------- ----- ------------
_GSFINAL                            00005BAE    00000001 =           1. bytes (REL,CON)

      Value  Global                              Global Defined In Module
      -----  --------------------------------   ------------------------
ASxxxx Linker V03.00 + NoICE + sdld,  page 21.
Hexadecimal  [32-Bits]

Area                                    Addr        Size        Decimal Bytes (Attributes)
--------------------------------        ----        ----        ------- ----- ------------
_DATA                               0000C000    00000268 =         616. bytes (REL,CON)

      Value  Global                              Global Defined In Module
      -----  --------------------------------   ------------------------
     0000C000  _keystatus                         main
     0000C002  _stageframe                        main
     0000C004  _stageframe2mod                    main
     0000C005  _stageframe4mod                    main
     0000C006  _sprite82anim                      main
     0000C007  _sprite164anim                     main
     0000C008  _basestage                         main
     0000C009  _playstage                         main
     0000C00A  _updateplaystage                   main
     0000C00B  _stagenum                          main
     0000C00C  _laststagenum                      main
     0000C00D  _numplayers                        main
     0000C00E  _exitplaystage                     main
     0000C00F  _gamelevel                         main
     0000C010  _gamestock                         main
     0000C011  _gamepause                         main
     0000C012  _playerx                           main
     0000C013  _playery                           main
     0000C014  _playertype                        main
     0000C015  _playercounter                     main
     0000C016  _playershootcounter                main
     0000C017  _playerside                        main
     0000C018  _playerspeed                       main
     0000C019  _playershootlevel                  main
     0000C01A  _playershootmax                    main
     0000C01B  _numplayershoots                   main
     0000C01C  _playershoots                      main
     0000C02B  _shootcount                        main
     0000C02C  _numenemyshoots                    main
     0000C02D  _enemyshoots                       main
     0000C05F  _playstageshootspeed               main
     0000C060  _numexplosions                     main
     0000C061  _explosions                        main
     0000C089  _numenemies                        main
     0000C08A  _enemies                           main
     0000C0E4  _maplines                          main
     0000C0E6  _maplineslength                    main
     0000C0E8  _maptiles                          main
     0000C0EA  _mappositionx                      main
     0000C0EC  _mappositiony                      main
     0000C0EE  _oldmappositiony                   main
     0000C0F0  _lastbank                          main
     0000C0F1  _mapstatics                        main
     0000C0F3  _mapstaticscount                   main
     0000C0F5  _mapstaticsbank                    main
     0000C0F6  _musicbank                         main
     0000C0F7  _mapbank                           main
     0000C0F8  _playstagebank                     main
     0000C0F9  _numscrolls                        main
     0000C0FA  _scrollactspeedy                   main
ASxxxx Linker V03.00 + NoICE + sdld,  page 22.
Hexadecimal  [32-Bits]

Area                                    Addr        Size        Decimal Bytes (Attributes)
--------------------------------        ----        ----        ------- ----- ------------
_DATA                               0000C000    00000268 =         616. bytes (REL,CON)

      Value  Global                              Global Defined In Module
      -----  --------------------------------   ------------------------
     0000C0FB  _scrollactspeedx                   main
     0000C0FC  _scrollact                         main
     0000C0FD  _scrolltimes                       main
     0000C0FF  _disablescroll                     main
     0000C100  _scrolls                           main
     0000C102  _numscripts                        main
     0000C103  _scripts                           main
     0000C123  _numtimeredlabels                  main
     0000C124  _timeredlabels                     main
     0000C12A  _introstageposx                    main
     0000C12C  _introstagevelx                    main
     0000C12E  _dojukebox                         main
     0000C12F  _spawnedexplosionposx              main
     0000C130  _spawnedexplosionposy              main
     0000C131  _spawnedexplosionwidth             main
     0000C132  _spawnedexplosionheight            main
     0000C133  _spawnedexplosiontime              main
     0000C134  _stage4playrays                    main
     0000C135  _numinterrupts                     main
     0000C136  _powerupx                          main
     0000C137  _powerupy                          main
     0000C138  _powerupt                          main
     0000C139  _powerupv                          main
     0000C13A  _powerupcounter                    main
     0000C13C  _lastplayedmusic                   main
     0000C13E  _lastplayedmusicbank               main
     0000C13F  _lastplayedmusiclooped             main
     0000C140  _stage8phase                       main
     0000C141  _barromtime                        main
     0000C142  _stage3stars                       main
     0000C154  _jukeboxselectedline               main
     0000C155  _jukeboxselectedsong               main
     0000C156  _jukeboxcheckkey                   main
     0000C157  _stage1musicreplayed               main
     0000C158  _PSGMusicStatus                    PSGlib
     0000C159  _PSGMusicStart                     PSGlib
     0000C15B  _PSGMusicPointer                   PSGlib
     0000C15D  _PSGMusicLoopPoint                 PSGlib
     0000C15F  _PSGMusicSkipFrames                PSGlib
     0000C160  _PSGLoopFlag                       PSGlib
     0000C161  _PSGMusicLastLatch                 PSGlib
     0000C162  _PSGMusicVolumeAttenuation         PSGlib
     0000C163  _PSGMusicSubstringLen              PSGlib
     0000C164  _PSGMusicSubstringRetAddr          PSGlib
     0000C166  _PSGChan0Volume                    PSGlib
     0000C167  _PSGChan1Volume                    PSGlib
     0000C168  _PSGChan2Volume                    PSGlib
     0000C169  _PSGChan3Volume                    PSGlib
     0000C16A  _PSGChan2LowTone                   PSGlib
     0000C16B  _PSGChan2HighTone                  PSGlib
     0000C16C  _PSGChan3LowTone                   PSGlib
ASxxxx Linker V03.00 + NoICE + sdld,  page 23.
Hexadecimal  [32-Bits]

Area                                    Addr        Size        Decimal Bytes (Attributes)
--------------------------------        ----        ----        ------- ----- ------------
_DATA                               0000C000    00000268 =         616. bytes (REL,CON)

      Value  Global                              Global Defined In Module
      -----  --------------------------------   ------------------------
     0000C16D  _PSGChannel2SFX                    PSGlib
     0000C16E  _PSGChannel3SFX                    PSGlib
     0000C16F  _PSGSFXChan2Volume                 PSGlib
     0000C170  _PSGSFXChan3Volume                 PSGlib
     0000C171  _PSGSFXStatus                      PSGlib
     0000C172  _PSGSFXStart                       PSGlib
     0000C174  _PSGSFXPointer                     PSGlib
     0000C176  _PSGSFXLoopPoint                   PSGlib
     0000C178  _PSGSFXSkipFrames                  PSGlib
     0000C179  _PSGSFXLoopFlag                    PSGlib
     0000C17A  _PSGSFXSubstringLen                PSGlib
     0000C17B  _PSGSFXSubstringRetAddr            PSGlib
     0000C17D  _VDPBlank                          SMSlib
     0000C17E  _SMS_VDPFlags                      SMSlib
     0000C17F  _PauseRequested                    SMSlib
     0000C180  _VDPType                           SMSlib
     0000C181  _KeysStatus                        SMSlib
     0000C183  _PreviousKeysStatus                SMSlib
     0000C185  _SMS_theLineInterruptHandler       SMSlib
     0000C187  _SpriteTableY                      SMSlib_sprite
     0000C1C7  _SpriteTableXN                     SMSlib_sprite
     0000C247  _SpriteNextFree                    SMSlib_sprite
     0000C248  _decompBuffer                      SMSlib_PSGaiden

ASxxxx Linker V03.00 + NoICE + sdld,  page 24.
Hexadecimal  [32-Bits]

Area                                    Addr        Size        Decimal Bytes (Attributes)
--------------------------------        ----        ----        ------- ----- ------------
_INITIALIZED                        0000C268    00000266 =         614. bytes (REL,CON)

      Value  Global                              Global Defined In Module
      -----  --------------------------------   ------------------------
     0000C268  _state                             main
     0000C26C  _barromx                           main
     0000C278  _barromy                           main
     0000C284  _jukebox_songs                     fixedbank
     0000C2AE  _jukebox_names                     fixedbank
     0000C2D8  _selectornamestage                 fixedbank
     0000C2E2  _intro1labels                      fixedbank
     0000C2EE  _intro3labels                      fixedbank
     0000C304  _finishlabels                      fixedbank
     0000C32C  _stagedatamarks                    fixedbank
     0000C334  _stageinitdata                     fixedbank
     0000C3B4  _ww2plane_patterns                 fixedbank
     0000C3C0  _spawners                          fixedbank
     0000C3EC  _imagepointers                     fixedbank
     0000C498  _monsterheadshootdirecionsx        fixedbank
     0000C4A8  _monsterheadshootdirecionsy        fixedbank
     0000C4B8  _difficultlabels                   fixedbank
     0000C4BC  _playerupdatefunctions             fixedbank
     0000C4CA  _VDPReg                            SMSlib
     0000C4CC  _spritesHeight                     SMSlib
     0000C4CD  _spritesWidth                      SMSlib
ASxxxx Linker V03.00 + NoICE + sdld,  page 25.
Hexadecimal  [32-Bits]

Area                                    Addr        Size        Decimal Bytes (Attributes)
--------------------------------        ----        ----        ------- ----- ------------
_BANK2                              00008000    00003FB5 =       16309. bytes (REL,CON)

      Value  Global                              Global Defined In Module
      -----  --------------------------------   ------------------------
     00008000  _bigexplosion_psgcompr             bank2
     000080A7  _ending_psg                        bank2
     0000A7F1  _enemybomb_psg                     bank2
     0000A809  _enemylaser_psg                    bank2
     0000A821  _explosion_psg                     bank2
     0000A83A  _font_psgcompr                     bank2
     0000AA09  _fortressdoor_psgcompr             bank2
     0000AA45  _mikgamestilemap_bin               bank2
     0000AAC5  _mikgamestiles_psgcompr            bank2
     0000ABC3  _pause_psg                         bank2
     0000ABE6  _persons_bin                       bank2
     0000ADDE  _persons_psgcompr                  bank2
     0000B849  _personspalette_bin                bank2
     0000B859  _playershoot_psg                   bank2
     0000B861  _powerup_psg                       bank2
     0000B88F  _ray_psg                           bank2
     0000B8B2  _selectorpalette_bin               bank2
     0000B8C2  _selectortiles_psgcompr            bank2
     0000BF84  _silence_psg                       bank2

ASxxxx Linker V03.00 + NoICE + sdld,  page 26.
Hexadecimal  [32-Bits]

Area                                    Addr        Size        Decimal Bytes (Attributes)
--------------------------------        ----        ----        ------- ----- ------------
_BANK3                              00008000    00003FED =       16365. bytes (REL,CON)

      Value  Global                              Global Defined In Module
      -----  --------------------------------   ------------------------
     00008000  _fortresssearch_psgcompr           bank3
     000082CF  _logopalette_bin                   bank3
     000082DF  _logotilemap_l                     bank3
     000082FB  _logotilemap_m                     bank3
     0000867B  _logotiles_psgcompr                bank3
     000090ED  _spacestation_psgcompr             bank3
     000091A8  _stage2palette_bin                 bank3
     000091B8  _stage2tilemap_l                   bank3
     000093B8  _stage2tilemap_m                   bank3
     0000B538  _stage2tiles_psgcompr              bank3
     0000BF8D  _ww2ship_psgcompr                  bank3

ASxxxx Linker V03.00 + NoICE + sdld,  page 27.
Hexadecimal  [32-Bits]

Area                                    Addr        Size        Decimal Bytes (Attributes)
--------------------------------        ----        ----        ------- ----- ------------
_BANK4                              00008000    00003FBD =       16317. bytes (REL,CON)

      Value  Global                              Global Defined In Module
      -----  --------------------------------   ------------------------
     00008000  _endingstagetilemap_bin            bank4
     000082C0  _endingstagetiles_psgcompr         bank4
     000082DC  _intro2_psg                        bank4
     00008B69  _introovni_psgcompr                bank4
     00008CA2  _introsideplayer_psgcompr          bank4
     00008D1A  _rectship_psgcompr                 bank4
     00008DBF  _select_psg                        bank4
     00008F67  _stage3_psg                        bank4
     0000A683  _stage4endboss_psgcompr            bank4
     0000A7F4  _stage4endbossb_psgcompr           bank4
     0000A824  _stage4endbossc_psgcompr           bank4
     0000A995  _stage4middleboss_psgcompr         bank4
     0000ABF0  _stage4palette_bin                 bank4
     0000AC00  _stage4tilemap_l                   bank4
     0000ACBD  _stage4tilemap_m                   bank4
     0000B4FD  _stage4tiles_psgcompr              bank4
     0000BC63  _vulcantank_psgcompr               bank4
     0000BE1B  _warning_psgcompr                  bank4
     0000BE9C  _waveship_psgcompr                 bank4

ASxxxx Linker V03.00 + NoICE + sdld,  page 28.
Hexadecimal  [32-Bits]

Area                                    Addr        Size        Decimal Bytes (Attributes)
--------------------------------        ----        ----        ------- ----- ------------
_BANK5                              00008000    00003FDB =       16347. bytes (REL,CON)

      Value  Global                              Global Defined In Module
      -----  --------------------------------   ------------------------
     00008000  _intro3_psg                        bank5
     00009310  _littleexplosion_psgcompr          bank5
     00009327  _monsterhead_psgcompr              bank5
     000095AA  _monstermissil_psgcompr            bank5
     00009734  _stage1_psg                        bank5
     0000BAAD  _stage7endboss_psgcompr            bank5
     0000BC36  _vulcanbird_psgcompr               bank5
     0000BE16  _vulcanlaser_psgcompr              bank5
     0000BE5C  _vulcanlava_psgcompr               bank5
     0000BED7  _vulcanvulcan_psgcompr             bank5
     0000BEFC  _ww2zeppelin_psgcompr              bank5

ASxxxx Linker V03.00 + NoICE + sdld,  page 29.
Hexadecimal  [32-Bits]

Area                                    Addr        Size        Decimal Bytes (Attributes)
--------------------------------        ----        ----        ------- ----- ------------
_BANK6                              00008000    00003FB1 =       16305. bytes (REL,CON)

      Value  Global                              Global Defined In Module
      -----  --------------------------------   ------------------------
     00008000  _bombship_psgcompr                 bank6
     00008118  _fortresscannon_psgcompr           bank6
     00008286  _logo_psg                          bank6
     00009B52  _spreadship_psgcompr               bank6
     00009BE5  _stage5palette_bin                 bank6
     00009BF5  _stage5tilemap_l                   bank6
     00009DAD  _stage5tilemap_m                   bank6
     0000AF6D  _stage5tiles_psgcompr              bank6
     0000B20C  _stage6palette_bin                 bank6
     0000B21C  _stage6tilemap_l                   bank6
     0000B24C  _stage6tilemap_m                   bank6
     0000B54C  _stage6tiles_psgcompr              bank6
     0000BD16  _turnship_psgcompr                 bank6
     0000BE74  _watertiles_bin                    bank6
     0000BF74  _ww2cloud_psgcompr                 bank6
ASxxxx Linker V03.00 + NoICE + sdld,  page 30.
Hexadecimal  [32-Bits]

Area                                    Addr        Size        Decimal Bytes (Attributes)
--------------------------------        ----        ----        ------- ----- ------------
_BANK7                              00008000    00003FD0 =       16336. bytes (REL,CON)

      Value  Global                              Global Defined In Module
      -----  --------------------------------   ------------------------
     00008000  _bone_psgcompr                     bank7
     0000811A  _cursors_psgcompr                  bank7
     00008125  _enemyshoot_psgcompr               bank7
     0000817E  _fortresswave_psgcompr             bank7
     000081EA  _stage3palette_bin                 bank7
     000081FA  _stage3tilemap_l                   bank7
     0000834E  _stage3tilemap_m                   bank7
     0000A9CE  _stage3tiles_psgcompr              bank7
     0000AC3D  _stage5endboss_psgcompr            bank7
     0000AF24  _stage6_psg                        bank7
     0000B760  _stage7animtiles_bin               bank7
     0000B860  _stage7animtilesc_bin              bank7
     0000B960  _stage7animtilesd_bin              bank7
     0000BA60  _stage7animtilese_bin              bank7
     0000BB60  _ww2plane_psgcompr                 bank7
     0000BE7E  _ww2tank_psgcompr                  bank7

ASxxxx Linker V03.00 + NoICE + sdld,  page 31.
Hexadecimal  [32-Bits]

Area                                    Addr        Size        Decimal Bytes (Attributes)
--------------------------------        ----        ----        ------- ----- ------------
_BANK8                              00008000    00003FA9 =       16297. bytes (REL,CON)

      Value  Global                              Global Defined In Module
      -----  --------------------------------   ------------------------
     00008000  _gameover_psg                      bank8
     00008240  _introstage1tilemap_bin            bank8
     000084C0  _introstage1tiles_psgcompr         bank8
     00008E29  _introstage2tilemap_bin            bank8
     000090E9  _introstage2tiles_psgcompr         bank8
     0000921B  _playershoot_psgcompr              bank8
     00009271  _stage4_psg                        bank8
     0000B9D0  _stage7a_psg                       bank8

ASxxxx Linker V03.00 + NoICE + sdld,  page 32.
Hexadecimal  [32-Bits]

Area                                    Addr        Size        Decimal Bytes (Attributes)
--------------------------------        ----        ----        ------- ----- ------------
_BANK9                              00008000    00003F7E =       16254. bytes (REL,CON)

      Value  Global                              Global Defined In Module
      -----  --------------------------------   ------------------------
     00008000  _afterboss_psg                     bank9
     0000823B  _firetiles_bin                     bank9
     0000863B  _fortressphantom_psgcompr          bank9
     000087BC  _norefuge_psg                      bank9
     00008921  _stage1endboss_psgcompr            bank9
     00008C09  _stage1middleboss_psgcompr         bank9
     00008E6B  _stage2endboss_psgcompr            bank9
     00009191  _stage7middleboss_psgcompr         bank9
     00009645  _stage7palette_bin                 bank9
     00009655  _stage7tilemap_l                   bank9
     00009835  _stage7tilemap_m                   bank9
     0000BAF5  _stage7tiles_psgcompr              bank9
ASxxxx Linker V03.00 + NoICE + sdld,  page 33.
Hexadecimal  [32-Bits]

Area                                    Addr        Size        Decimal Bytes (Attributes)
--------------------------------        ----        ----        ------- ----- ------------
_BANK10                             00008000    00003FE2 =       16354. bytes (REL,CON)

      Value  Global                              Global Defined In Module
      -----  --------------------------------   ------------------------
     00008000  _animtilestage1_bin                bank10
     00008080  _introstar_psgcompr                bank10
     0000808E  _powerup_psgcompr                  bank10
     00008133  _scrolltilestage1_bin              bank10
     000081F3  _skull_psgcompr                    bank10
     000084DB  _spaceanimtiles_bin                bank10
     0000869B  _spaceasteroidbig_psgcompr         bank10
     0000876D  _spaceasteroidlittle_psgcompr      bank10
     00008789  _spaceasteroidmedium_psgcompr      bank10
     000087F1  _stage1palette_bin                 bank10
     000087FA  _stage1tilemap_l                   bank10
     000089FA  _stage1tilemap_m                   bank10
     00009BFA  _stage1tiles_psgcompr              bank10
     00009C7C  _stage2_psg                        bank10
     0000BD04  _stage3endboss_psgcompr            bank10
     0000BEE0  _stage8lateral_psgcompr            bank10

ASxxxx Linker V03.00 + NoICE + sdld,  page 34.
Hexadecimal  [32-Bits]

Area                                    Addr        Size        Decimal Bytes (Attributes)
--------------------------------        ----        ----        ------- ----- ------------
_BANK11                             00008000    00003C2B =       15403. bytes (REL,CON)

      Value  Global                              Global Defined In Module
      -----  --------------------------------   ------------------------
     00008000  _spaceshooter_psgcompr             bank11
     00008144  _stage5_psg                        bank11
     00009E0B  _stage7_psg                        bank11
ASxxxx Linker V03.00 + NoICE + sdld,  page 35.
Hexadecimal  [32-Bits]

Area                                    Addr        Size        Decimal Bytes (Attributes)
--------------------------------        ----        ----        ------- ----- ------------
_BANK12                             00008000    00003F51 =       16209. bytes (REL,CON)

      Value  Global                              Global Defined In Module
      -----  --------------------------------   ------------------------
     00008000  _boss_psg                          bank12
     00009ABC  _escape_psg                        bank12
     0000A616  _flight_psg                        bank12
     0000B99E  _introstage3tilemap_bin            bank12
     0000BC9E  _introstage3tiles_psgcompr         bank12

ASxxxx Linker V03.00 + NoICE + sdld,  page 36.
Hexadecimal  [32-Bits]

Area                                    Addr        Size        Decimal Bytes (Attributes)
--------------------------------        ----        ----        ------- ----- ------------
_BANK13                             00008000    00003FEA =       16362. bytes (REL,CON)

      Value  Global                              Global Defined In Module
      -----  --------------------------------   ------------------------
     00008000  _monsterblob_psgcompr              bank13
     00008120  _skullb_psgcompr                   bank13
     00008428  _stage8_psg                        bank13
     0000A98C  _stage8animtilesamov_bin           bank13
     0000B08C  _stage8animtilesbmov_bin           bank13
     0000B78C  _stage8animtilescloudsmov_bin      bank13
     0000B88C  _stage8bossb_psgcompr              bank13
     0000BECA  _stage8bossc_psgcompr              bank13

ASxxxx Linker V03.00 + NoICE + sdld,  page 37.
Hexadecimal  [32-Bits]

Area                                    Addr        Size        Decimal Bytes (Attributes)
--------------------------------        ----        ----        ------- ----- ------------
_BANK14                             00008000    00003FB3 =       16307. bytes (REL,CON)

      Value  Global                              Global Defined In Module
      -----  --------------------------------   ------------------------
     00008000  _boss2_psg                         bank14
     00009930  _player_psgcompr                   bank14
     00009AA2  _stage8palette_bin                 bank14
     00009AB2  _stage8tilemap_l                   bank14
     00009CA6  _stage8tilemap_m                   bank14
     0000B766  _stage8tiles_psgcompr              bank14
     0000BD91  _vulcanstation_psgcompr            bank14

ASxxxx Linker V03.00 + NoICE + sdld,  page 38.
Hexadecimal  [32-Bits]

Area                                    Addr        Size        Decimal Bytes (Attributes)
--------------------------------        ----        ----        ------- ----- ------------
_BANK15                             00008000    00003789 =       14217. bytes (REL,CON)

      Value  Global                              Global Defined In Module
      -----  --------------------------------   ------------------------
     00008000  _playershootspeedsx                fixedbank
     00008004  _playershootspeedsy                fixedbank
     00008008  _stage6_fade_pink                  fixedbank
     00008010  _stage6_fade_blue                  fixedbank
     00008018  _skullshootvelx                    fixedbank
     0000801F  _skullshootvely                    fixedbank
     00008026  _skullbshootvelx                   fixedbank
     00008036  _skullbshootvely                   fixedbank
     00008046  _palette_bin                       fixedbank
     00008056  _stage4_stormpalette               fixedbank
     00008066  _stage4_seapalette                 fixedbank
     0000806A  _stage1_flashpalette               fixedbank
     00008072  _aracmovingx                       fixedbank
     0000807A  _aracmovingy                       fixedbank
     00008082  _aracmovingt                       fixedbank
     00008092  _crossamovingx                     fixedbank
     0000809A  _crossamovingy                     fixedbank
     000080A2  _crossamovingt                     fixedbank
     000080B2  _crossbmovingx                     fixedbank
     000080BA  _crossbmovingy                     fixedbank
     000080C2  _crossbmovingt                     fixedbank
     000080D2  _stage2endbossshootpatternx        fixedbank
     000080D8  _stage2endbossshootpatterny        fixedbank
     000080DE  _stage3enemylaserposx              fixedbank
     000080E6  _stage3enemylaserposy              fixedbank
     000080EE  _stage3laservelx                   fixedbank
     000080F6  _stage3laservely                   fixedbank
     000080FE  _Stage1MiddleBossBPatternX         fixedbank
     00008106  _Stage1MiddleBossBPatternY         fixedbank
     0000810E  _sinustable                        fixedbank
     0000820E  _jukebox_repeat                    fixedbank
     00008223  _jukebox_banks                     fixedbank
     00008238  _selectorstatebasetiles            fixedbank
     0000823D  _selectormarkx                     fixedbank
     00008241  _selectormarky                     fixedbank
     00008245  _selectormarkt                     fixedbank
     00008249  _intro4script                      fixedbank
     00008375  _intro1script                      fixedbank
     0000846F  _intro2script                      fixedbank
     0000850A  _intro3script                      fixedbank
     00008550  _finishscript                      fixedbank
     00008654  _ww2planemovementy                 fixedbank
     0000865C  _ww2planemovementx                 fixedbank
     00008664  _ww2plane_pattern_a                fixedbank
     00008672  _ww2plane_pattern_b                fixedbank
     00008680  _ww2plane_pattern_c                fixedbank
     00008692  _ww2plane_pattern_d                fixedbank
     000086A4  _ww2plane_pattern_e                fixedbank
     000086C2  _ww2plane_pattern_f                fixedbank
     000086E0  _span_waveship80_script            fixedbank
ASxxxx Linker V03.00 + NoICE + sdld,  page 39.
Hexadecimal  [32-Bits]

Area                                    Addr        Size        Decimal Bytes (Attributes)
--------------------------------        ----        ----        ------- ----- ------------
_BANK15                             00008000    00003789 =       14217. bytes (REL,CON)

      Value  Global                              Global Defined In Module
      -----  --------------------------------   ------------------------
     000086EF  _span_waveship160_script           fixedbank
     000086FE  _span_randomrectship_script        fixedbank
     00008720  _span_rectshiplateral_script       fixedbank
     00008742  _span_bombships_script             fixedbank
     00008755  _span_randomwaveship_script        fixedbank
     0000876D  _span_turnships_script             fixedbank
     0000879E  _span_spreadships_script           fixedbank
     000087AC  _stage4scriptc                     fixedbank
     000087C0  _stage4scriptb                     fixedbank
     0000880B  _stage4script                      fixedbank
     00008842  _span_ww2planea_script             fixedbank
     00008864  _span_ww2planeb_script             fixedbank
     00008886  _span_ww2planec_script             fixedbank
     000088A8  _span_ww2zeppelina_script          fixedbank
     000088BB  _stage5scriptc                     fixedbank
     000088CA  _stage5scriptb                     fixedbank
     000089B0  _stage5script                      fixedbank
     00008AB3  _stage5_statics                    fixedbank
     00008BED  _stage1_statics                    fixedbank
     0000921F  _stage2_statics                    fixedbank
     0000981F  _span_asteroids_full_script        fixedbank
     00009850  _span_asteroids_little_script      fixedbank
     00009872  _stage3scriptb                     fixedbank
     0000988B  _stage3script                      fixedbank
     000098B8  _stage3_statics                    fixedbank
     00009B30  _stage7_statics                    fixedbank
     00009EF0  _initenemyfunctions                fixedbank
     00009F5A  _updateenemyfunctions              fixedbank
     00009F8E  _updatestagefunctions              fixedbank
     00009F90  _initstagefunctions                fixedbank
     00009F96  _killenemyfunctions                fixedbank
     00009F98  _stage4_scrollers                  fixedbank
     0000A038  _stage1_scrollers                  fixedbank
     0000A060  _stage2_scrollers                  fixedbank
     0000A07E  _stage5_scrollers                  fixedbank
     0000A0A6  _stage3_scrollers                  fixedbank
     0000A0BA  _stage7_scrollers                  fixedbank
     0000A0CE  _stage6_scrollers                  fixedbank
     0000A0E2  _imagebases                        fixedbank
     0000A18E  _imagebanks                        fixedbank
     0000A1E4  _stage3spriteslist                 fixedbank
     0000A1F0  _stage1spriteslist                 fixedbank
     0000A1F8  _stage2spriteslist                 fixedbank
     0000A200  _stage7spriteslist                 fixedbank
     0000A206  _stage5spriteslist                 fixedbank
     0000A20C  _stage4spriteslist                 fixedbank
     0000A216  _stage6spriteslist                 fixedbank
     0000A219  _stage6script                      fixedbank
     0000A223  _stage6scriptb                     fixedbank
     0000A22D  _vulcantankshootspeedx             fixedbank
     0000A230  _vulcantankshootspeedy             fixedbank
ASxxxx Linker V03.00 + NoICE + sdld,  page 40.
Hexadecimal  [32-Bits]

Area                                    Addr        Size        Decimal Bytes (Attributes)
--------------------------------        ----        ----        ------- ----- ------------
_BANK15                             00008000    00003789 =       14217. bytes (REL,CON)

      Value  Global                              Global Defined In Module
      -----  --------------------------------   ------------------------
     0000A233  _vulcanstationshootspeedx          fixedbank
     0000A236  _vulcanstationshootspeedy          fixedbank
     0000A239  _stage8bosscshootspeedx            fixedbank
     0000A249  _stage8bosscshootspeedy            fixedbank
     0000A258  _stage8bossbshootspeedx            fixedbank
     0000A268  _stage8bossbshootspeedy            fixedbank
     0000A278  _updatespacestationfunctions       fixedbank
     0000A27E  _checkcollisionfunctions           fixedbank
     0000A280  _updateintro3objectfunctions       fixedbank
     0000A286  _stage8spriteslist                 fixedbank
     0000A28D  _stage8_statics                    fixedbank
     0000A8C7  _stage8_scrollers                  fixedbank
     0000A8D1  _stage8animpalette                 fixedbank
     0000A8DF  _enemieswidth                      fixedbank
     0000A935  _enemiesheight                     fixedbank
     0000A98B  _enemiesenergy                     fixedbank
     0000A9E1  _intro1_psg                        fixedbank

ASxxxx Linker V03.00 + NoICE + sdld,  page 41.
Hexadecimal  [32-Bits]

Area                                    Addr        Size        Decimal Bytes (Attributes)
--------------------------------        ----        ----        ------- ----- ------------
_CABS0                              00000000    00000010 =          16. bytes (ABS,CON)

      Value  Global                              Global Defined In Module
      -----  --------------------------------   ------------------------
     00007FF0  ___SMS__SEGA_signature             _sms_manager

ASxxxx Linker V03.00 + NoICE + sdld,  page 42.
Hexadecimal  [32-Bits]

Area                                    Addr        Size        Decimal Bytes (Attributes)
--------------------------------        ----        ----        ------- ----- ------------
_CABS1                              00000000    0000000E =          14. bytes (ABS,CON)

      Value  Global                              Global Defined In Module
      -----  --------------------------------   ------------------------
     00007FD2  ___SMS__SDSC_author                _sms_manager

ASxxxx Linker V03.00 + NoICE + sdld,  page 43.
Hexadecimal  [32-Bits]

Area                                    Addr        Size        Decimal Bytes (Attributes)
--------------------------------        ----        ----        ------- ----- ------------
_CABS2                              00000000    0000000B =          11. bytes (ABS,CON)

      Value  Global                              Global Defined In Module
      -----  --------------------------------   ------------------------
     00007FC7  ___SMS__SDSC_name                  _sms_manager

ASxxxx Linker V03.00 + NoICE + sdld,  page 44.
Hexadecimal  [32-Bits]

Area                                    Addr        Size        Decimal Bytes (Attributes)
--------------------------------        ----        ----        ------- ----- ------------
_CABS3                              00000000    00000028 =          40. bytes (ABS,CON)

      Value  Global                              Global Defined In Module
      -----  --------------------------------   ------------------------
     00007F9F  ___SMS__SDSC_descr                 _sms_manager

ASxxxx Linker V03.00 + NoICE + sdld,  page 45.
Hexadecimal  [32-Bits]

Area                                    Addr        Size        Decimal Bytes (Attributes)
--------------------------------        ----        ----        ------- ----- ------------
_CABS4                              00000000    00000010 =          16. bytes (ABS,CON)

      Value  Global                              Global Defined In Module
      -----  --------------------------------   ------------------------
     00007FE0  ___SMS__SDSC_signature             _sms_manager

ASxxxx Linker V03.00 + NoICE + sdld,  page 46.

Files Linked                              [ module(s) ]

..\crt0\crt0_sms.rel                      [ crt0 ]
main.rel                                  [ main ]
..\lib\PSGlib.rel                         [ PSGlib ]
banks\bank2.rel                           [ bank2 ]
banks\bank3.rel                           [ bank3 ]
banks\bank4.rel                           [ bank4 ]
banks\bank5.rel                           [ bank5 ]
banks\bank6.rel                           [ bank6 ]
banks\bank7.rel                           [ bank7 ]
banks\bank8.rel                           [ bank8 ]
banks\bank9.rel                           [ bank9 ]
banks\bank10.rel                          [ bank10 ]
banks\bank11.rel                          [ bank11 ]
banks\bank12.rel                          [ bank12 ]
banks\bank13.rel                          [ bank13 ]
banks\bank14.rel                          [ bank14 ]
banks\fixedbank.rel                       [ fixedbank ]
devkit\_sms_manager.rel                   [ _sms_manager ]
devkit\_snd_manager.rel                   [ _snd_manager ]


Libraries Linked                          [ object file ]

C:\Program Files\SDCC\bin\..\lib\z80/z80.lib
                                          [ divunsigned.rel ]
..\lib\SMSlib.lib                         [ SMSlib_UNSAFE.rel ]
..\lib\SMSlib.lib                         [ SMSlib.rel ]
..\lib\SMSlib.lib                         [ SMSlib_VRAMmemset.rel ]
..\lib\SMSlib.lib                         [ SMSlib_sprite.rel ]
C:\Program Files\SDCC\bin\..\lib\z80/z80.lib
                                          [ modunsigned.rel ]
C:\Program Files\SDCC\bin\..\lib\z80/z80.lib
                                          [ abs.rel ]
C:\Program Files\SDCC\bin\..\lib\z80/z80.lib
                                          [ mul.rel ]
..\lib\SMSlib.lib                         [ SMSlib_VRAMmemcpy.rel ]
..\lib\SMSlib.lib                         [ SMSlib_STMcomp.rel ]
C:\Program Files\SDCC\bin\..\lib\z80/z80.lib
                                          [ __sdcc_call_hl.rel ]
..\lib\SMSlib.lib                         [ SMSlib_PSGaiden.rel ]
C:\Program Files\SDCC\bin\..\lib\z80/z80.lib
                                          [ strlen.rel ]
C:\Program Files\SDCC\bin\..\lib\z80/z80.lib
                                          [ crtenter.rel ]
C:\Program Files\SDCC\bin\..\lib\z80/z80.lib
                                          [ _mullong.rel ]
C:\Program Files\SDCC\bin\..\lib\z80/z80.lib
                                          [ modsigned.rel ]
C:\Program Files\SDCC\bin\..\lib\z80/z80.lib
                                          [ divsigned.rel ]

ASxxxx Linker V03.00 + NoICE + sdld,  page 47.

User Base Address Definitions

_CODE = 0x0200
_DATA = 0xc000
_BANK2=0x8000
_BANK3=0x8000
_BANK4=0x8000
_BANK5=0x8000
_BANK6=0x8000
_BANK7=0x8000
_BANK8=0x8000
_BANK9=0x8000
_BANK10=0x8000
_BANK11=0x8000
_BANK12=0x8000
_BANK13=0x8000
_BANK14=0x8000
_BANK15=0x8000

