                              1 ;--------------------------------------------------------
                              2 ; File Created by SDCC : free open source ANSI-C Compiler
                              3 ; Version 3.6.9 #9960 (MINGW64)
                              4 ;--------------------------------------------------------
                              5 	.module _sms_manager
                              6 	.optsdcc -mz80
                              7 	
                              8 ;--------------------------------------------------------
                              9 ; Public variables in this module
                             10 ;--------------------------------------------------------
                             11 	.globl ___SMS__SDSC_signature
                             12 	.globl ___SMS__SDSC_descr
                             13 	.globl ___SMS__SDSC_name
                             14 	.globl ___SMS__SDSC_author
                             15 	.globl ___SMS__SEGA_signature
                             16 	.globl _UNSAFE_SMS_copySpritestoSAT
                             17 	.globl _SMS_VRAMmemsetW
                             18 	.globl _SMS_VRAMmemset
                             19 	.globl _SMS_VRAMmemcpy_brief
                             20 	.globl _SMS_VRAMmemcpy
                             21 	.globl _SMS_setLineCounter
                             22 	.globl _SMS_setLineInterruptHandler
                             23 	.globl _SMS_resetPauseRequest
                             24 	.globl _SMS_queryPauseRequested
                             25 	.globl _SMS_getKeysReleased
                             26 	.globl _SMS_getKeysHeld
                             27 	.globl _SMS_getKeysPressed
                             28 	.globl _SMS_getKeysStatus
                             29 	.globl _SMS_loadSpritePalette
                             30 	.globl _SMS_loadBGPalette
                             31 	.globl _SMS_setSpritePaletteColor
                             32 	.globl _SMS_setBGPaletteColor
                             33 	.globl _SMS_finalizeSprites
                             34 	.globl _SMS_addSprite
                             35 	.globl _SMS_initSprites
                             36 	.globl _SMS_loadSTMcompressedTileMapArea
                             37 	.globl _SMS_loadPSGaidencompressedTiles
                             38 	.globl _SMS_crt0_RST18
                             39 	.globl _SMS_crt0_RST08
                             40 	.globl _SMS_waitForVBlank
                             41 	.globl _SMS_setSpriteMode
                             42 	.globl _SMS_useFirstHalfTilesforSprites
                             43 	.globl _SMS_setBackdropColor
                             44 	.globl _SMS_setBGScrollY
                             45 	.globl _SMS_setBGScrollX
                             46 	.globl _SMS_VDPturnOffFeature
                             47 	.globl _SMS_VDPturnOnFeature
                             48 	.globl _SMS_init
                             49 	.globl _SMS_SRAM
                             50 	.globl _SRAM_bank_to_be_mapped_on_slot2
                             51 	.globl _ROM_bank_to_be_mapped_on_slot2
                             52 	.globl _devkit_SMS_init
                             53 	.globl _devkit_SMS_displayOn
                             54 	.globl _devkit_SMS_displayOff
                             55 	.globl _devkit_SMS_setBGScrollX
                             56 	.globl _devkit_SMS_setBGScrollY
                             57 	.globl _devkit_SMS_setBackdropColor
                             58 	.globl _devkit_SMS_useFirstHalfTilesforSprites_False
                             59 	.globl _devkit_SMS_useFirstHalfTilesforSprites_True
                             60 	.globl _devkit_SMS_setSpriteMode
                             61 	.globl _devkit_SMS_mapROMBank
                             62 	.globl _devkit_SMS_VDPturnOnFeature
                             63 	.globl _devkit_SMS_loadTileMap
                             64 	.globl _devkit_SMS_loadPSGaidencompressedTiles
                             65 	.globl _devkit_SMS_loadSTMcompressedTileMap
                             66 	.globl _devkit_SMS_setBGPaletteColor
                             67 	.globl _devkit_SMS_setSpritePaletteColor
                             68 	.globl _devkit_SMS_loadBGPalette
                             69 	.globl _devkit_SMS_loadSpritePalette
                             70 	.globl _devkit_SMS_setNextTileatXY
                             71 	.globl _devkit_SMS_setTile
                             72 	.globl _devkit_SMS_addSprite
                             73 	.globl _devkit_SMS_addSprite_bulk8
                             74 	.globl _devkit_SMS_addSprite_bulk12
                             75 	.globl _devkit_SMS_initSprites
                             76 	.globl _devkit_SMS_finalizeSprites
                             77 	.globl _devkit_SMS_waitForVBlank
                             78 	.globl _devkit_SMS_copySpritestoSAT
                             79 	.globl _devkit_UNSAFE_SMS_copySpritestoSAT
                             80 	.globl _devkit_SMS_queryPauseRequested
                             81 	.globl _devkit_SMS_resetPauseRequest
                             82 	.globl _devkit_SMS_getKeysStatus
                             83 	.globl _devkit_SMS_getKeysPressed
                             84 	.globl _devkit_SMS_getKeysHeld
                             85 	.globl _devkit_SMS_getKeysReleased
                             86 	.globl _devkit_PORT_A_KEY_UP
                             87 	.globl _devkit_PORT_A_KEY_DOWN
                             88 	.globl _devkit_PORT_A_KEY_LEFT
                             89 	.globl _devkit_PORT_A_KEY_RIGHT
                             90 	.globl _devkit_PORT_A_KEY_1
                             91 	.globl _devkit_PORT_A_KEY_2
                             92 	.globl _devkit_SMS_VRAMmemcpy
                             93 	.globl _devkit_SMS_VRAMmemcpy_brief
                             94 	.globl _devkit_SMS_VRAMmemset
                             95 	.globl _devkit_SMS_VRAMmemsetW
                             96 	.globl _devkit_SMS_setLineInterruptHandler
                             97 	.globl _devkit_SMS_setLineCounter
                             98 	.globl _devkit_SMS_enableLineInterrupt
                             99 	.globl _devkit_SMS_disableLineInterrupt
                            100 	.globl _devkit_VDPFEATURE_HIDEFIRSTCOL
                            101 	.globl _devkit_VDPFEATURE_LEFTCOLBLANK
                            102 	.globl _devkit_SPRITEMODE_NORMAL
                            103 ;--------------------------------------------------------
                            104 ; special function registers
                            105 ;--------------------------------------------------------
                            106 ;--------------------------------------------------------
                            107 ; ram data
                            108 ;--------------------------------------------------------
                            109 	.area _DATA
                     FFFF   110 _ROM_bank_to_be_mapped_on_slot2	=	0xffff
                     FFFC   111 _SRAM_bank_to_be_mapped_on_slot2	=	0xfffc
                     8000   112 _SMS_SRAM	=	0x8000
                            113 ;--------------------------------------------------------
                            114 ; ram data
                            115 ;--------------------------------------------------------
                            116 	.area _INITIALIZED
                            117 ;--------------------------------------------------------
                            118 ; absolute external ram data
                            119 ;--------------------------------------------------------
                            120 	.area _DABS (ABS)
                            121 ;--------------------------------------------------------
                            122 ; global & static initialisations
                            123 ;--------------------------------------------------------
                            124 	.area _HOME
                            125 	.area _GSINIT
                            126 	.area _GSFINAL
                            127 	.area _GSINIT
                            128 ;--------------------------------------------------------
                            129 ; Home
                            130 ;--------------------------------------------------------
                            131 	.area _HOME
                            132 	.area _HOME
                            133 ;--------------------------------------------------------
                            134 ; code
                            135 ;--------------------------------------------------------
                            136 	.area _CODE
                            137 ;_sms_manager.c:11: void devkit_SMS_init()
                            138 ;	---------------------------------
                            139 ; Function devkit_SMS_init
                            140 ; ---------------------------------
   0000                     141 _devkit_SMS_init::
                            142 ;_sms_manager.c:13: SMS_init();
   0000 C3r00r00      [10]  143 	jp  _SMS_init
                            144 ;_sms_manager.c:15: void devkit_SMS_displayOn()
                            145 ;	---------------------------------
                            146 ; Function devkit_SMS_displayOn
                            147 ; ---------------------------------
   0003                     148 _devkit_SMS_displayOn::
                            149 ;_sms_manager.c:17: SMS_displayOn();
   0003 21 40 01      [10]  150 	ld	hl, #0x0140
   0006 C3r00r00      [10]  151 	jp  _SMS_VDPturnOnFeature
                            152 ;_sms_manager.c:19: void devkit_SMS_displayOff()
                            153 ;	---------------------------------
                            154 ; Function devkit_SMS_displayOff
                            155 ; ---------------------------------
   0009                     156 _devkit_SMS_displayOff::
                            157 ;_sms_manager.c:21: SMS_displayOff();
   0009 21 40 01      [10]  158 	ld	hl, #0x0140
   000C C3r00r00      [10]  159 	jp  _SMS_VDPturnOffFeature
                            160 ;_sms_manager.c:24: void devkit_SMS_setBGScrollX( unsigned char scrollX )
                            161 ;	---------------------------------
                            162 ; Function devkit_SMS_setBGScrollX
                            163 ; ---------------------------------
   000F                     164 _devkit_SMS_setBGScrollX::
                            165 ;_sms_manager.c:26: SMS_setBGScrollX( scrollX );
   000F FD 21 02 00   [14]  166 	ld	iy, #2
   0013 FD 39         [15]  167 	add	iy, sp
   0015 FD 6E 00      [19]  168 	ld	l, 0 (iy)
   0018 C3r00r00      [10]  169 	jp  _SMS_setBGScrollX
                            170 ;_sms_manager.c:28: void devkit_SMS_setBGScrollY( unsigned char scrollY )
                            171 ;	---------------------------------
                            172 ; Function devkit_SMS_setBGScrollY
                            173 ; ---------------------------------
   001B                     174 _devkit_SMS_setBGScrollY::
                            175 ;_sms_manager.c:30: SMS_setBGScrollY( scrollY );
   001B FD 21 02 00   [14]  176 	ld	iy, #2
   001F FD 39         [15]  177 	add	iy, sp
   0021 FD 6E 00      [19]  178 	ld	l, 0 (iy)
   0024 C3r00r00      [10]  179 	jp  _SMS_setBGScrollY
                            180 ;_sms_manager.c:32: void devkit_SMS_setBackdropColor( unsigned char entry )
                            181 ;	---------------------------------
                            182 ; Function devkit_SMS_setBackdropColor
                            183 ; ---------------------------------
   0027                     184 _devkit_SMS_setBackdropColor::
                            185 ;_sms_manager.c:34: SMS_setBackdropColor( entry );
   0027 FD 21 02 00   [14]  186 	ld	iy, #2
   002B FD 39         [15]  187 	add	iy, sp
   002D FD 6E 00      [19]  188 	ld	l, 0 (iy)
   0030 C3r00r00      [10]  189 	jp  _SMS_setBackdropColor
                            190 ;_sms_manager.c:36: void devkit_SMS_useFirstHalfTilesforSprites_False()
                            191 ;	---------------------------------
                            192 ; Function devkit_SMS_useFirstHalfTilesforSprites_False
                            193 ; ---------------------------------
   0033                     194 _devkit_SMS_useFirstHalfTilesforSprites_False::
                            195 ;_sms_manager.c:38: SMS_useFirstHalfTilesforSprites( false );
   0033 2E 00         [ 7]  196 	ld	l, #0x00
   0035 C3r00r00      [10]  197 	jp  _SMS_useFirstHalfTilesforSprites
                            198 ;_sms_manager.c:40: void devkit_SMS_useFirstHalfTilesforSprites_True()
                            199 ;	---------------------------------
                            200 ; Function devkit_SMS_useFirstHalfTilesforSprites_True
                            201 ; ---------------------------------
   0038                     202 _devkit_SMS_useFirstHalfTilesforSprites_True::
                            203 ;_sms_manager.c:42: SMS_useFirstHalfTilesforSprites( true );
   0038 2E 01         [ 7]  204 	ld	l, #0x01
   003A C3r00r00      [10]  205 	jp  _SMS_useFirstHalfTilesforSprites
                            206 ;_sms_manager.c:44: void devkit_SMS_setSpriteMode( unsigned char mode )
                            207 ;	---------------------------------
                            208 ; Function devkit_SMS_setSpriteMode
                            209 ; ---------------------------------
   003D                     210 _devkit_SMS_setSpriteMode::
                            211 ;_sms_manager.c:46: SMS_setSpriteMode( mode );
   003D FD 21 02 00   [14]  212 	ld	iy, #2
   0041 FD 39         [15]  213 	add	iy, sp
   0043 FD 6E 00      [19]  214 	ld	l, 0 (iy)
   0046 C3r00r00      [10]  215 	jp  _SMS_setSpriteMode
                            216 ;_sms_manager.c:49: void devkit_SMS_mapROMBank( unsigned char n )
                            217 ;	---------------------------------
                            218 ; Function devkit_SMS_mapROMBank
                            219 ; ---------------------------------
   0049                     220 _devkit_SMS_mapROMBank::
                            221 ;_sms_manager.c:51: SMS_mapROMBank( n );
   0049 21 02 00      [10]  222 	ld	hl, #2+0
   004C 39            [11]  223 	add	hl, sp
   004D 7E            [ 7]  224 	ld	a, (hl)
   004E 32 FF FF      [13]  225 	ld	(#_ROM_bank_to_be_mapped_on_slot2 + 0),a
   0051 C9            [10]  226 	ret
                            227 ;_sms_manager.c:53: void devkit_SMS_VDPturnOnFeature( unsigned int feature )
                            228 ;	---------------------------------
                            229 ; Function devkit_SMS_VDPturnOnFeature
                            230 ; ---------------------------------
   0052                     231 _devkit_SMS_VDPturnOnFeature::
                            232 ;_sms_manager.c:55: SMS_VDPturnOnFeature( feature );
   0052 C1            [10]  233 	pop	bc
   0053 E1            [10]  234 	pop	hl
   0054 E5            [11]  235 	push	hl
   0055 C5            [11]  236 	push	bc
   0056 C3r00r00      [10]  237 	jp  _SMS_VDPturnOnFeature
                            238 ;_sms_manager.c:58: void devkit_SMS_loadTileMap( unsigned char x, unsigned char y, unsigned char* src, unsigned char size )
                            239 ;	---------------------------------
                            240 ; Function devkit_SMS_loadTileMap
                            241 ; ---------------------------------
   0059                     242 _devkit_SMS_loadTileMap::
   0059 CDr00r00      [17]  243 	call	___sdcc_enter_ix
   005C F5            [11]  244 	push	af
                            245 ;_sms_manager.c:60: SMS_loadTileMap( x, y, src, size );
   005D DD 5E 08      [19]  246 	ld	e, 8 (ix)
   0060 16 00         [ 7]  247 	ld	d, #0x00
   0062 DD 4E 06      [19]  248 	ld	c,6 (ix)
   0065 DD 46 07      [19]  249 	ld	b,7 (ix)
   0068 DD 6E 05      [19]  250 	ld	l, 5 (ix)
   006B 26 00         [ 7]  251 	ld	h, #0x00
   006D 29            [11]  252 	add	hl, hl
   006E 29            [11]  253 	add	hl, hl
   006F 29            [11]  254 	add	hl, hl
   0070 29            [11]  255 	add	hl, hl
   0071 29            [11]  256 	add	hl, hl
   0072 29            [11]  257 	add	hl, hl
   0073 DD 75 FE      [19]  258 	ld	-2 (ix), l
   0076 7C            [ 4]  259 	ld	a, h
   0077 F6 78         [ 7]  260 	or	a, #0x78
   0079 DD 77 FF      [19]  261 	ld	-1 (ix), a
   007C DD 6E 04      [19]  262 	ld	l, 4 (ix)
   007F 26 00         [ 7]  263 	ld	h, #0x00
   0081 29            [11]  264 	add	hl, hl
   0082 7D            [ 4]  265 	ld	a, l
   0083 DD B6 FE      [19]  266 	or	a, -2 (ix)
   0086 6F            [ 4]  267 	ld	l, a
   0087 7C            [ 4]  268 	ld	a, h
   0088 DD B6 FF      [19]  269 	or	a, -1 (ix)
   008B 67            [ 4]  270 	ld	h, a
   008C D5            [11]  271 	push	de
   008D C5            [11]  272 	push	bc
   008E E5            [11]  273 	push	hl
   008F CDr00r00      [17]  274 	call	_SMS_VRAMmemcpy
   0092 F1            [10]  275 	pop	af
   0093 F1            [10]  276 	pop	af
   0094 F1            [10]  277 	pop	af
   0095 F1            [10]  278 	pop	af
   0096 DD E1         [14]  279 	pop	ix
   0098 C9            [10]  280 	ret
                            281 ;_sms_manager.c:63: void devkit_SMS_loadPSGaidencompressedTiles( void *src, unsigned int tilefrom )
                            282 ;	---------------------------------
                            283 ; Function devkit_SMS_loadPSGaidencompressedTiles
                            284 ; ---------------------------------
   0099                     285 _devkit_SMS_loadPSGaidencompressedTiles::
                            286 ;_sms_manager.c:65: SMS_loadPSGaidencompressedTiles( src, tilefrom );
   0099 21 04 00      [10]  287 	ld	hl, #4
   009C 39            [11]  288 	add	hl, sp
   009D 4E            [ 7]  289 	ld	c, (hl)
   009E 23            [ 6]  290 	inc	hl
   009F 46            [ 7]  291 	ld	b, (hl)
   00A0 C5            [11]  292 	push	bc
   00A1 21 04 00      [10]  293 	ld	hl, #4
   00A4 39            [11]  294 	add	hl, sp
   00A5 4E            [ 7]  295 	ld	c, (hl)
   00A6 23            [ 6]  296 	inc	hl
   00A7 46            [ 7]  297 	ld	b, (hl)
   00A8 C5            [11]  298 	push	bc
   00A9 CDr00r00      [17]  299 	call	_SMS_loadPSGaidencompressedTiles
   00AC F1            [10]  300 	pop	af
   00AD F1            [10]  301 	pop	af
   00AE C9            [10]  302 	ret
                            303 ;_sms_manager.c:67: void devkit_SMS_loadSTMcompressedTileMap( unsigned char x, unsigned char y, unsigned char *src )
                            304 ;	---------------------------------
                            305 ; Function devkit_SMS_loadSTMcompressedTileMap
                            306 ; ---------------------------------
   00AF                     307 _devkit_SMS_loadSTMcompressedTileMap::
                            308 ;_sms_manager.c:69: SMS_loadSTMcompressedTileMap( x, y, src );
   00AF 3E 20         [ 7]  309 	ld	a, #0x20
   00B1 F5            [11]  310 	push	af
   00B2 33            [ 6]  311 	inc	sp
   00B3 21 05 00      [10]  312 	ld	hl, #5
   00B6 39            [11]  313 	add	hl, sp
   00B7 4E            [ 7]  314 	ld	c, (hl)
   00B8 23            [ 6]  315 	inc	hl
   00B9 46            [ 7]  316 	ld	b, (hl)
   00BA C5            [11]  317 	push	bc
   00BB 21 06 00      [10]  318 	ld	hl, #6+0
   00BE 39            [11]  319 	add	hl, sp
   00BF 7E            [ 7]  320 	ld	a, (hl)
   00C0 F5            [11]  321 	push	af
   00C1 33            [ 6]  322 	inc	sp
   00C2 21 06 00      [10]  323 	ld	hl, #6+0
   00C5 39            [11]  324 	add	hl, sp
   00C6 7E            [ 7]  325 	ld	a, (hl)
   00C7 F5            [11]  326 	push	af
   00C8 33            [ 6]  327 	inc	sp
   00C9 CDr00r00      [17]  328 	call	_SMS_loadSTMcompressedTileMapArea
   00CC F1            [10]  329 	pop	af
   00CD F1            [10]  330 	pop	af
   00CE 33            [ 6]  331 	inc	sp
   00CF C9            [10]  332 	ret
                            333 ;_sms_manager.c:72: void devkit_SMS_setBGPaletteColor( unsigned char entry, unsigned char color )
                            334 ;	---------------------------------
                            335 ; Function devkit_SMS_setBGPaletteColor
                            336 ; ---------------------------------
   00D0                     337 _devkit_SMS_setBGPaletteColor::
                            338 ;_sms_manager.c:74: SMS_setBGPaletteColor( entry, color );
   00D0 21 03 00      [10]  339 	ld	hl, #3+0
   00D3 39            [11]  340 	add	hl, sp
   00D4 7E            [ 7]  341 	ld	a, (hl)
   00D5 F5            [11]  342 	push	af
   00D6 33            [ 6]  343 	inc	sp
   00D7 21 03 00      [10]  344 	ld	hl, #3+0
   00DA 39            [11]  345 	add	hl, sp
   00DB 7E            [ 7]  346 	ld	a, (hl)
   00DC F5            [11]  347 	push	af
   00DD 33            [ 6]  348 	inc	sp
   00DE CDr00r00      [17]  349 	call	_SMS_setBGPaletteColor
   00E1 F1            [10]  350 	pop	af
   00E2 C9            [10]  351 	ret
                            352 ;_sms_manager.c:76: void devkit_SMS_setSpritePaletteColor( const unsigned char entry, const unsigned char r, const unsigned char g, const unsigned char b )
                            353 ;	---------------------------------
                            354 ; Function devkit_SMS_setSpritePaletteColor
                            355 ; ---------------------------------
   00E3                     356 _devkit_SMS_setSpritePaletteColor::
                            357 ;_sms_manager.c:78: const unsigned char color = RGB( r, g, b );
   00E3 21 04 00      [10]  358 	ld	hl, #4+0
   00E6 39            [11]  359 	add	hl, sp
   00E7 7E            [ 7]  360 	ld	a, (hl)
   00E8 87            [ 4]  361 	add	a, a
   00E9 87            [ 4]  362 	add	a, a
   00EA 21 03 00      [10]  363 	ld	hl, #3+0
   00ED 39            [11]  364 	add	hl, sp
   00EE B6            [ 7]  365 	or	a, (hl)
   00EF 4F            [ 4]  366 	ld	c, a
   00F0 21 05 00      [10]  367 	ld	hl, #5+0
   00F3 39            [11]  368 	add	hl, sp
   00F4 7E            [ 7]  369 	ld	a, (hl)
   00F5 07            [ 4]  370 	rlca
   00F6 07            [ 4]  371 	rlca
   00F7 07            [ 4]  372 	rlca
   00F8 07            [ 4]  373 	rlca
   00F9 E6 F0         [ 7]  374 	and	a, #0xf0
   00FB B1            [ 4]  375 	or	a, c
   00FC 47            [ 4]  376 	ld	b, a
                            377 ;_sms_manager.c:79: SMS_setSpritePaletteColor( entry, color );
   00FD C5            [11]  378 	push	bc
   00FE 33            [ 6]  379 	inc	sp
   00FF 21 03 00      [10]  380 	ld	hl, #3+0
   0102 39            [11]  381 	add	hl, sp
   0103 7E            [ 7]  382 	ld	a, (hl)
   0104 F5            [11]  383 	push	af
   0105 33            [ 6]  384 	inc	sp
   0106 CDr00r00      [17]  385 	call	_SMS_setSpritePaletteColor
   0109 F1            [10]  386 	pop	af
   010A C9            [10]  387 	ret
                            388 ;_sms_manager.c:81: void devkit_SMS_loadBGPalette( void *palette )
                            389 ;	---------------------------------
                            390 ; Function devkit_SMS_loadBGPalette
                            391 ; ---------------------------------
   010B                     392 _devkit_SMS_loadBGPalette::
                            393 ;_sms_manager.c:83: SMS_loadBGPalette( palette );
   010B C1            [10]  394 	pop	bc
   010C E1            [10]  395 	pop	hl
   010D E5            [11]  396 	push	hl
   010E C5            [11]  397 	push	bc
   010F C3r00r00      [10]  398 	jp  _SMS_loadBGPalette
                            399 ;_sms_manager.c:85: void devkit_SMS_loadSpritePalette( void *palette )
                            400 ;	---------------------------------
                            401 ; Function devkit_SMS_loadSpritePalette
                            402 ; ---------------------------------
   0112                     403 _devkit_SMS_loadSpritePalette::
                            404 ;_sms_manager.c:87: SMS_loadSpritePalette( palette );
   0112 C1            [10]  405 	pop	bc
   0113 E1            [10]  406 	pop	hl
   0114 E5            [11]  407 	push	hl
   0115 C5            [11]  408 	push	bc
   0116 C3r00r00      [10]  409 	jp  _SMS_loadSpritePalette
                            410 ;_sms_manager.c:90: void devkit_SMS_setNextTileatXY( unsigned char x, unsigned char y )
                            411 ;	---------------------------------
                            412 ; Function devkit_SMS_setNextTileatXY
                            413 ; ---------------------------------
   0119                     414 _devkit_SMS_setNextTileatXY::
   0119 CDr00r00      [17]  415 	call	___sdcc_enter_ix
                            416 ;_sms_manager.c:92: SMS_setNextTileatXY( x, y );
   011C DD 6E 05      [19]  417 	ld	l, 5 (ix)
   011F 26 00         [ 7]  418 	ld	h, #0x00
   0121 29            [11]  419 	add	hl, hl
   0122 29            [11]  420 	add	hl, hl
   0123 29            [11]  421 	add	hl, hl
   0124 29            [11]  422 	add	hl, hl
   0125 29            [11]  423 	add	hl, hl
   0126 29            [11]  424 	add	hl, hl
   0127 4D            [ 4]  425 	ld	c, l
   0128 7C            [ 4]  426 	ld	a, h
   0129 F6 78         [ 7]  427 	or	a, #0x78
   012B 47            [ 4]  428 	ld	b, a
   012C DD 6E 04      [19]  429 	ld	l, 4 (ix)
   012F 26 00         [ 7]  430 	ld	h, #0x00
   0131 29            [11]  431 	add	hl, hl
   0132 7D            [ 4]  432 	ld	a, l
   0133 B1            [ 4]  433 	or	a, c
   0134 6F            [ 4]  434 	ld	l, a
   0135 7C            [ 4]  435 	ld	a, h
   0136 B0            [ 4]  436 	or	a, b
   0137 67            [ 4]  437 	ld	h, a
   0138 DD E1         [14]  438 	pop	ix
   013A C3r00r00      [10]  439 	jp	_SMS_crt0_RST08
                            440 ;_sms_manager.c:94: void devkit_SMS_setTile( const unsigned char tile )
                            441 ;	---------------------------------
                            442 ; Function devkit_SMS_setTile
                            443 ; ---------------------------------
   013D                     444 _devkit_SMS_setTile::
                            445 ;_sms_manager.c:96: SMS_setTile( tile );
   013D FD 21 02 00   [14]  446 	ld	iy, #2
   0141 FD 39         [15]  447 	add	iy, sp
   0143 FD 6E 00      [19]  448 	ld	l, 0 (iy)
   0146 26 00         [ 7]  449 	ld	h, #0x00
   0148 C3r00r00      [10]  450 	jp  _SMS_crt0_RST18
                            451 ;_sms_manager.c:99: void devkit_SMS_addSprite( unsigned char x, unsigned char y, unsigned char tile )
                            452 ;	---------------------------------
                            453 ; Function devkit_SMS_addSprite
                            454 ; ---------------------------------
   014B                     455 _devkit_SMS_addSprite::
                            456 ;_sms_manager.c:101: SMS_addSprite( x, y, tile );
   014B 21 04 00      [10]  457 	ld	hl, #4+0
   014E 39            [11]  458 	add	hl, sp
   014F 7E            [ 7]  459 	ld	a, (hl)
   0150 F5            [11]  460 	push	af
   0151 33            [ 6]  461 	inc	sp
   0152 21 04 00      [10]  462 	ld	hl, #4+0
   0155 39            [11]  463 	add	hl, sp
   0156 7E            [ 7]  464 	ld	a, (hl)
   0157 F5            [11]  465 	push	af
   0158 33            [ 6]  466 	inc	sp
   0159 21 04 00      [10]  467 	ld	hl, #4+0
   015C 39            [11]  468 	add	hl, sp
   015D 7E            [ 7]  469 	ld	a, (hl)
   015E F5            [11]  470 	push	af
   015F 33            [ 6]  471 	inc	sp
   0160 CDr00r00      [17]  472 	call	_SMS_addSprite
   0163 F1            [10]  473 	pop	af
   0164 33            [ 6]  474 	inc	sp
   0165 C9            [10]  475 	ret
                            476 ;_sms_manager.c:103: void devkit_SMS_addSprite_bulk8( unsigned char x, unsigned char y, unsigned char tile )
                            477 ;	---------------------------------
                            478 ; Function devkit_SMS_addSprite_bulk8
                            479 ; ---------------------------------
   0166                     480 _devkit_SMS_addSprite_bulk8::
   0166 CDr00r00      [17]  481 	call	___sdcc_enter_ix
                            482 ;_sms_manager.c:105: devkit_SMS_addSprite( x + 0, y + 0, tile + 0 );
   0169 DD 66 06      [19]  483 	ld	h, 6 (ix)
   016C DD 6E 05      [19]  484 	ld	l, 5 (ix)
   016F E5            [11]  485 	push	hl
   0170 DD 7E 04      [19]  486 	ld	a, 4 (ix)
   0173 F5            [11]  487 	push	af
   0174 33            [ 6]  488 	inc	sp
   0175 CDr4Br01      [17]  489 	call	_devkit_SMS_addSprite
   0178 F1            [10]  490 	pop	af
   0179 33            [ 6]  491 	inc	sp
                            492 ;_sms_manager.c:106: devkit_SMS_addSprite( x + 8, y + 0, tile + 1 );
   017A DD 56 06      [19]  493 	ld	d, 6 (ix)
   017D 14            [ 4]  494 	inc	d
   017E DD 7E 04      [19]  495 	ld	a, 4 (ix)
   0181 C6 08         [ 7]  496 	add	a, #0x08
   0183 47            [ 4]  497 	ld	b, a
   0184 C5            [11]  498 	push	bc
   0185 D5            [11]  499 	push	de
   0186 33            [ 6]  500 	inc	sp
   0187 DD 7E 05      [19]  501 	ld	a, 5 (ix)
   018A F5            [11]  502 	push	af
   018B 33            [ 6]  503 	inc	sp
   018C C5            [11]  504 	push	bc
   018D 33            [ 6]  505 	inc	sp
   018E CDr4Br01      [17]  506 	call	_devkit_SMS_addSprite
   0191 F1            [10]  507 	pop	af
   0192 33            [ 6]  508 	inc	sp
   0193 C1            [10]  509 	pop	bc
                            510 ;_sms_manager.c:108: devkit_SMS_addSprite( x + 0, y + 8, tile + 2 );
   0194 DD 66 06      [19]  511 	ld	h, 6 (ix)
   0197 24            [ 4]  512 	inc	h
   0198 24            [ 4]  513 	inc	h
   0199 DD 7E 05      [19]  514 	ld	a, 5 (ix)
   019C C6 08         [ 7]  515 	add	a, #0x08
   019E 57            [ 4]  516 	ld	d, a
   019F C5            [11]  517 	push	bc
   01A0 D5            [11]  518 	push	de
   01A1 6A            [ 4]  519 	ld	l, d
   01A2 E5            [11]  520 	push	hl
   01A3 DD 7E 04      [19]  521 	ld	a, 4 (ix)
   01A6 F5            [11]  522 	push	af
   01A7 33            [ 6]  523 	inc	sp
   01A8 CDr4Br01      [17]  524 	call	_devkit_SMS_addSprite
   01AB F1            [10]  525 	pop	af
   01AC 33            [ 6]  526 	inc	sp
   01AD D1            [10]  527 	pop	de
   01AE C1            [10]  528 	pop	bc
                            529 ;_sms_manager.c:109: devkit_SMS_addSprite( x + 8, y + 8, tile + 3 );
   01AF DD 66 06      [19]  530 	ld	h, 6 (ix)
   01B2 24            [ 4]  531 	inc	h
   01B3 24            [ 4]  532 	inc	h
   01B4 24            [ 4]  533 	inc	h
   01B5 C5            [11]  534 	push	bc
   01B6 6A            [ 4]  535 	ld	l, d
   01B7 E5            [11]  536 	push	hl
   01B8 C5            [11]  537 	push	bc
   01B9 33            [ 6]  538 	inc	sp
   01BA CDr4Br01      [17]  539 	call	_devkit_SMS_addSprite
   01BD F1            [10]  540 	pop	af
   01BE 33            [ 6]  541 	inc	sp
   01BF C1            [10]  542 	pop	bc
                            543 ;_sms_manager.c:111: devkit_SMS_addSprite( x + 0, y + 16, tile + 4 );
   01C0 DD 66 06      [19]  544 	ld	h, 6 (ix)
   01C3 24            [ 4]  545 	inc	h
   01C4 24            [ 4]  546 	inc	h
   01C5 24            [ 4]  547 	inc	h
   01C6 24            [ 4]  548 	inc	h
   01C7 DD 7E 05      [19]  549 	ld	a, 5 (ix)
   01CA C6 10         [ 7]  550 	add	a, #0x10
   01CC 57            [ 4]  551 	ld	d, a
   01CD C5            [11]  552 	push	bc
   01CE D5            [11]  553 	push	de
   01CF 6A            [ 4]  554 	ld	l, d
   01D0 E5            [11]  555 	push	hl
   01D1 DD 7E 04      [19]  556 	ld	a, 4 (ix)
   01D4 F5            [11]  557 	push	af
   01D5 33            [ 6]  558 	inc	sp
   01D6 CDr4Br01      [17]  559 	call	_devkit_SMS_addSprite
   01D9 F1            [10]  560 	pop	af
   01DA 33            [ 6]  561 	inc	sp
   01DB D1            [10]  562 	pop	de
   01DC C1            [10]  563 	pop	bc
                            564 ;_sms_manager.c:112: devkit_SMS_addSprite( x + 8, y + 16, tile + 5 );
   01DD DD 7E 06      [19]  565 	ld	a, 6 (ix)
   01E0 C6 05         [ 7]  566 	add	a, #0x05
   01E2 67            [ 4]  567 	ld	h, a
   01E3 C5            [11]  568 	push	bc
   01E4 6A            [ 4]  569 	ld	l, d
   01E5 E5            [11]  570 	push	hl
   01E6 C5            [11]  571 	push	bc
   01E7 33            [ 6]  572 	inc	sp
   01E8 CDr4Br01      [17]  573 	call	_devkit_SMS_addSprite
   01EB F1            [10]  574 	pop	af
   01EC 33            [ 6]  575 	inc	sp
   01ED C1            [10]  576 	pop	bc
                            577 ;_sms_manager.c:114: devkit_SMS_addSprite( x + 0, y + 24, tile + 6 );
   01EE DD 7E 06      [19]  578 	ld	a, 6 (ix)
   01F1 C6 06         [ 7]  579 	add	a, #0x06
   01F3 67            [ 4]  580 	ld	h, a
   01F4 DD 7E 05      [19]  581 	ld	a, 5 (ix)
   01F7 C6 18         [ 7]  582 	add	a, #0x18
   01F9 57            [ 4]  583 	ld	d, a
   01FA C5            [11]  584 	push	bc
   01FB D5            [11]  585 	push	de
   01FC 6A            [ 4]  586 	ld	l, d
   01FD E5            [11]  587 	push	hl
   01FE DD 7E 04      [19]  588 	ld	a, 4 (ix)
   0201 F5            [11]  589 	push	af
   0202 33            [ 6]  590 	inc	sp
   0203 CDr4Br01      [17]  591 	call	_devkit_SMS_addSprite
   0206 F1            [10]  592 	pop	af
   0207 33            [ 6]  593 	inc	sp
   0208 D1            [10]  594 	pop	de
   0209 C1            [10]  595 	pop	bc
                            596 ;_sms_manager.c:115: devkit_SMS_addSprite( x + 8, y + 24, tile + 7 );
   020A DD 7E 06      [19]  597 	ld	a, 6 (ix)
   020D C6 07         [ 7]  598 	add	a, #0x07
   020F 67            [ 4]  599 	ld	h, a
   0210 6A            [ 4]  600 	ld	l, d
   0211 E5            [11]  601 	push	hl
   0212 C5            [11]  602 	push	bc
   0213 33            [ 6]  603 	inc	sp
   0214 CDr4Br01      [17]  604 	call	_devkit_SMS_addSprite
   0217 F1            [10]  605 	pop	af
   0218 33            [ 6]  606 	inc	sp
   0219 DD E1         [14]  607 	pop	ix
   021B C9            [10]  608 	ret
                            609 ;_sms_manager.c:117: void devkit_SMS_addSprite_bulk12( unsigned char x, unsigned char y, unsigned char tile )
                            610 ;	---------------------------------
                            611 ; Function devkit_SMS_addSprite_bulk12
                            612 ; ---------------------------------
   021C                     613 _devkit_SMS_addSprite_bulk12::
   021C CDr00r00      [17]  614 	call	___sdcc_enter_ix
                            615 ;_sms_manager.c:119: SMS_addSprite( x + 0, y + 0, tile + 0 );
   021F DD 66 06      [19]  616 	ld	h, 6 (ix)
   0222 DD 6E 05      [19]  617 	ld	l, 5 (ix)
   0225 E5            [11]  618 	push	hl
   0226 DD 7E 04      [19]  619 	ld	a, 4 (ix)
   0229 F5            [11]  620 	push	af
   022A 33            [ 6]  621 	inc	sp
   022B CDr00r00      [17]  622 	call	_SMS_addSprite
   022E F1            [10]  623 	pop	af
   022F 33            [ 6]  624 	inc	sp
                            625 ;_sms_manager.c:120: SMS_addSprite( x + 8, y + 0, tile + 1 );
   0230 DD 56 06      [19]  626 	ld	d, 6 (ix)
   0233 14            [ 4]  627 	inc	d
   0234 DD 7E 04      [19]  628 	ld	a, 4 (ix)
   0237 C6 08         [ 7]  629 	add	a, #0x08
   0239 47            [ 4]  630 	ld	b, a
   023A C5            [11]  631 	push	bc
   023B D5            [11]  632 	push	de
   023C 33            [ 6]  633 	inc	sp
   023D DD 7E 05      [19]  634 	ld	a, 5 (ix)
   0240 F5            [11]  635 	push	af
   0241 33            [ 6]  636 	inc	sp
   0242 C5            [11]  637 	push	bc
   0243 33            [ 6]  638 	inc	sp
   0244 CDr00r00      [17]  639 	call	_SMS_addSprite
   0247 F1            [10]  640 	pop	af
   0248 33            [ 6]  641 	inc	sp
   0249 C1            [10]  642 	pop	bc
                            643 ;_sms_manager.c:121: SMS_addSprite( x + 16, y + 0, tile + 2 );
   024A DD 56 06      [19]  644 	ld	d, 6 (ix)
   024D 14            [ 4]  645 	inc	d
   024E 14            [ 4]  646 	inc	d
   024F DD 7E 04      [19]  647 	ld	a, 4 (ix)
   0252 C6 10         [ 7]  648 	add	a, #0x10
   0254 4F            [ 4]  649 	ld	c, a
   0255 C5            [11]  650 	push	bc
   0256 D5            [11]  651 	push	de
   0257 33            [ 6]  652 	inc	sp
   0258 DD 46 05      [19]  653 	ld	b, 5 (ix)
   025B C5            [11]  654 	push	bc
   025C CDr00r00      [17]  655 	call	_SMS_addSprite
   025F F1            [10]  656 	pop	af
   0260 33            [ 6]  657 	inc	sp
   0261 C1            [10]  658 	pop	bc
                            659 ;_sms_manager.c:123: SMS_addSprite( x + 0, y + 8, tile + 3 );
   0262 DD 66 06      [19]  660 	ld	h, 6 (ix)
   0265 24            [ 4]  661 	inc	h
   0266 24            [ 4]  662 	inc	h
   0267 24            [ 4]  663 	inc	h
   0268 DD 7E 05      [19]  664 	ld	a, 5 (ix)
   026B C6 08         [ 7]  665 	add	a, #0x08
   026D 57            [ 4]  666 	ld	d, a
   026E C5            [11]  667 	push	bc
   026F D5            [11]  668 	push	de
   0270 6A            [ 4]  669 	ld	l, d
   0271 E5            [11]  670 	push	hl
   0272 DD 7E 04      [19]  671 	ld	a, 4 (ix)
   0275 F5            [11]  672 	push	af
   0276 33            [ 6]  673 	inc	sp
   0277 CDr00r00      [17]  674 	call	_SMS_addSprite
   027A F1            [10]  675 	pop	af
   027B 33            [ 6]  676 	inc	sp
   027C D1            [10]  677 	pop	de
   027D C1            [10]  678 	pop	bc
                            679 ;_sms_manager.c:124: SMS_addSprite( x + 8, y + 8, tile + 4 );
   027E DD 7E 06      [19]  680 	ld	a, 6 (ix)
   0281 C6 04         [ 7]  681 	add	a, #0x04
   0283 C5            [11]  682 	push	bc
   0284 D5            [11]  683 	push	de
   0285 F5            [11]  684 	push	af
   0286 33            [ 6]  685 	inc	sp
   0287 58            [ 4]  686 	ld	e, b
   0288 D5            [11]  687 	push	de
   0289 CDr00r00      [17]  688 	call	_SMS_addSprite
   028C F1            [10]  689 	pop	af
   028D 33            [ 6]  690 	inc	sp
   028E D1            [10]  691 	pop	de
   028F C1            [10]  692 	pop	bc
                            693 ;_sms_manager.c:125: SMS_addSprite( x + 16, y + 8, tile + 5 );
   0290 DD 7E 06      [19]  694 	ld	a, 6 (ix)
   0293 C6 05         [ 7]  695 	add	a, #0x05
   0295 67            [ 4]  696 	ld	h, a
   0296 C5            [11]  697 	push	bc
   0297 6A            [ 4]  698 	ld	l, d
   0298 E5            [11]  699 	push	hl
   0299 79            [ 4]  700 	ld	a, c
   029A F5            [11]  701 	push	af
   029B 33            [ 6]  702 	inc	sp
   029C CDr00r00      [17]  703 	call	_SMS_addSprite
   029F F1            [10]  704 	pop	af
   02A0 33            [ 6]  705 	inc	sp
   02A1 C1            [10]  706 	pop	bc
                            707 ;_sms_manager.c:127: SMS_addSprite( x + 0, y + 16, tile + 6 );
   02A2 DD 7E 06      [19]  708 	ld	a, 6 (ix)
   02A5 C6 06         [ 7]  709 	add	a, #0x06
   02A7 67            [ 4]  710 	ld	h, a
   02A8 DD 7E 05      [19]  711 	ld	a, 5 (ix)
   02AB C6 10         [ 7]  712 	add	a, #0x10
   02AD 57            [ 4]  713 	ld	d, a
   02AE C5            [11]  714 	push	bc
   02AF D5            [11]  715 	push	de
   02B0 6A            [ 4]  716 	ld	l, d
   02B1 E5            [11]  717 	push	hl
   02B2 DD 7E 04      [19]  718 	ld	a, 4 (ix)
   02B5 F5            [11]  719 	push	af
   02B6 33            [ 6]  720 	inc	sp
   02B7 CDr00r00      [17]  721 	call	_SMS_addSprite
   02BA F1            [10]  722 	pop	af
   02BB 33            [ 6]  723 	inc	sp
   02BC D1            [10]  724 	pop	de
   02BD C1            [10]  725 	pop	bc
                            726 ;_sms_manager.c:128: SMS_addSprite( x + 8, y + 16, tile + 7 );
   02BE DD 7E 06      [19]  727 	ld	a, 6 (ix)
   02C1 C6 07         [ 7]  728 	add	a, #0x07
   02C3 67            [ 4]  729 	ld	h, a
   02C4 C5            [11]  730 	push	bc
   02C5 D5            [11]  731 	push	de
   02C6 6A            [ 4]  732 	ld	l, d
   02C7 E5            [11]  733 	push	hl
   02C8 C5            [11]  734 	push	bc
   02C9 33            [ 6]  735 	inc	sp
   02CA CDr00r00      [17]  736 	call	_SMS_addSprite
   02CD F1            [10]  737 	pop	af
   02CE 33            [ 6]  738 	inc	sp
   02CF D1            [10]  739 	pop	de
   02D0 C1            [10]  740 	pop	bc
                            741 ;_sms_manager.c:129: SMS_addSprite( x + 16, y + 16, tile + 8 );
   02D1 DD 7E 06      [19]  742 	ld	a, 6 (ix)
   02D4 C6 08         [ 7]  743 	add	a, #0x08
   02D6 67            [ 4]  744 	ld	h, a
   02D7 C5            [11]  745 	push	bc
   02D8 6A            [ 4]  746 	ld	l, d
   02D9 E5            [11]  747 	push	hl
   02DA 79            [ 4]  748 	ld	a, c
   02DB F5            [11]  749 	push	af
   02DC 33            [ 6]  750 	inc	sp
   02DD CDr00r00      [17]  751 	call	_SMS_addSprite
   02E0 F1            [10]  752 	pop	af
   02E1 33            [ 6]  753 	inc	sp
   02E2 C1            [10]  754 	pop	bc
                            755 ;_sms_manager.c:131: SMS_addSprite( x + 0, y + 24, tile + 9 );
   02E3 DD 7E 06      [19]  756 	ld	a, 6 (ix)
   02E6 C6 09         [ 7]  757 	add	a, #0x09
   02E8 67            [ 4]  758 	ld	h, a
   02E9 DD 7E 05      [19]  759 	ld	a, 5 (ix)
   02EC C6 18         [ 7]  760 	add	a, #0x18
   02EE 57            [ 4]  761 	ld	d, a
   02EF C5            [11]  762 	push	bc
   02F0 D5            [11]  763 	push	de
   02F1 6A            [ 4]  764 	ld	l, d
   02F2 E5            [11]  765 	push	hl
   02F3 DD 7E 04      [19]  766 	ld	a, 4 (ix)
   02F6 F5            [11]  767 	push	af
   02F7 33            [ 6]  768 	inc	sp
   02F8 CDr00r00      [17]  769 	call	_SMS_addSprite
   02FB F1            [10]  770 	pop	af
   02FC 33            [ 6]  771 	inc	sp
   02FD D1            [10]  772 	pop	de
   02FE C1            [10]  773 	pop	bc
                            774 ;_sms_manager.c:132: SMS_addSprite( x + 8, y + 24, tile + 10 );
   02FF DD 7E 06      [19]  775 	ld	a, 6 (ix)
   0302 C6 0A         [ 7]  776 	add	a, #0x0a
   0304 67            [ 4]  777 	ld	h, a
   0305 C5            [11]  778 	push	bc
   0306 D5            [11]  779 	push	de
   0307 6A            [ 4]  780 	ld	l, d
   0308 E5            [11]  781 	push	hl
   0309 C5            [11]  782 	push	bc
   030A 33            [ 6]  783 	inc	sp
   030B CDr00r00      [17]  784 	call	_SMS_addSprite
   030E F1            [10]  785 	pop	af
   030F 33            [ 6]  786 	inc	sp
   0310 D1            [10]  787 	pop	de
   0311 C1            [10]  788 	pop	bc
                            789 ;_sms_manager.c:133: SMS_addSprite( x + 16, y + 24, tile + 11 );
   0312 DD 7E 06      [19]  790 	ld	a, 6 (ix)
   0315 C6 0B         [ 7]  791 	add	a, #0x0b
   0317 47            [ 4]  792 	ld	b, a
   0318 C5            [11]  793 	push	bc
   0319 33            [ 6]  794 	inc	sp
   031A 59            [ 4]  795 	ld	e, c
   031B D5            [11]  796 	push	de
   031C CDr00r00      [17]  797 	call	_SMS_addSprite
   031F F1            [10]  798 	pop	af
   0320 33            [ 6]  799 	inc	sp
   0321 DD E1         [14]  800 	pop	ix
   0323 C9            [10]  801 	ret
                            802 ;_sms_manager.c:136: void devkit_SMS_initSprites()
                            803 ;	---------------------------------
                            804 ; Function devkit_SMS_initSprites
                            805 ; ---------------------------------
   0324                     806 _devkit_SMS_initSprites::
                            807 ;_sms_manager.c:138: SMS_initSprites();
   0324 C3r00r00      [10]  808 	jp  _SMS_initSprites
                            809 ;_sms_manager.c:140: void devkit_SMS_finalizeSprites()
                            810 ;	---------------------------------
                            811 ; Function devkit_SMS_finalizeSprites
                            812 ; ---------------------------------
   0327                     813 _devkit_SMS_finalizeSprites::
                            814 ;_sms_manager.c:142: SMS_finalizeSprites();
   0327 C3r00r00      [10]  815 	jp  _SMS_finalizeSprites
                            816 ;_sms_manager.c:144: void devkit_SMS_waitForVBlank()
                            817 ;	---------------------------------
                            818 ; Function devkit_SMS_waitForVBlank
                            819 ; ---------------------------------
   032A                     820 _devkit_SMS_waitForVBlank::
                            821 ;_sms_manager.c:146: SMS_waitForVBlank();
   032A C3r00r00      [10]  822 	jp  _SMS_waitForVBlank
                            823 ;_sms_manager.c:148: void devkit_SMS_copySpritestoSAT()
                            824 ;	---------------------------------
                            825 ; Function devkit_SMS_copySpritestoSAT
                            826 ; ---------------------------------
   032D                     827 _devkit_SMS_copySpritestoSAT::
                            828 ;_sms_manager.c:150: UNSAFE_SMS_copySpritestoSAT();
   032D C3r00r00      [10]  829 	jp  _UNSAFE_SMS_copySpritestoSAT
                            830 ;_sms_manager.c:152: void devkit_UNSAFE_SMS_copySpritestoSAT()
                            831 ;	---------------------------------
                            832 ; Function devkit_UNSAFE_SMS_copySpritestoSAT
                            833 ; ---------------------------------
   0330                     834 _devkit_UNSAFE_SMS_copySpritestoSAT::
                            835 ;_sms_manager.c:154: UNSAFE_SMS_copySpritestoSAT();
   0330 C3r00r00      [10]  836 	jp  _UNSAFE_SMS_copySpritestoSAT
                            837 ;_sms_manager.c:157: unsigned char devkit_SMS_queryPauseRequested()
                            838 ;	---------------------------------
                            839 ; Function devkit_SMS_queryPauseRequested
                            840 ; ---------------------------------
   0333                     841 _devkit_SMS_queryPauseRequested::
                            842 ;_sms_manager.c:159: return SMS_queryPauseRequested();
   0333 C3r00r00      [10]  843 	jp  _SMS_queryPauseRequested
                            844 ;_sms_manager.c:161: void devkit_SMS_resetPauseRequest()
                            845 ;	---------------------------------
                            846 ; Function devkit_SMS_resetPauseRequest
                            847 ; ---------------------------------
   0336                     848 _devkit_SMS_resetPauseRequest::
                            849 ;_sms_manager.c:163: SMS_resetPauseRequest();
   0336 C3r00r00      [10]  850 	jp  _SMS_resetPauseRequest
                            851 ;_sms_manager.c:167: unsigned int devkit_SMS_getKeysStatus()
                            852 ;	---------------------------------
                            853 ; Function devkit_SMS_getKeysStatus
                            854 ; ---------------------------------
   0339                     855 _devkit_SMS_getKeysStatus::
                            856 ;_sms_manager.c:169: return SMS_getKeysStatus();
   0339 C3r00r00      [10]  857 	jp  _SMS_getKeysStatus
                            858 ;_sms_manager.c:171: unsigned int devkit_SMS_getKeysPressed()
                            859 ;	---------------------------------
                            860 ; Function devkit_SMS_getKeysPressed
                            861 ; ---------------------------------
   033C                     862 _devkit_SMS_getKeysPressed::
                            863 ;_sms_manager.c:173: return SMS_getKeysPressed();
   033C C3r00r00      [10]  864 	jp  _SMS_getKeysPressed
                            865 ;_sms_manager.c:175: unsigned int devkit_SMS_getKeysHeld()
                            866 ;	---------------------------------
                            867 ; Function devkit_SMS_getKeysHeld
                            868 ; ---------------------------------
   033F                     869 _devkit_SMS_getKeysHeld::
                            870 ;_sms_manager.c:177: return SMS_getKeysHeld();
   033F C3r00r00      [10]  871 	jp  _SMS_getKeysHeld
                            872 ;_sms_manager.c:179: unsigned int devkit_SMS_getKeysReleased()
                            873 ;	---------------------------------
                            874 ; Function devkit_SMS_getKeysReleased
                            875 ; ---------------------------------
   0342                     876 _devkit_SMS_getKeysReleased::
                            877 ;_sms_manager.c:181: return SMS_getKeysReleased();
   0342 C3r00r00      [10]  878 	jp  _SMS_getKeysReleased
                            879 ;_sms_manager.c:184: unsigned int devkit_PORT_A_KEY_UP()
                            880 ;	---------------------------------
                            881 ; Function devkit_PORT_A_KEY_UP
                            882 ; ---------------------------------
   0345                     883 _devkit_PORT_A_KEY_UP::
                            884 ;_sms_manager.c:186: return PORT_A_KEY_UP;
   0345 21 01 00      [10]  885 	ld	hl, #0x0001
   0348 C9            [10]  886 	ret
                            887 ;_sms_manager.c:188: unsigned int devkit_PORT_A_KEY_DOWN()
                            888 ;	---------------------------------
                            889 ; Function devkit_PORT_A_KEY_DOWN
                            890 ; ---------------------------------
   0349                     891 _devkit_PORT_A_KEY_DOWN::
                            892 ;_sms_manager.c:190: return PORT_A_KEY_DOWN;
   0349 21 02 00      [10]  893 	ld	hl, #0x0002
   034C C9            [10]  894 	ret
                            895 ;_sms_manager.c:192: unsigned int devkit_PORT_A_KEY_LEFT()
                            896 ;	---------------------------------
                            897 ; Function devkit_PORT_A_KEY_LEFT
                            898 ; ---------------------------------
   034D                     899 _devkit_PORT_A_KEY_LEFT::
                            900 ;_sms_manager.c:194: return PORT_A_KEY_LEFT;
   034D 21 04 00      [10]  901 	ld	hl, #0x0004
   0350 C9            [10]  902 	ret
                            903 ;_sms_manager.c:196: unsigned int devkit_PORT_A_KEY_RIGHT()
                            904 ;	---------------------------------
                            905 ; Function devkit_PORT_A_KEY_RIGHT
                            906 ; ---------------------------------
   0351                     907 _devkit_PORT_A_KEY_RIGHT::
                            908 ;_sms_manager.c:198: return PORT_A_KEY_RIGHT;
   0351 21 08 00      [10]  909 	ld	hl, #0x0008
   0354 C9            [10]  910 	ret
                            911 ;_sms_manager.c:200: unsigned int devkit_PORT_A_KEY_1()
                            912 ;	---------------------------------
                            913 ; Function devkit_PORT_A_KEY_1
                            914 ; ---------------------------------
   0355                     915 _devkit_PORT_A_KEY_1::
                            916 ;_sms_manager.c:202: return PORT_A_KEY_1;
   0355 21 10 00      [10]  917 	ld	hl, #0x0010
   0358 C9            [10]  918 	ret
                            919 ;_sms_manager.c:204: unsigned int devkit_PORT_A_KEY_2()
                            920 ;	---------------------------------
                            921 ; Function devkit_PORT_A_KEY_2
                            922 ; ---------------------------------
   0359                     923 _devkit_PORT_A_KEY_2::
                            924 ;_sms_manager.c:206: return PORT_A_KEY_2;
   0359 21 20 00      [10]  925 	ld	hl, #0x0020
   035C C9            [10]  926 	ret
                            927 ;_sms_manager.c:210: void devkit_SMS_VRAMmemcpy( unsigned int dst, void *src, unsigned int size )
                            928 ;	---------------------------------
                            929 ; Function devkit_SMS_VRAMmemcpy
                            930 ; ---------------------------------
   035D                     931 _devkit_SMS_VRAMmemcpy::
                            932 ;_sms_manager.c:212: SMS_VRAMmemcpy( dst, src, size );
   035D 21 06 00      [10]  933 	ld	hl, #6
   0360 39            [11]  934 	add	hl, sp
   0361 4E            [ 7]  935 	ld	c, (hl)
   0362 23            [ 6]  936 	inc	hl
   0363 46            [ 7]  937 	ld	b, (hl)
   0364 C5            [11]  938 	push	bc
   0365 21 06 00      [10]  939 	ld	hl, #6
   0368 39            [11]  940 	add	hl, sp
   0369 4E            [ 7]  941 	ld	c, (hl)
   036A 23            [ 6]  942 	inc	hl
   036B 46            [ 7]  943 	ld	b, (hl)
   036C C5            [11]  944 	push	bc
   036D 21 06 00      [10]  945 	ld	hl, #6
   0370 39            [11]  946 	add	hl, sp
   0371 4E            [ 7]  947 	ld	c, (hl)
   0372 23            [ 6]  948 	inc	hl
   0373 46            [ 7]  949 	ld	b, (hl)
   0374 C5            [11]  950 	push	bc
   0375 CDr00r00      [17]  951 	call	_SMS_VRAMmemcpy
   0378 F1            [10]  952 	pop	af
   0379 F1            [10]  953 	pop	af
   037A F1            [10]  954 	pop	af
   037B C9            [10]  955 	ret
                            956 ;_sms_manager.c:214: void devkit_SMS_VRAMmemcpy_brief( unsigned int dst, void *src, unsigned char size )
                            957 ;	---------------------------------
                            958 ; Function devkit_SMS_VRAMmemcpy_brief
                            959 ; ---------------------------------
   037C                     960 _devkit_SMS_VRAMmemcpy_brief::
                            961 ;_sms_manager.c:216: SMS_VRAMmemcpy_brief( dst, src, size );
   037C 21 06 00      [10]  962 	ld	hl, #6+0
   037F 39            [11]  963 	add	hl, sp
   0380 7E            [ 7]  964 	ld	a, (hl)
   0381 F5            [11]  965 	push	af
   0382 33            [ 6]  966 	inc	sp
   0383 21 05 00      [10]  967 	ld	hl, #5
   0386 39            [11]  968 	add	hl, sp
   0387 4E            [ 7]  969 	ld	c, (hl)
   0388 23            [ 6]  970 	inc	hl
   0389 46            [ 7]  971 	ld	b, (hl)
   038A C5            [11]  972 	push	bc
   038B 21 05 00      [10]  973 	ld	hl, #5
   038E 39            [11]  974 	add	hl, sp
   038F 4E            [ 7]  975 	ld	c, (hl)
   0390 23            [ 6]  976 	inc	hl
   0391 46            [ 7]  977 	ld	b, (hl)
   0392 C5            [11]  978 	push	bc
   0393 CDr00r00      [17]  979 	call	_SMS_VRAMmemcpy_brief
   0396 F1            [10]  980 	pop	af
   0397 F1            [10]  981 	pop	af
   0398 33            [ 6]  982 	inc	sp
   0399 C9            [10]  983 	ret
                            984 ;_sms_manager.c:218: void devkit_SMS_VRAMmemset( unsigned int dst, unsigned char value, unsigned int size )
                            985 ;	---------------------------------
                            986 ; Function devkit_SMS_VRAMmemset
                            987 ; ---------------------------------
   039A                     988 _devkit_SMS_VRAMmemset::
                            989 ;_sms_manager.c:220: SMS_VRAMmemset( dst, value, size );
   039A 21 05 00      [10]  990 	ld	hl, #5
   039D 39            [11]  991 	add	hl, sp
   039E 4E            [ 7]  992 	ld	c, (hl)
   039F 23            [ 6]  993 	inc	hl
   03A0 46            [ 7]  994 	ld	b, (hl)
   03A1 C5            [11]  995 	push	bc
   03A2 21 06 00      [10]  996 	ld	hl, #6+0
   03A5 39            [11]  997 	add	hl, sp
   03A6 7E            [ 7]  998 	ld	a, (hl)
   03A7 F5            [11]  999 	push	af
   03A8 33            [ 6] 1000 	inc	sp
   03A9 21 05 00      [10] 1001 	ld	hl, #5
   03AC 39            [11] 1002 	add	hl, sp
   03AD 4E            [ 7] 1003 	ld	c, (hl)
   03AE 23            [ 6] 1004 	inc	hl
   03AF 46            [ 7] 1005 	ld	b, (hl)
   03B0 C5            [11] 1006 	push	bc
   03B1 CDr00r00      [17] 1007 	call	_SMS_VRAMmemset
   03B4 F1            [10] 1008 	pop	af
   03B5 F1            [10] 1009 	pop	af
   03B6 33            [ 6] 1010 	inc	sp
   03B7 C9            [10] 1011 	ret
                           1012 ;_sms_manager.c:222: void devkit_SMS_VRAMmemsetW( unsigned int dst, unsigned int value, unsigned int size )
                           1013 ;	---------------------------------
                           1014 ; Function devkit_SMS_VRAMmemsetW
                           1015 ; ---------------------------------
   03B8                    1016 _devkit_SMS_VRAMmemsetW::
                           1017 ;_sms_manager.c:224: SMS_VRAMmemsetW( dst, value, size );
   03B8 21 06 00      [10] 1018 	ld	hl, #6
   03BB 39            [11] 1019 	add	hl, sp
   03BC 4E            [ 7] 1020 	ld	c, (hl)
   03BD 23            [ 6] 1021 	inc	hl
   03BE 46            [ 7] 1022 	ld	b, (hl)
   03BF C5            [11] 1023 	push	bc
   03C0 21 06 00      [10] 1024 	ld	hl, #6
   03C3 39            [11] 1025 	add	hl, sp
   03C4 4E            [ 7] 1026 	ld	c, (hl)
   03C5 23            [ 6] 1027 	inc	hl
   03C6 46            [ 7] 1028 	ld	b, (hl)
   03C7 C5            [11] 1029 	push	bc
   03C8 21 06 00      [10] 1030 	ld	hl, #6
   03CB 39            [11] 1031 	add	hl, sp
   03CC 4E            [ 7] 1032 	ld	c, (hl)
   03CD 23            [ 6] 1033 	inc	hl
   03CE 46            [ 7] 1034 	ld	b, (hl)
   03CF C5            [11] 1035 	push	bc
   03D0 CDr00r00      [17] 1036 	call	_SMS_VRAMmemsetW
   03D3 F1            [10] 1037 	pop	af
   03D4 F1            [10] 1038 	pop	af
   03D5 F1            [10] 1039 	pop	af
   03D6 C9            [10] 1040 	ret
                           1041 ;_sms_manager.c:228: void devkit_SMS_setLineInterruptHandler( void( *theHandlerFunction )( void ) )
                           1042 ;	---------------------------------
                           1043 ; Function devkit_SMS_setLineInterruptHandler
                           1044 ; ---------------------------------
   03D7                    1045 _devkit_SMS_setLineInterruptHandler::
                           1046 ;_sms_manager.c:230: SMS_setLineInterruptHandler( theHandlerFunction );
   03D7 D1            [10] 1047 	pop	de
   03D8 C1            [10] 1048 	pop	bc
   03D9 C5            [11] 1049 	push	bc
   03DA D5            [11] 1050 	push	de
   03DB C5            [11] 1051 	push	bc
   03DC CDr00r00      [17] 1052 	call	_SMS_setLineInterruptHandler
   03DF F1            [10] 1053 	pop	af
   03E0 C9            [10] 1054 	ret
                           1055 ;_sms_manager.c:232: void devkit_SMS_setLineCounter( unsigned char count )
                           1056 ;	---------------------------------
                           1057 ; Function devkit_SMS_setLineCounter
                           1058 ; ---------------------------------
   03E1                    1059 _devkit_SMS_setLineCounter::
                           1060 ;_sms_manager.c:234: SMS_setLineCounter( count );
   03E1 21 02 00      [10] 1061 	ld	hl, #2+0
   03E4 39            [11] 1062 	add	hl, sp
   03E5 7E            [ 7] 1063 	ld	a, (hl)
   03E6 F5            [11] 1064 	push	af
   03E7 33            [ 6] 1065 	inc	sp
   03E8 CDr00r00      [17] 1066 	call	_SMS_setLineCounter
   03EB 33            [ 6] 1067 	inc	sp
   03EC C9            [10] 1068 	ret
                           1069 ;_sms_manager.c:236: void devkit_SMS_enableLineInterrupt()
                           1070 ;	---------------------------------
                           1071 ; Function devkit_SMS_enableLineInterrupt
                           1072 ; ---------------------------------
   03ED                    1073 _devkit_SMS_enableLineInterrupt::
                           1074 ;_sms_manager.c:238: SMS_enableLineInterrupt();
   03ED 21 10 00      [10] 1075 	ld	hl, #0x0010
   03F0 C3r00r00      [10] 1076 	jp  _SMS_VDPturnOnFeature
                           1077 ;_sms_manager.c:240: void devkit_SMS_disableLineInterrupt()
                           1078 ;	---------------------------------
                           1079 ; Function devkit_SMS_disableLineInterrupt
                           1080 ; ---------------------------------
   03F3                    1081 _devkit_SMS_disableLineInterrupt::
                           1082 ;_sms_manager.c:242: SMS_disableLineInterrupt();
   03F3 21 10 00      [10] 1083 	ld	hl, #0x0010
   03F6 C3r00r00      [10] 1084 	jp  _SMS_VDPturnOffFeature
                           1085 ;_sms_manager.c:246: unsigned int devkit_VDPFEATURE_HIDEFIRSTCOL()
                           1086 ;	---------------------------------
                           1087 ; Function devkit_VDPFEATURE_HIDEFIRSTCOL
                           1088 ; ---------------------------------
   03F9                    1089 _devkit_VDPFEATURE_HIDEFIRSTCOL::
                           1090 ;_sms_manager.c:248: return VDPFEATURE_HIDEFIRSTCOL;
   03F9 21 20 00      [10] 1091 	ld	hl, #0x0020
   03FC C9            [10] 1092 	ret
                           1093 ;_sms_manager.c:250: unsigned int devkit_VDPFEATURE_LEFTCOLBLANK()
                           1094 ;	---------------------------------
                           1095 ; Function devkit_VDPFEATURE_LEFTCOLBLANK
                           1096 ; ---------------------------------
   03FD                    1097 _devkit_VDPFEATURE_LEFTCOLBLANK::
                           1098 ;_sms_manager.c:252: return VDPFEATURE_LEFTCOLBLANK;
   03FD 21 20 00      [10] 1099 	ld	hl, #0x0020
   0400 C9            [10] 1100 	ret
                           1101 ;_sms_manager.c:254: unsigned char devkit_SPRITEMODE_NORMAL()
                           1102 ;	---------------------------------
                           1103 ; Function devkit_SPRITEMODE_NORMAL
                           1104 ; ---------------------------------
   0401                    1105 _devkit_SPRITEMODE_NORMAL::
                           1106 ;_sms_manager.c:256: return SPRITEMODE_NORMAL;
   0401 2E 00         [ 7] 1107 	ld	l, #0x00
   0403 C9            [10] 1108 	ret
                           1109 	.area _CODE
   0404                    1110 __str_0:
   0404 53 74 65 76 65 6E  1111 	.ascii "Steven Boland"
        20 42 6F 6C 61 6E
        64
   0411 00                 1112 	.db 0x00
   0412                    1113 __str_1:
   0412 41 73 74 72 6F 46  1114 	.ascii "AstroForce"
        6F 72 63 65
   041C 00                 1115 	.db 0x00
   041D                    1116 __str_2:
   041D 43 6F 6E 76 65 72  1117 	.ascii "Convert example as scalable SMS project"
        74 20 65 78 61 6D
        70 6C 65 20 61 73
        20 73 63 61 6C 61
        62 6C 65 20 53 4D
        53 20 70 72 6F 6A
        65 63 74
   0444 00                 1118 	.db 0x00
                           1119 	.area _INITIALIZER
                           1120 	.area _CABS (ABS)
   7FF0                    1121 	.org 0x7FF0
   7FF0                    1122 ___SMS__SEGA_signature:
   7FF0 54                 1123 	.db #0x54	; 84	'T'
   7FF1 4D                 1124 	.db #0x4d	; 77	'M'
   7FF2 52                 1125 	.db #0x52	; 82	'R'
   7FF3 20                 1126 	.db #0x20	; 32
   7FF4 53                 1127 	.db #0x53	; 83	'S'
   7FF5 45                 1128 	.db #0x45	; 69	'E'
   7FF6 47                 1129 	.db #0x47	; 71	'G'
   7FF7 41                 1130 	.db #0x41	; 65	'A'
   7FF8 FF                 1131 	.db #0xff	; 255
   7FF9 FF                 1132 	.db #0xff	; 255
   7FFA FF                 1133 	.db #0xff	; 255
   7FFB FF                 1134 	.db #0xff	; 255
   7FFC 99                 1135 	.db #0x99	; 153
   7FFD 99                 1136 	.db #0x99	; 153
   7FFE 00                 1137 	.db #0x00	; 0
   7FFF 4C                 1138 	.db #0x4c	; 76	'L'
   7FD2                    1139 	.org 0x7FD2
   7FD2                    1140 ___SMS__SDSC_author:
   7FD2 53 74 65 76 65 6E  1141 	.ascii "Steven Boland"
        20 42 6F 6C 61 6E
        64
   7FDF 00                 1142 	.db 0x00
   7FC7                    1143 	.org 0x7FC7
   7FC7                    1144 ___SMS__SDSC_name:
   7FC7 41 73 74 72 6F 46  1145 	.ascii "AstroForce"
        6F 72 63 65
   7FD1 00                 1146 	.db 0x00
   7F9F                    1147 	.org 0x7F9F
   7F9F                    1148 ___SMS__SDSC_descr:
   7F9F 43 6F 6E 76 65 72  1149 	.ascii "Convert example as scalable SMS project"
        74 20 65 78 61 6D
        70 6C 65 20 61 73
        20 73 63 61 6C 61
        62 6C 65 20 53 4D
        53 20 70 72 6F 6A
        65 63 74
   7FC6 00                 1150 	.db 0x00
   7FE0                    1151 	.org 0x7FE0
   7FE0                    1152 ___SMS__SDSC_signature:
   7FE0 53                 1153 	.db #0x53	; 83	'S'
   7FE1 44                 1154 	.db #0x44	; 68	'D'
   7FE2 53                 1155 	.db #0x53	; 83	'S'
   7FE3 43                 1156 	.db #0x43	; 67	'C'
   7FE4 01                 1157 	.db #0x01	; 1
   7FE5 00                 1158 	.db #0x00	; 0
   7FE6 04                 1159 	.db #0x04	; 4
   7FE7 04                 1160 	.db #0x04	; 4
   7FE8 20                 1161 	.db #0x20	; 32
   7FE9 20                 1162 	.db #0x20	; 32
   7FEA D2                 1163 	.db #0xd2	; 210
   7FEB 7F                 1164 	.db #0x7f	; 127
   7FEC C7                 1165 	.db #0xc7	; 199
   7FED 7F                 1166 	.db #0x7f	; 127
   7FEE 9F                 1167 	.db #0x9f	; 159
   7FEF 7F                 1168 	.db #0x7f	; 127
